============================================================
  Generated by:           Genus(TM) Synthesis Solution 19.10-p002_1
  Generated on:           Jun 03 2020  11:41:37 am
  Module:                 CHIP
  Operating conditions:   slow 
  Interconnect mode:      global
  Area mode:              physical library
============================================================

No paths found


============================================================
  Generated by:           Genus(TM) Synthesis Solution 19.10-p002_1
  Generated on:           Jun 03 2020  11:41:37 am
  Module:                 CHIP
  Operating conditions:   slow 
  Interconnect mode:      global
  Area mode:              physical library
============================================================


Path 1: MET (46324 ps) Setup Check with Pin u_IDCT/tposemem/Bisted_RF_2P_ADV64x16/RF_2P_ADV64x16_u0/SRAM_i0/CLKB->DB[15]
           Mode: scan_mode
          Group: C2C_scan_mode
     Startpoint: (R) d_DoDCT_reg/clk
          Clock: (R) CLK1
       Endpoint: (F) u_IDCT/tposemem/Bisted_RF_2P_ADV64x16/RF_2P_ADV64x16_u0/SRAM_i0/DB[15]
          Clock: (F) CLK1

                     Capture       Launch     
        Clock Edge:+   50000            0     
       Src Latency:+       0            0     
       Net Latency:+    2000 (I)     2000 (I) 
           Arrival:=   52000         2000     
                                              
             Setup:-     223                  
       Uncertainty:-     500                  
     Required Time:=   51277                  
      Launch Clock:-    2000                  
         Data Path:-    2953                  
             Slack:=   46324                  

#--------------------------------------------------------------------------------------------------------------------------------------------------------
#                             Timing Point                               Flags     Arc    Edge      Cell        Fanout Load Trans Delay Arrival Instance 
#                                                                                                                      (fF)  (ps)  (ps)   (ps)  Location 
#--------------------------------------------------------------------------------------------------------------------------------------------------------
  d_DoDCT_reg/clk                                                        -       -        R     (arrival)         3520    -     0     -    2000    (-,-) 
  d_DoDCT_reg/q                                                          (u)     clk->q   R     unmapped_d_flop    102 45.1     0   506    2506    (-,-) 
  g10/z                                                                  (u)     in_0->z  F     unmapped_not       101 41.8     0   161    2668    (-,-) 
  u_IDCT/IDRU8/g177/z                                                    (u)     in_0->z  R     unmapped_not        76 36.9     0   151    2818    (-,-) 
  u_IDCT/IDRU8/mux_29_41/g2/z                                            (u)     sel0->z  F     unmapped_bmux3       2  7.6     0   137    2956    (-,-) 
  u_IDCT/IDRU8/g179/z                                                    (u)     in_0->z  R     unmapped_not         2  8.2     0    54    3009    (-,-) 
  u_IDCT/IDRU8/g168/z                                                    (u)     in_1->z  F     unmapped_nand2       1  3.8     0    60    3069    (-,-) 
  u_IDCT/IDRU8/g169/z                                                    (u)     in_0->z  R     unmapped_not        18 73.8     0   130    3199    (-,-) 
  u_IDCT/IDRU8/mux_71_50/g17/z                                           (u)     sel0->z  R     unmapped_bmux3       1  4.1     0   122    3321    (-,-) 
  u_IDCT/IDRU8/mux_70_50/g17/z                                           (u)     data0->z R     unmapped_bmux3       1  4.1     0   122    3443    (-,-) 
  u_IDCT/IDRU8/mux_69_50/g17/z                                           (u)     data0->z R     unmapped_bmux3       4 16.4     0   166    3608    (-,-) 
  u_IDCT/IDRU8/add_86_45/g6/z                                            (u)     in_0->z  F     unmapped_nor2        1  3.8     0    60    3668    (-,-) 
  u_IDCT/IDRU8/add_86_45/g40/z                                           (u)     in_0->z  R     unmapped_not         2  8.2     0    54    3722    (-,-) 
  u_IDCT/IDRU8/add_86_45/g41/z                                           (u)     in_1->z  F     unmapped_nand2       1  3.8     0    60    3782    (-,-) 
  u_IDCT/IDRU8/add_86_45/g42/z                                           (u)     in_1->z  R     unmapped_nand2       3 12.3     0    90    3872    (-,-) 
  u_IDCT/IDRU8/add_86_45/g78/z                                           (u)     in_1->z  F     unmapped_nand2       1  3.8     0    60    3932    (-,-) 
  u_IDCT/IDRU8/add_86_45/g79/z                                           (u)     in_1->z  R     unmapped_nand2       5 20.5     0   111    4043    (-,-) 
  u_IDCT/IDRU8/add_86_45/g119/z                                          (u)     in_0->z  F     unmapped_nand2       1  3.8     0    60    4103    (-,-) 
  u_IDCT/IDRU8/add_86_45/g120/z                                          (u)     in_1->z  R     unmapped_nand2       9 36.9     0   122    4226    (-,-) 
  u_IDCT/IDRU8/add_86_45/g155/z                                          (u)     in_1->z  F     unmapped_nand2       1  3.8     0    60    4286    (-,-) 
  u_IDCT/IDRU8/add_86_45/g156/z                                          (u)     in_1->z  R     unmapped_nand2       2  8.2     0    76    4362    (-,-) 
  u_IDCT/IDRU8/add_86_45/g158/z                                          (u)     in_0->z  F     unmapped_nand2       1  3.8     0    60    4422    (-,-) 
  u_IDCT/IDRU8/add_86_45/g159/z                                          (u)     in_1->z  R     unmapped_nand2       1  4.1     0    60    4482    (-,-) 
  u_IDCT/IDRU8/add_86_45/g204/z                                          (u)     in_0->z  F     unmapped_xnor2       1  3.8     0   122    4604    (-,-) 
  u_IDCT/IDRU8/mux_89_39/g1/z                                            (u)     data0->z F     unmapped_bmux3       1  3.8     0   122    4726    (-,-) 
  u_IDCT/IDRU8/mux_112_29/g1/z                                           (u)     data1->z F     unmapped_bmux3       1  3.8     0   122    4847    (-,-) 
  u_IDCT/tposemem/Bisted_RF_2P_ADV64x16/RF_2P_ADV64x16_u0/mux_46_19/g1/z (u)     data0->z F     unmapped_bmux3       1  2.6     0   106    4953    (-,-) 
  u_IDCT/tposemem/Bisted_RF_2P_ADV64x16/RF_2P_ADV64x16_u0/SRAM_i0/DB[15] (P)     -        F     rf_2p_hse            1    -     -     0    4953    (-,-) 
#--------------------------------------------------------------------------------------------------------------------------------------------------------

(P) : Instance is preserved
(u) : Net has unmapped pin(s).


