============================================================
  Generated by:           Genus(TM) Synthesis Solution 19.10-p002_1
  Generated on:           Jun 03 2020  11:41:37 am
  Module:                 CHIP
  Operating conditions:   slow 
  Interconnect mode:      global
  Area mode:              physical library
============================================================

No paths found


============================================================
  Generated by:           Genus(TM) Synthesis Solution 19.10-p002_1
  Generated on:           Jun 03 2020  11:41:37 am
  Module:                 CHIP
  Operating conditions:   slow 
  Interconnect mode:      global
  Area mode:              physical library
============================================================


Path 1: MET (96204 ps) Late External Delay Assertion at pin Z[0]
           Mode: scan_mode
          Group: C2O_scan_mode
     Startpoint: (R) u_IDCT/Z_reg[0]/clk
          Clock: (R) CLK1
       Endpoint: (R) Z[0]
          Clock: (R) CLK1

                     Capture       Launch     
        Clock Edge:+  100000            0     
       Src Latency:+       0            0     
       Net Latency:+    2000 (I)     2000 (I) 
           Arrival:=  102000         2000     
                                              
      Output Delay:-    3000                  
       Uncertainty:-     500                  
     Required Time:=   98500                  
      Launch Clock:-    2000                  
         Data Path:-     296                  
             Slack:=   96204                  

Exceptions/Constraints:
  output_delay             3000            CHIP_scan.sdc_line_12_56_1 

#----------------------------------------------------------------------------------------------------
#    Timing Point     Flags    Arc   Edge      Cell        Fanout  Load Trans Delay Arrival Instance 
#                                                                  (fF)  (ps)  (ps)   (ps)  Location 
#----------------------------------------------------------------------------------------------------
  u_IDCT/Z_reg[0]/clk -       -      R     (arrival)         3520     -     0     -    2000    (-,-) 
  u_IDCT/Z_reg[0]/q   (u)     clk->q R     unmapped_d_flop      1 101.3     0   492    2492    (-,-) 
  opad_Z0/PAD         (P)     I->PAD R     PADOUT               1  20.0     0  -196    2296    (-,-) 
  Z[0]                -       -      R     (port)               -     -     -     0    2296    (-,-) 
#----------------------------------------------------------------------------------------------------

(P) : Instance is preserved
(u) : Net has unmapped pin(s).


