============================================================
  Generated by:           Genus(TM) Synthesis Solution 19.10-p002_1
  Generated on:           Jun 03 2020  11:41:36 am
  Module:                 CHIP
  Operating conditions:   slow 
  Interconnect mode:      global
  Area mode:              physical library
============================================================


Path 1: VIOLATED (-7020 ps) Setup Check with Pin IDCT_RESET__reg/clk->d
           Mode: func_mode
          Group: I2C_func_mode
     Startpoint: (R) RESET_
          Clock: (R) CLK1
       Endpoint: (R) IDCT_RESET__reg/d
          Clock: (R) CLK1

                     Capture       Launch     
        Clock Edge:+    8000            0     
        Drv Adjust:+       0        10000     
       Src Latency:+       0            0     
       Net Latency:+    2000 (I)     2000 (I) 
           Arrival:=   10000        12000     
                                              
             Setup:-     202                  
       Uncertainty:-     500                  
     Required Time:=    9298                  
      Launch Clock:-   12000                  
       Input Delay:-    3000                  
         Data Path:-    1318                  
             Slack:=   -7020                  

Exceptions/Constraints:
  input_delay             3000            CHIP_func.sdc_line_11_1_1 

#--------------------------------------------------------------------------------------------------
#   Timing Point    Flags    Arc   Edge      Cell        Fanout  Load Trans Delay Arrival Instance 
#                                                                (fF)  (ps)  (ps)   (ps)  Location 
#--------------------------------------------------------------------------------------------------
  RESET_            -       -      R     (arrival)            1 100.0 10000     0   15000    (-,-) 
  ipad_RESET_/C     (u,P)   PAD->C R     PADIN                3 112.3   124  1318   16318    (-,-) 
  IDCT_RESET__reg/d -       -      R     unmapped_d_flop      3     -     -     0   16318    (-,-) 
#--------------------------------------------------------------------------------------------------

(P) : Instance is preserved
(u) : Net has unmapped pin(s).


============================================================
  Generated by:           Genus(TM) Synthesis Solution 19.10-p002_1
  Generated on:           Jun 03 2020  11:41:36 am
  Module:                 CHIP
  Operating conditions:   slow 
  Interconnect mode:      global
  Area mode:              physical library
============================================================

No paths found


