###############################################################
#  Generated by:      Cadence Innovus 21.13-s100_1
#  OS:                Linux x86_64(Host ID f453_server)
#  Generated on:      Fri May 12 11:33:59 2023
#  Design:            CHIP
#  Command:           checkDesign -io -netlist -physicalLibrary -powerGround -tieHilo -timingLibrary -spef -outdir checkDesign
###############################################################
Design: CHIP

------ Design Summary:
Total Standard Cell Number   (cells) : 10759
Total Block Cell Number      (cells) : 2
Total I/O Pad Cell Number    (cells) : 56
Total Standard Cell Area     ( um^2) : 33786.52
Total Block Cell Area        ( um^2) : 7337.36
Total I/O Pad Cell Area      ( um^2) : 462744.24

------ Design Statistics:

Number of Instances            : 10817
Number of Non-uniquified Insts : 10806
Number of Nets                 : 17172
Average number of Pins per Net : 2.79
Maximum number of Pins in Net  : 3285

------ I/O Port summary

Number of Primary I/O Ports    : 31
Number of Input Ports          : 19
Number of Output Ports         : 12
Number of Bidirectional Ports  : 0
Number of Power/Ground Ports   : 0



------------------------------------------------------------
Detail report:


------ I/O Pad/Port Checking


------ Primitive Pins DRC Checking

**WARN: Instance 'u_DCT/IDRU8/add_86_45_g659__6877' has multiple input pins tied together to net 'u_DCT/IDRU8/add_86_45_n_491'.
**WARN: Instance 'u_DCT/acf/mult_a_mixed_mult_1_12_g7457' has multiple input pins tied together to net 'u_DCT/acf/mult_a_mixed_mult_1_12_n_375'.
**WARN: Instance 'u_DCT/acf/mult_a_mixed_mult_1_12_g7468' has multiple input pins tied together to net 'u_DCT/acf/mult_a_mixed_mult_1_12_n_349'.
**WARN: Instance 'u_DCT/bdeg/mult_g_mixed_mult_1_12/g34765' has multiple input pins tied together to net 'u_DCT/bdeg/mult_g_n_62'.
**WARN: Instance 'u_IDCT/acf/mult_a_mixed_mult_1_12_g7457' has multiple input pins tied together to net 'u_IDCT/acf/mult_a_mixed_mult_1_12_n_375'.
**WARN: Instance 'u_IDCT/acf/mult_a_mixed_mult_1_12_g7468' has multiple input pins tied together to net 'u_IDCT/acf/mult_a_mixed_mult_1_12_n_349'.
**WARN: Instance 'u_IDCT/bdeg/mult_g_mixed_mult_1_12/g34765' has multiple input pins tied together to net 'u_IDCT/bdeg/mult_g_n_62'.

------ Primitive Net DRC Check

WARNING : Net u_IDCT/bdeg/mult_e_mixed_mult_1_12/UNCONNECTED41 has no FanOut pin
WARNING : Net u_IDCT/bdeg/mult_e_mixed_mult_1_12/UNCONNECTED40 has no FanOut pin
WARNING : Net u_IDCT/bdeg/mult_d_mixed_mult_1_12/UNCONNECTED39 has no FanOut pin
WARNING : Net u_IDCT/bdeg/mult_d_mixed_mult_1_12/UNCONNECTED38 has no FanOut pin
WARNING : Net u_IDCT/bdeg/UNCONNECTED_HIER_Z146 has no FanOut pin
WARNING : Net u_IDCT/bdeg/UNCONNECTED_HIER_Z145 has no FanOut pin
WARNING : Net u_IDCT/bdeg/UNCONNECTED_HIER_Z144 has no FanOut pin
WARNING : Net u_IDCT/bdeg/UNCONNECTED_HIER_Z143 has no FanOut pin
WARNING : Net u_IDCT/bdeg/UNCONNECTED_HIER_Z142 has no FanOut pin
WARNING : Net u_IDCT/bdeg/UNCONNECTED_HIER_Z141 has no FanOut pin
WARNING : Net u_IDCT/bdeg/UNCONNECTED_HIER_Z140 has no FanOut pin
WARNING : Net u_IDCT/bdeg/UNCONNECTED_HIER_Z139 has no FanOut pin
WARNING : Net u_IDCT/bdeg/UNCONNECTED_HIER_Z138 has no FanOut pin
WARNING : Net u_IDCT/bdeg/UNCONNECTED_HIER_Z137 has no FanOut pin
WARNING : Net u_IDCT/bdeg/UNCONNECTED_HIER_Z136 has no FanOut pin
WARNING : Net u_IDCT/bdeg/UNCONNECTED_HIER_Z135 has no FanOut pin
WARNING : Net u_IDCT/bdeg/UNCONNECTED_HIER_Z134 has no FanOut pin
WARNING : Net u_IDCT/bdeg/UNCONNECTED_HIER_Z133 has no FanOut pin
WARNING : Net u_IDCT/bdeg/UNCONNECTED_HIER_Z132 has no FanOut pin
WARNING : Net u_IDCT/bdeg/UNCONNECTED_HIER_Z131 has no FanOut pin
WARNING : Net u_IDCT/bdeg/UNCONNECTED_HIER_Z130 has no FanOut pin
WARNING : Net u_IDCT/bdeg/UNCONNECTED_HIER_Z129 has no FanOut pin
WARNING : Net u_IDCT/bdeg/UNCONNECTED_HIER_Z128 has no FanOut pin
WARNING : Net u_IDCT/bdeg/UNCONNECTED_HIER_Z127 has no FanOut pin
WARNING : Net u_IDCT/bdeg/UNCONNECTED_HIER_Z126 has no FanOut pin
WARNING : Net u_IDCT/bdeg/UNCONNECTED_HIER_Z125 has no FanOut pin
WARNING : Net u_IDCT/bdeg/UNCONNECTED_HIER_Z124 has no FanOut pin
WARNING : Net u_IDCT/bdeg/UNCONNECTED_HIER_Z123 has no FanOut pin
WARNING : Net u_IDCT/bdeg/UNCONNECTED_HIER_Z122 has no FanOut pin
WARNING : Net u_IDCT/bdeg/UNCONNECTED_HIER_Z121 has no FanOut pin
WARNING : Net u_IDCT/bdeg/UNCONNECTED_HIER_Z120 has no FanOut pin
WARNING : Net u_IDCT/bdeg/UNCONNECTED_HIER_Z119 has no FanOut pin
WARNING : Net u_IDCT/bdeg/UNCONNECTED_HIER_Z118 has no FanOut pin
WARNING : Net u_IDCT/bdeg/UNCONNECTED_HIER_Z117 has no FanOut pin
WARNING : Net u_IDCT/bdeg/UNCONNECTED_HIER_Z116 has no FanOut pin
WARNING : Net u_IDCT/bdeg/UNCONNECTED_HIER_Z115 has no FanOut pin
WARNING : Net u_IDCT/bdeg/UNCONNECTED_HIER_Z114 has no FanOut pin
WARNING : Net u_IDCT/bdeg/UNCONNECTED_HIER_Z113 has no FanOut pin
WARNING : Net u_IDCT/bdeg/UNCONNECTED_HIER_Z112 has no FanOut pin
WARNING : Net u_IDCT/bdeg/UNCONNECTED_HIER_Z111 has no FanOut pin
WARNING : Net u_IDCT/bdeg/UNCONNECTED_HIER_Z110 has no FanOut pin
WARNING : Net u_IDCT/bdeg/UNCONNECTED_HIER_Z109 has no FanOut pin
WARNING : Net u_IDCT/bdeg/UNCONNECTED_HIER_Z108 has no FanOut pin
WARNING : Net u_IDCT/bdeg/UNCONNECTED_HIER_Z107 has no FanOut pin
WARNING : Net u_IDCT/bdeg/UNCONNECTED_HIER_Z106 has no FanOut pin
WARNING : Net u_IDCT/bdeg/UNCONNECTED_HIER_Z105 has no FanOut pin
WARNING : Net u_IDCT/bdeg/UNCONNECTED_HIER_Z104 has no FanOut pin
WARNING : Net u_IDCT/bdeg/UNCONNECTED_HIER_Z103 has no FanOut pin
WARNING : Net u_IDCT/bdeg/UNCONNECTED_HIER_Z102 has no FanOut pin
WARNING : Net u_IDCT/bdeg/UNCONNECTED_HIER_Z101 has no FanOut pin
WARNING : Net u_IDCT/bdeg/UNCONNECTED_HIER_Z100 has no FanOut pin
WARNING : Net u_IDCT/bdeg/UNCONNECTED_HIER_Z99 has no FanOut pin
WARNING : Net u_IDCT/bdeg/UNCONNECTED_HIER_Z98 has no FanOut pin
WARNING : Net u_IDCT/bdeg/UNCONNECTED_HIER_Z97 has no FanOut pin
WARNING : Net u_IDCT/bdeg/UNCONNECTED_HIER_Z96 has no FanOut pin
WARNING : Net u_IDCT/bdeg/UNCONNECTED_HIER_Z95 has no FanOut pin
WARNING : Net u_IDCT/bdeg/UNCONNECTED_HIER_Z94 has no FanOut pin
WARNING : Net u_IDCT/bdeg/UNCONNECTED_HIER_Z93 has no FanOut pin
WARNING : Net u_IDCT/bdeg/UNCONNECTED_HIER_Z92 has no FanOut pin
WARNING : Net u_IDCT/bdeg/UNCONNECTED_HIER_Z91 has no FanOut pin
WARNING : Net u_IDCT/bdeg/UNCONNECTED_HIER_Z90 has no FanOut pin
WARNING : Net u_IDCT/bdeg/UNCONNECTED_HIER_Z89 has no FanOut pin
WARNING : Net u_IDCT/bdeg/UNCONNECTED42 has no FanOut pin
WARNING : Net u_IDCT/bdeg/mult_g_Z1[1] has no FanOut pin
WARNING : Net u_IDCT/bdeg/mult_g_Z1[2] has no FanOut pin
WARNING : Net u_IDCT/bdeg/mult_g_Z1[3] has no FanOut pin
WARNING : Net u_IDCT/bdeg/mult_g_Z1[4] has no FanOut pin
WARNING : Net u_IDCT/bdeg/mult_g_Z1[5] has no FanOut pin
WARNING : Net u_IDCT/bdeg/mult_g_Z1[6] has no FanOut pin
WARNING : Net u_IDCT/bdeg/mult_g_Z1[7] has no FanOut pin
WARNING : Net u_IDCT/bdeg/mult_g_Z1[8] has no FanOut pin
WARNING : Net u_IDCT/bdeg/mult_g_Z1[29] has no FanOut pin
WARNING : Net u_IDCT/bdeg/mult_e_Z1[0] has no FanOut pin
WARNING : Net u_IDCT/bdeg/mult_e_Z1[1] has no FanOut pin
WARNING : Net u_IDCT/bdeg/mult_e_Z1[2] has no FanOut pin
WARNING : Net u_IDCT/bdeg/mult_e_Z1[3] has no FanOut pin
WARNING : Net u_IDCT/bdeg/mult_e_Z1[4] has no FanOut pin
WARNING : Net u_IDCT/bdeg/mult_e_Z1[5] has no FanOut pin
WARNING : Net u_IDCT/bdeg/mult_e_Z1[6] has no FanOut pin
WARNING : Net u_IDCT/bdeg/mult_e_Z1[7] has no FanOut pin
WARNING : Net u_IDCT/bdeg/mult_e_Z1[8] has no FanOut pin
WARNING : Net u_IDCT/bdeg/mult_e_Z1[9] has no FanOut pin
WARNING : Net u_IDCT/bdeg/mult_e_Z1[30] has no FanOut pin
WARNING : Net u_IDCT/bdeg/mult_d_Z1[1] has no FanOut pin
WARNING : Net u_IDCT/bdeg/mult_d_Z1[2] has no FanOut pin
WARNING : Net u_IDCT/bdeg/mult_d_Z1[3] has no FanOut pin
WARNING : Net u_IDCT/bdeg/mult_d_Z1[4] has no FanOut pin
WARNING : Net u_IDCT/bdeg/mult_d_Z1[5] has no FanOut pin
WARNING : Net u_IDCT/bdeg/mult_d_Z1[6] has no FanOut pin
WARNING : Net u_IDCT/bdeg/mult_d_Z1[7] has no FanOut pin
WARNING : Net u_IDCT/bdeg/mult_d_Z1[8] has no FanOut pin
WARNING : Net u_IDCT/bdeg/mult_d_Z1[9] has no FanOut pin
WARNING : Net u_IDCT/bdeg/mult_d_Z1[30] has no FanOut pin
WARNING : Net u_IDCT/bdeg/mult_b_Z1[4] has no FanOut pin
WARNING : Net u_IDCT/bdeg/mult_b_Z1[5] has no FanOut pin
WARNING : Net u_IDCT/bdeg/mult_b_Z1[6] has no FanOut pin
WARNING : Net u_IDCT/bdeg/mult_b_Z1[7] has no FanOut pin
WARNING : Net u_IDCT/bdeg/mult_b_Z1[8] has no FanOut pin
WARNING : Net u_IDCT/bdeg/mult_b_Z1[29] has no FanOut pin
WARNING : Net u_IDCT/bdeg/multbout[0] has no FanOut pin
WARNING : Net u_IDCT/bdeg/multbout[1] has no FanOut pin
WARNING : Net u_IDCT/bdeg/multbout[2] has no FanOut pin
WARNING : Net u_IDCT/bdeg/multbout[3] has no FanOut pin
WARNING : Net u_IDCT/bdeg/multbout[4] has no FanOut pin
WARNING : Net u_IDCT/bdeg/multbout[5] has no FanOut pin
WARNING : Net u_IDCT/bdeg/multbout[6] has no FanOut pin
WARNING : Net u_IDCT/bdeg/multbout[7] has no FanOut pin
WARNING : Net u_IDCT/bdeg/multbout[8] has no FanOut pin
WARNING : Net u_IDCT/bdeg/multeout[0] has no FanOut pin
WARNING : Net u_IDCT/bdeg/multeout[1] has no FanOut pin
WARNING : Net u_IDCT/bdeg/multeout[2] has no FanOut pin
WARNING : Net u_IDCT/bdeg/multeout[3] has no FanOut pin
WARNING : Net u_IDCT/bdeg/multeout[4] has no FanOut pin
WARNING : Net u_IDCT/bdeg/multeout[5] has no FanOut pin
WARNING : Net u_IDCT/bdeg/multeout[6] has no FanOut pin
WARNING : Net u_IDCT/bdeg/multeout[7] has no FanOut pin
WARNING : Net u_IDCT/bdeg/multeout[8] has no FanOut pin
WARNING : Net u_IDCT/bdeg/multeout[9] has no FanOut pin
WARNING : Net u_IDCT/bdeg/multeout[30] has no FanOut pin
WARNING : Net u_IDCT/bdeg/multgout[0] has no FanOut pin
WARNING : Net u_IDCT/bdeg/multgout[1] has no FanOut pin
WARNING : Net u_IDCT/bdeg/multgout[2] has no FanOut pin
WARNING : Net u_IDCT/bdeg/multgout[3] has no FanOut pin
WARNING : Net u_IDCT/bdeg/multgout[4] has no FanOut pin
WARNING : Net u_IDCT/bdeg/multgout[5] has no FanOut pin
WARNING : Net u_IDCT/bdeg/multgout[6] has no FanOut pin
WARNING : Net u_IDCT/bdeg/multgout[7] has no FanOut pin
WARNING : Net u_IDCT/bdeg/multgout[8] has no FanOut pin
WARNING : Net u_IDCT/bdeg/multdout[0] has no FanOut pin
WARNING : Net u_IDCT/bdeg/multdout[1] has no FanOut pin
WARNING : Net u_IDCT/bdeg/multdout[2] has no FanOut pin
WARNING : Net u_IDCT/bdeg/multdout[3] has no FanOut pin
WARNING : Net u_IDCT/bdeg/multdout[4] has no FanOut pin
WARNING : Net u_IDCT/bdeg/multdout[5] has no FanOut pin
WARNING : Net u_IDCT/bdeg/multdout[6] has no FanOut pin
WARNING : Net u_IDCT/bdeg/multdout[7] has no FanOut pin
WARNING : Net u_IDCT/bdeg/multdout[8] has no FanOut pin
WARNING : Net u_IDCT/bdeg/multdout[9] has no FanOut pin
WARNING : Net u_IDCT/bdeg/ACC3_node2[11] has no FanOut pin
WARNING : Net u_IDCT/bdeg/ACC3_node2[12] has no FanOut pin
WARNING : Net u_IDCT/bdeg/ACC3_node2[13] has no FanOut pin
WARNING : Net u_IDCT/bdeg/ACC3_node2[14] has no FanOut pin
WARNING : Net u_IDCT/bdeg/ACC3_node2[15] has no FanOut pin
WARNING : Net u_IDCT/bdeg/ACC3_node2[16] has no FanOut pin
WARNING : Net u_IDCT/bdeg/ACC3_node2[17] has no FanOut pin
WARNING : Net u_IDCT/bdeg/ACC3_node2[18] has no FanOut pin
WARNING : Net u_IDCT/bdeg/ACC3_node2[19] has no FanOut pin
WARNING : Net u_IDCT/bdeg/ACC3_rn[11] has no FanOut pin
WARNING : Net u_IDCT/bdeg/ACC3_rn[12] has no FanOut pin
WARNING : Net u_IDCT/bdeg/ACC3_rn[13] has no FanOut pin
WARNING : Net u_IDCT/bdeg/ACC3_rn[14] has no FanOut pin
WARNING : Net u_IDCT/bdeg/ACC3_rn[15] has no FanOut pin
WARNING : Net u_IDCT/bdeg/ACC3_rn[16] has no FanOut pin
WARNING : Net u_IDCT/bdeg/ACC3_rn[17] has no FanOut pin
WARNING : Net u_IDCT/bdeg/ACC3_rn[18] has no FanOut pin
WARNING : Net u_IDCT/bdeg/ACC3_rn[19] has no FanOut pin
WARNING : Net u_IDCT/bdeg/ACC2_node2[11] has no FanOut pin
WARNING : Net u_IDCT/bdeg/ACC2_node2[12] has no FanOut pin
WARNING : Net u_IDCT/bdeg/ACC2_node2[13] has no FanOut pin
WARNING : Net u_IDCT/bdeg/ACC2_node2[14] has no FanOut pin
WARNING : Net u_IDCT/bdeg/ACC2_node2[15] has no FanOut pin
WARNING : Net u_IDCT/bdeg/ACC2_node2[16] has no FanOut pin
WARNING : Net u_IDCT/bdeg/ACC2_node2[17] has no FanOut pin
WARNING : Net u_IDCT/bdeg/ACC2_node2[18] has no FanOut pin
WARNING : Net u_IDCT/bdeg/ACC2_node2[19] has no FanOut pin
WARNING : Net u_IDCT/bdeg/ACC2_rn[11] has no FanOut pin
WARNING : Net u_IDCT/bdeg/ACC2_rn[12] has no FanOut pin
WARNING : Net u_IDCT/bdeg/ACC2_rn[13] has no FanOut pin
WARNING : Net u_IDCT/bdeg/ACC2_rn[14] has no FanOut pin
WARNING : Net u_IDCT/bdeg/ACC2_rn[15] has no FanOut pin
WARNING : Net u_IDCT/bdeg/ACC2_rn[16] has no FanOut pin
WARNING : Net u_IDCT/bdeg/ACC2_rn[17] has no FanOut pin
WARNING : Net u_IDCT/bdeg/ACC2_rn[18] has no FanOut pin
WARNING : Net u_IDCT/bdeg/ACC2_rn[19] has no FanOut pin
WARNING : Net u_IDCT/bdeg/ACC1_node2[11] has no FanOut pin
WARNING : Net u_IDCT/bdeg/ACC1_node2[12] has no FanOut pin
WARNING : Net u_IDCT/bdeg/ACC1_node2[13] has no FanOut pin
WARNING : Net u_IDCT/bdeg/ACC1_node2[14] has no FanOut pin
WARNING : Net u_IDCT/bdeg/ACC1_node2[15] has no FanOut pin
WARNING : Net u_IDCT/bdeg/ACC1_node2[16] has no FanOut pin
WARNING : Net u_IDCT/bdeg/ACC1_node2[17] has no FanOut pin
WARNING : Net u_IDCT/bdeg/ACC1_node2[18] has no FanOut pin
WARNING : Net u_IDCT/bdeg/ACC1_node2[19] has no FanOut pin
WARNING : Net u_IDCT/bdeg/ACC1_rn[11] has no FanOut pin
WARNING : Net u_IDCT/bdeg/ACC1_rn[12] has no FanOut pin
WARNING : Net u_IDCT/bdeg/ACC1_rn[13] has no FanOut pin
WARNING : Net u_IDCT/bdeg/ACC1_rn[14] has no FanOut pin
WARNING : Net u_IDCT/bdeg/ACC1_rn[15] has no FanOut pin
WARNING : Net u_IDCT/bdeg/ACC1_rn[16] has no FanOut pin
WARNING : Net u_IDCT/bdeg/ACC1_rn[17] has no FanOut pin
WARNING : Net u_IDCT/bdeg/ACC1_rn[18] has no FanOut pin
WARNING : Net u_IDCT/bdeg/ACC1_rn[19] has no FanOut pin
WARNING : Net u_IDCT/bdeg/ACC0_node2[11] has no FanOut pin
WARNING : Net u_IDCT/bdeg/ACC0_node2[12] has no FanOut pin
WARNING : Net u_IDCT/bdeg/ACC0_node2[13] has no FanOut pin
WARNING : Net u_IDCT/bdeg/ACC0_node2[14] has no FanOut pin
WARNING : Net u_IDCT/bdeg/ACC0_node2[15] has no FanOut pin
WARNING : Net u_IDCT/bdeg/ACC0_node2[16] has no FanOut pin
WARNING : Net u_IDCT/bdeg/ACC0_node2[17] has no FanOut pin
WARNING : Net u_IDCT/bdeg/ACC0_node2[18] has no FanOut pin
WARNING : Net u_IDCT/bdeg/ACC0_node2[19] has no FanOut pin
WARNING : Net u_IDCT/bdeg/ACC0_rn[11] has no FanOut pin
WARNING : Net u_IDCT/bdeg/ACC0_rn[12] has no FanOut pin
WARNING : Net u_IDCT/bdeg/ACC0_rn[13] has no FanOut pin
WARNING : Net u_IDCT/bdeg/ACC0_rn[14] has no FanOut pin
WARNING : Net u_IDCT/bdeg/ACC0_rn[15] has no FanOut pin
WARNING : Net u_IDCT/bdeg/ACC0_rn[16] has no FanOut pin
WARNING : Net u_IDCT/bdeg/ACC0_rn[17] has no FanOut pin
WARNING : Net u_IDCT/bdeg/ACC0_rn[18] has no FanOut pin
WARNING : Net u_IDCT/bdeg/ACC0_rn[19] has no FanOut pin
WARNING : Net u_IDCT/acf/mult_f_mixed_mult_1_12/UNCONNECTED36 has no FanOut pin
WARNING : Net u_IDCT/acf/n_1334 has no FanOut pin
WARNING : Net u_IDCT/acf/UNCONNECTED_HIER_Z88 has no FanOut pin
WARNING : Net u_IDCT/acf/UNCONNECTED_HIER_Z87 has no FanOut pin
WARNING : Net u_IDCT/acf/UNCONNECTED_HIER_Z86 has no FanOut pin
WARNING : Net u_IDCT/acf/UNCONNECTED_HIER_Z85 has no FanOut pin
WARNING : Net u_IDCT/acf/UNCONNECTED_HIER_Z84 has no FanOut pin
WARNING : Net u_IDCT/acf/UNCONNECTED_HIER_Z83 has no FanOut pin
WARNING : Net u_IDCT/acf/UNCONNECTED_HIER_Z82 has no FanOut pin
WARNING : Net u_IDCT/acf/UNCONNECTED_HIER_Z81 has no FanOut pin
WARNING : Net u_IDCT/acf/UNCONNECTED_HIER_Z80 has no FanOut pin
WARNING : Net u_IDCT/acf/UNCONNECTED_HIER_Z79 has no FanOut pin
WARNING : Net u_IDCT/acf/UNCONNECTED_HIER_Z78 has no FanOut pin
WARNING : Net u_IDCT/acf/UNCONNECTED_HIER_Z77 has no FanOut pin
WARNING : Net u_IDCT/acf/UNCONNECTED_HIER_Z76 has no FanOut pin
WARNING : Net u_IDCT/acf/UNCONNECTED_HIER_Z75 has no FanOut pin
WARNING : Net u_IDCT/acf/UNCONNECTED_HIER_Z74 has no FanOut pin
WARNING : Net u_IDCT/acf/UNCONNECTED_HIER_Z73 has no FanOut pin
WARNING : Net u_IDCT/acf/UNCONNECTED37 has no FanOut pin
WARNING : Net u_IDCT/acf/mult_f_Z1[2] has no FanOut pin
WARNING : Net u_IDCT/acf/mult_f_Z1[3] has no FanOut pin
WARNING : Net u_IDCT/acf/mult_f_Z1[4] has no FanOut pin
WARNING : Net u_IDCT/acf/mult_f_Z1[5] has no FanOut pin
WARNING : Net u_IDCT/acf/mult_f_Z1[6] has no FanOut pin
WARNING : Net u_IDCT/acf/mult_f_Z1[7] has no FanOut pin
WARNING : Net u_IDCT/acf/mult_f_Z1[8] has no FanOut pin
WARNING : Net u_IDCT/acf/mult_f_Z1[9] has no FanOut pin
WARNING : Net u_IDCT/acf/mult_f_Z1[10] has no FanOut pin
WARNING : Net u_IDCT/acf/mult_f_Z1[31] has no FanOut pin
WARNING : Net u_IDCT/acf/mult_c_Z1[0] has no FanOut pin
WARNING : Net u_IDCT/acf/mult_c_Z1[1] has no FanOut pin
WARNING : Net u_IDCT/acf/mult_c_Z1[2] has no FanOut pin
WARNING : Net u_IDCT/acf/mult_c_Z1[3] has no FanOut pin
WARNING : Net u_IDCT/acf/mult_c_Z1[4] has no FanOut pin
WARNING : Net u_IDCT/acf/mult_c_Z1[5] has no FanOut pin
WARNING : Net u_IDCT/acf/mult_c_Z1[26] has no FanOut pin
WARNING : Net u_IDCT/acf/mult_a_Z1[0] has no FanOut pin
WARNING : Net u_IDCT/acf/mult_a_Z1[1] has no FanOut pin
WARNING : Net u_IDCT/acf/mult_a_Z1[2] has no FanOut pin
WARNING : Net u_IDCT/acf/mult_a_Z1[3] has no FanOut pin
WARNING : Net u_IDCT/acf/mult_a_Z1[4] has no FanOut pin
WARNING : Net u_IDCT/acf/mult_a_Z1[25] has no FanOut pin
WARNING : Net u_IDCT/acf/multaout[0] has no FanOut pin
WARNING : Net u_IDCT/acf/multaout[1] has no FanOut pin
WARNING : Net u_IDCT/acf/multaout[2] has no FanOut pin
WARNING : Net u_IDCT/acf/multaout[3] has no FanOut pin
WARNING : Net u_IDCT/acf/multaout[4] has no FanOut pin
WARNING : Net u_IDCT/acf/multaout[25] has no FanOut pin
WARNING : Net u_IDCT/acf/multfout[0] has no FanOut pin
WARNING : Net u_IDCT/acf/multfout[1] has no FanOut pin
WARNING : Net u_IDCT/acf/multfout[2] has no FanOut pin
WARNING : Net u_IDCT/acf/multfout[3] has no FanOut pin
WARNING : Net u_IDCT/acf/multfout[4] has no FanOut pin
WARNING : Net u_IDCT/acf/multfout[5] has no FanOut pin
WARNING : Net u_IDCT/acf/multfout[6] has no FanOut pin
WARNING : Net u_IDCT/acf/multfout[7] has no FanOut pin
WARNING : Net u_IDCT/acf/multfout[8] has no FanOut pin
WARNING : Net u_IDCT/acf/multfout[9] has no FanOut pin
WARNING : Net u_IDCT/acf/multfout[10] has no FanOut pin
WARNING : Net u_IDCT/acf/multcout[0] has no FanOut pin
WARNING : Net u_IDCT/acf/multcout[1] has no FanOut pin
WARNING : Net u_IDCT/acf/multcout[2] has no FanOut pin
WARNING : Net u_IDCT/acf/multcout[3] has no FanOut pin
WARNING : Net u_IDCT/acf/multcout[4] has no FanOut pin
WARNING : Net u_IDCT/acf/multcout[5] has no FanOut pin
WARNING : Net u_IDCT/acf/multcout[26] has no FanOut pin
WARNING : Net u_IDCT/acf/ACC3_node2[11] has no FanOut pin
WARNING : Net u_IDCT/acf/ACC3_node2[12] has no FanOut pin
WARNING : Net u_IDCT/acf/ACC3_node2[13] has no FanOut pin
WARNING : Net u_IDCT/acf/ACC3_node2[14] has no FanOut pin
WARNING : Net u_IDCT/acf/ACC3_node2[15] has no FanOut pin
WARNING : Net u_IDCT/acf/ACC3_node2[16] has no FanOut pin
WARNING : Net u_IDCT/acf/ACC3_node2[17] has no FanOut pin
WARNING : Net u_IDCT/acf/ACC3_node2[18] has no FanOut pin
WARNING : Net u_IDCT/acf/ACC3_node2[19] has no FanOut pin
WARNING : Net u_IDCT/acf/ACC3_rn[11] has no FanOut pin
WARNING : Net u_IDCT/acf/ACC3_rn[12] has no FanOut pin
WARNING : Net u_IDCT/acf/ACC3_rn[13] has no FanOut pin
WARNING : Net u_IDCT/acf/ACC3_rn[14] has no FanOut pin
WARNING : Net u_IDCT/acf/ACC3_rn[15] has no FanOut pin
WARNING : Net u_IDCT/acf/ACC3_rn[16] has no FanOut pin
WARNING : Net u_IDCT/acf/ACC3_rn[17] has no FanOut pin
WARNING : Net u_IDCT/acf/ACC3_rn[18] has no FanOut pin
WARNING : Net u_IDCT/acf/ACC3_rn[19] has no FanOut pin
WARNING : Net u_IDCT/acf/ACC2_node2[11] has no FanOut pin
WARNING : Net u_IDCT/acf/ACC2_node2[12] has no FanOut pin
WARNING : Net u_IDCT/acf/ACC2_node2[13] has no FanOut pin
WARNING : Net u_IDCT/acf/ACC2_node2[14] has no FanOut pin
WARNING : Net u_IDCT/acf/ACC2_node2[15] has no FanOut pin
WARNING : Net u_IDCT/acf/ACC2_node2[16] has no FanOut pin
WARNING : Net u_IDCT/acf/ACC2_node2[17] has no FanOut pin
WARNING : Net u_IDCT/acf/ACC2_node2[18] has no FanOut pin
WARNING : Net u_IDCT/acf/ACC2_node2[19] has no FanOut pin
WARNING : Net u_IDCT/acf/ACC2_rn[11] has no FanOut pin
WARNING : Net u_IDCT/acf/ACC2_rn[12] has no FanOut pin
WARNING : Net u_IDCT/acf/ACC2_rn[13] has no FanOut pin
WARNING : Net u_IDCT/acf/ACC2_rn[14] has no FanOut pin
WARNING : Net u_IDCT/acf/ACC2_rn[15] has no FanOut pin
WARNING : Net u_IDCT/acf/ACC2_rn[16] has no FanOut pin
WARNING : Net u_IDCT/acf/ACC2_rn[17] has no FanOut pin
WARNING : Net u_IDCT/acf/ACC2_rn[18] has no FanOut pin
WARNING : Net u_IDCT/acf/ACC2_rn[19] has no FanOut pin
WARNING : Net u_IDCT/acf/ACC1_node2[11] has no FanOut pin
WARNING : Net u_IDCT/acf/ACC1_node2[12] has no FanOut pin
WARNING : Net u_IDCT/acf/ACC1_node2[13] has no FanOut pin
WARNING : Net u_IDCT/acf/ACC1_node2[14] has no FanOut pin
WARNING : Net u_IDCT/acf/ACC1_node2[15] has no FanOut pin
WARNING : Net u_IDCT/acf/ACC1_node2[16] has no FanOut pin
WARNING : Net u_IDCT/acf/ACC1_node2[17] has no FanOut pin
WARNING : Net u_IDCT/acf/ACC1_node2[18] has no FanOut pin
WARNING : Net u_IDCT/acf/ACC1_node2[19] has no FanOut pin
WARNING : Net u_IDCT/acf/ACC1_rn[11] has no FanOut pin
WARNING : Net u_IDCT/acf/ACC1_rn[12] has no FanOut pin
WARNING : Net u_IDCT/acf/ACC1_rn[13] has no FanOut pin
WARNING : Net u_IDCT/acf/ACC1_rn[14] has no FanOut pin
WARNING : Net u_IDCT/acf/ACC1_rn[15] has no FanOut pin
WARNING : Net u_IDCT/acf/ACC1_rn[16] has no FanOut pin
WARNING : Net u_IDCT/acf/ACC1_rn[17] has no FanOut pin
WARNING : Net u_IDCT/acf/ACC1_rn[18] has no FanOut pin
WARNING : Net u_IDCT/acf/ACC1_rn[19] has no FanOut pin
WARNING : Net u_IDCT/acf/ACC0_node2[11] has no FanOut pin
WARNING : Net u_IDCT/acf/ACC0_node2[12] has no FanOut pin
WARNING : Net u_IDCT/acf/ACC0_node2[13] has no FanOut pin
WARNING : Net u_IDCT/acf/ACC0_node2[14] has no FanOut pin
WARNING : Net u_IDCT/acf/ACC0_node2[15] has no FanOut pin
WARNING : Net u_IDCT/acf/ACC0_node2[16] has no FanOut pin
WARNING : Net u_IDCT/acf/ACC0_node2[17] has no FanOut pin
WARNING : Net u_IDCT/acf/ACC0_node2[18] has no FanOut pin
WARNING : Net u_IDCT/acf/ACC0_node2[19] has no FanOut pin
WARNING : Net u_IDCT/acf/ACC0_rn[11] has no FanOut pin
WARNING : Net u_IDCT/acf/ACC0_rn[12] has no FanOut pin
WARNING : Net u_IDCT/acf/ACC0_rn[13] has no FanOut pin
WARNING : Net u_IDCT/acf/ACC0_rn[14] has no FanOut pin
WARNING : Net u_IDCT/acf/ACC0_rn[15] has no FanOut pin
WARNING : Net u_IDCT/acf/ACC0_rn[16] has no FanOut pin
WARNING : Net u_IDCT/acf/ACC0_rn[17] has no FanOut pin
WARNING : Net u_IDCT/acf/ACC0_rn[18] has no FanOut pin
WARNING : Net u_IDCT/acf/ACC0_rn[19] has no FanOut pin
WARNING : Net u_IDCT/UNCONNECTED72 has no FanOut pin
WARNING : Net u_IDCT/UNCONNECTED71 has no FanOut pin
WARNING : Net u_IDCT/UNCONNECTED70 has no FanOut pin
WARNING : Net u_IDCT/UNCONNECTED69 has no FanOut pin
WARNING : Net u_IDCT/UNCONNECTED68 has no FanOut pin
WARNING : Net u_IDCT/UNCONNECTED67 has no FanOut pin
WARNING : Net u_IDCT/UNCONNECTED66 has no FanOut pin
WARNING : Net u_IDCT/UNCONNECTED65 has no FanOut pin
WARNING : Net u_IDCT/UNCONNECTED64 has no FanOut pin
WARNING : Net u_IDCT/UNCONNECTED63 has no FanOut pin
WARNING : Net u_IDCT/UNCONNECTED62 has no FanOut pin
WARNING : Net u_IDCT/UNCONNECTED61 has no FanOut pin
WARNING : Net u_IDCT/UNCONNECTED60 has no FanOut pin
WARNING : Net u_IDCT/UNCONNECTED59 has no FanOut pin
WARNING : Net u_IDCT/UNCONNECTED58 has no FanOut pin
WARNING : Net u_IDCT/UNCONNECTED57 has no FanOut pin
WARNING : Net u_IDCT/UNCONNECTED56 has no FanOut pin
WARNING : Net u_IDCT/UNCONNECTED55 has no FanOut pin
WARNING : Net u_IDCT/UNCONNECTED54 has no FanOut pin
WARNING : Net u_IDCT/UNCONNECTED53 has no FanOut pin
WARNING : Net u_IDCT/UNCONNECTED52 has no FanOut pin
WARNING : Net u_IDCT/UNCONNECTED51 has no FanOut pin
WARNING : Net u_IDCT/UNCONNECTED50 has no FanOut pin
WARNING : Net u_IDCT/UNCONNECTED49 has no FanOut pin
WARNING : Net u_IDCT/UNCONNECTED48 has no FanOut pin
WARNING : Net u_IDCT/UNCONNECTED47 has no FanOut pin
WARNING : Net u_IDCT/UNCONNECTED46 has no FanOut pin
WARNING : Net u_IDCT/UNCONNECTED45 has no FanOut pin
WARNING : Net u_IDCT/UNCONNECTED44 has no FanOut pin
WARNING : Net u_IDCT/UNCONNECTED43 has no FanOut pin
WARNING : Net u_IDCT/tposemem_Bisted_RF_2P_ADV64x16_bist_ctrl_n[6] has no FanOut pin
WARNING : Net u_IDCT/tposemem_Bisted_RF_2P_ADV64x16_bist_ctrl_n[7] has no FanOut pin
WARNING : Net u_IDCT/tposemem_Bisted_RF_2P_ADV64x16_bist_ctrl_n[8] has no FanOut pin
WARNING : Net u_IDCT/tposemem_Bisted_RF_2P_ADV64x16_bist_ctrl_n[9] has no FanOut pin
WARNING : Net u_IDCT/tposemem_Bisted_RF_2P_ADV64x16_bist_ctrl_n[10] has no FanOut pin
WARNING : Net u_IDCT/tposemem_Bisted_RF_2P_ADV64x16_bist_ctrl_n[11] has no FanOut pin
WARNING : Net u_IDCT/tposemem_Bisted_RF_2P_ADV64x16_bist_ctrl_n[12] has no FanOut pin
WARNING : Net u_IDCT/tposemem_Bisted_RF_2P_ADV64x16_bist_ctrl_n[13] has no FanOut pin
WARNING : Net u_IDCT/tposemem_Bisted_RF_2P_ADV64x16_bist_ctrl_n[22] has no FanOut pin
WARNING : Net u_IDCT/tposemem_QA[3] has no FanOut pin
WARNING : Net u_IDCT/tposemem_QA[4] has no FanOut pin
WARNING : Net u_IDCT/tposemem_QA[5] has no FanOut pin
WARNING : Net u_IDCT/tposemem_QA[6] has no FanOut pin
WARNING : Net u_IDCT/tposemem_QA[7] has no FanOut pin
WARNING : Net u_IDCT/tposemem_QA[8] has no FanOut pin
WARNING : Net u_IDCT/tposemem_QA[9] has no FanOut pin
WARNING : Net u_IDCT/tposemem_QA[10] has no FanOut pin
WARNING : Net u_IDCT/tposemem_QA[11] has no FanOut pin
WARNING : Net u_IDCT/tposemem_QA[12] has no FanOut pin
WARNING : Net u_IDCT/tposemem_QA[13] has no FanOut pin
WARNING : Net u_IDCT/tposemem_QA[14] has no FanOut pin
WARNING : Net u_IDCT/tposemem_QA[15] has no FanOut pin
WARNING : Net u_DCT/bdeg/mult_e_mixed_mult_1_12/UNCONNECTED4 has no FanOut pin
WARNING : Net u_DCT/bdeg/mult_e_mixed_mult_1_12/UNCONNECTED3 has no FanOut pin
WARNING : Net u_DCT/bdeg/mult_d_mixed_mult_1_12/UNCONNECTED2 has no FanOut pin
WARNING : Net u_DCT/bdeg/mult_d_mixed_mult_1_12/UNCONNECTED1 has no FanOut pin
WARNING : Net u_DCT/bdeg/mult_b_mixed_mult_1_12/n_510 has no FanOut pin
WARNING : Net u_DCT/bdeg/UNCONNECTED_HIER_Z72 has no FanOut pin
WARNING : Net u_DCT/bdeg/UNCONNECTED_HIER_Z71 has no FanOut pin
WARNING : Net u_DCT/bdeg/UNCONNECTED_HIER_Z70 has no FanOut pin
WARNING : Net u_DCT/bdeg/UNCONNECTED_HIER_Z69 has no FanOut pin
WARNING : Net u_DCT/bdeg/UNCONNECTED_HIER_Z68 has no FanOut pin
WARNING : Net u_DCT/bdeg/UNCONNECTED_HIER_Z67 has no FanOut pin
WARNING : Net u_DCT/bdeg/UNCONNECTED_HIER_Z66 has no FanOut pin
WARNING : Net u_DCT/bdeg/UNCONNECTED_HIER_Z65 has no FanOut pin
WARNING : Net u_DCT/bdeg/UNCONNECTED_HIER_Z64 has no FanOut pin
WARNING : Net u_DCT/bdeg/UNCONNECTED_HIER_Z63 has no FanOut pin
WARNING : Net u_DCT/bdeg/UNCONNECTED_HIER_Z62 has no FanOut pin
WARNING : Net u_DCT/bdeg/UNCONNECTED_HIER_Z61 has no FanOut pin
WARNING : Net u_DCT/bdeg/UNCONNECTED_HIER_Z60 has no FanOut pin
WARNING : Net u_DCT/bdeg/UNCONNECTED_HIER_Z59 has no FanOut pin
WARNING : Net u_DCT/bdeg/UNCONNECTED_HIER_Z58 has no FanOut pin
WARNING : Net u_DCT/bdeg/UNCONNECTED_HIER_Z57 has no FanOut pin
WARNING : Net u_DCT/bdeg/UNCONNECTED_HIER_Z56 has no FanOut pin
WARNING : Net u_DCT/bdeg/UNCONNECTED_HIER_Z55 has no FanOut pin
WARNING : Net u_DCT/bdeg/UNCONNECTED_HIER_Z54 has no FanOut pin
WARNING : Net u_DCT/bdeg/UNCONNECTED_HIER_Z53 has no FanOut pin
WARNING : Net u_DCT/bdeg/UNCONNECTED_HIER_Z52 has no FanOut pin
WARNING : Net u_DCT/bdeg/UNCONNECTED_HIER_Z51 has no FanOut pin
WARNING : Net u_DCT/bdeg/UNCONNECTED_HIER_Z50 has no FanOut pin
WARNING : Net u_DCT/bdeg/UNCONNECTED_HIER_Z49 has no FanOut pin
WARNING : Net u_DCT/bdeg/UNCONNECTED_HIER_Z48 has no FanOut pin
WARNING : Net u_DCT/bdeg/UNCONNECTED_HIER_Z47 has no FanOut pin
WARNING : Net u_DCT/bdeg/UNCONNECTED_HIER_Z46 has no FanOut pin
WARNING : Net u_DCT/bdeg/UNCONNECTED_HIER_Z45 has no FanOut pin
WARNING : Net u_DCT/bdeg/UNCONNECTED_HIER_Z44 has no FanOut pin
WARNING : Net u_DCT/bdeg/UNCONNECTED_HIER_Z43 has no FanOut pin
WARNING : Net u_DCT/bdeg/UNCONNECTED_HIER_Z42 has no FanOut pin
WARNING : Net u_DCT/bdeg/UNCONNECTED_HIER_Z41 has no FanOut pin
WARNING : Net u_DCT/bdeg/UNCONNECTED_HIER_Z40 has no FanOut pin
WARNING : Net u_DCT/bdeg/UNCONNECTED_HIER_Z39 has no FanOut pin
WARNING : Net u_DCT/bdeg/UNCONNECTED_HIER_Z38 has no FanOut pin
WARNING : Net u_DCT/bdeg/UNCONNECTED_HIER_Z37 has no FanOut pin
WARNING : Net u_DCT/bdeg/UNCONNECTED_HIER_Z36 has no FanOut pin
WARNING : Net u_DCT/bdeg/UNCONNECTED_HIER_Z35 has no FanOut pin
WARNING : Net u_DCT/bdeg/UNCONNECTED_HIER_Z34 has no FanOut pin
WARNING : Net u_DCT/bdeg/UNCONNECTED_HIER_Z33 has no FanOut pin
WARNING : Net u_DCT/bdeg/UNCONNECTED_HIER_Z32 has no FanOut pin
WARNING : Net u_DCT/bdeg/UNCONNECTED_HIER_Z31 has no FanOut pin
WARNING : Net u_DCT/bdeg/UNCONNECTED_HIER_Z30 has no FanOut pin
WARNING : Net u_DCT/bdeg/UNCONNECTED_HIER_Z29 has no FanOut pin
WARNING : Net u_DCT/bdeg/UNCONNECTED_HIER_Z28 has no FanOut pin
WARNING : Net u_DCT/bdeg/UNCONNECTED_HIER_Z27 has no FanOut pin
WARNING : Net u_DCT/bdeg/UNCONNECTED_HIER_Z26 has no FanOut pin
WARNING : Net u_DCT/bdeg/UNCONNECTED_HIER_Z25 has no FanOut pin
WARNING : Net u_DCT/bdeg/UNCONNECTED_HIER_Z24 has no FanOut pin
WARNING : Net u_DCT/bdeg/UNCONNECTED_HIER_Z23 has no FanOut pin
WARNING : Net u_DCT/bdeg/UNCONNECTED_HIER_Z22 has no FanOut pin
WARNING : Net u_DCT/bdeg/UNCONNECTED_HIER_Z21 has no FanOut pin
WARNING : Net u_DCT/bdeg/UNCONNECTED_HIER_Z20 has no FanOut pin
WARNING : Net u_DCT/bdeg/UNCONNECTED_HIER_Z19 has no FanOut pin
WARNING : Net u_DCT/bdeg/UNCONNECTED_HIER_Z18 has no FanOut pin
WARNING : Net u_DCT/bdeg/UNCONNECTED_HIER_Z17 has no FanOut pin
WARNING : Net u_DCT/bdeg/UNCONNECTED_HIER_Z16 has no FanOut pin
WARNING : Net u_DCT/bdeg/UNCONNECTED_HIER_Z15 has no FanOut pin
WARNING : Net u_DCT/bdeg/UNCONNECTED5 has no FanOut pin
WARNING : Net u_DCT/bdeg/mult_g_Z1[1] has no FanOut pin
WARNING : Net u_DCT/bdeg/mult_g_Z1[2] has no FanOut pin
WARNING : Net u_DCT/bdeg/mult_g_Z1[3] has no FanOut pin
WARNING : Net u_DCT/bdeg/mult_g_Z1[4] has no FanOut pin
WARNING : Net u_DCT/bdeg/mult_g_Z1[5] has no FanOut pin
WARNING : Net u_DCT/bdeg/mult_g_Z1[6] has no FanOut pin
WARNING : Net u_DCT/bdeg/mult_g_Z1[7] has no FanOut pin
WARNING : Net u_DCT/bdeg/mult_g_Z1[8] has no FanOut pin
WARNING : Net u_DCT/bdeg/mult_g_Z1[29] has no FanOut pin
WARNING : Net u_DCT/bdeg/mult_e_Z1[0] has no FanOut pin
WARNING : Net u_DCT/bdeg/mult_e_Z1[1] has no FanOut pin
WARNING : Net u_DCT/bdeg/mult_e_Z1[2] has no FanOut pin
WARNING : Net u_DCT/bdeg/mult_e_Z1[3] has no FanOut pin
WARNING : Net u_DCT/bdeg/mult_e_Z1[4] has no FanOut pin
WARNING : Net u_DCT/bdeg/mult_e_Z1[5] has no FanOut pin
WARNING : Net u_DCT/bdeg/mult_e_Z1[6] has no FanOut pin
WARNING : Net u_DCT/bdeg/mult_e_Z1[7] has no FanOut pin
WARNING : Net u_DCT/bdeg/mult_e_Z1[8] has no FanOut pin
WARNING : Net u_DCT/bdeg/mult_e_Z1[9] has no FanOut pin
WARNING : Net u_DCT/bdeg/mult_e_Z1[30] has no FanOut pin
WARNING : Net u_DCT/bdeg/mult_d_Z1[1] has no FanOut pin
WARNING : Net u_DCT/bdeg/mult_d_Z1[2] has no FanOut pin
WARNING : Net u_DCT/bdeg/mult_d_Z1[3] has no FanOut pin
WARNING : Net u_DCT/bdeg/mult_d_Z1[4] has no FanOut pin
WARNING : Net u_DCT/bdeg/mult_d_Z1[5] has no FanOut pin
WARNING : Net u_DCT/bdeg/mult_d_Z1[6] has no FanOut pin
WARNING : Net u_DCT/bdeg/mult_d_Z1[7] has no FanOut pin
WARNING : Net u_DCT/bdeg/mult_d_Z1[8] has no FanOut pin
WARNING : Net u_DCT/bdeg/mult_d_Z1[9] has no FanOut pin
WARNING : Net u_DCT/bdeg/mult_d_Z1[30] has no FanOut pin
WARNING : Net u_DCT/bdeg/mult_b_Z1[4] has no FanOut pin
WARNING : Net u_DCT/bdeg/mult_b_Z1[5] has no FanOut pin
WARNING : Net u_DCT/bdeg/mult_b_Z1[6] has no FanOut pin
WARNING : Net u_DCT/bdeg/mult_b_Z1[7] has no FanOut pin
WARNING : Net u_DCT/bdeg/mult_b_Z1[8] has no FanOut pin
WARNING : Net u_DCT/bdeg/mult_b_Z1[29] has no FanOut pin
WARNING : Net u_DCT/bdeg/multeout[0] has no FanOut pin
WARNING : Net u_DCT/bdeg/multeout[1] has no FanOut pin
WARNING : Net u_DCT/bdeg/multeout[2] has no FanOut pin
WARNING : Net u_DCT/bdeg/multeout[3] has no FanOut pin
WARNING : Net u_DCT/bdeg/multeout[4] has no FanOut pin
WARNING : Net u_DCT/bdeg/multeout[5] has no FanOut pin
WARNING : Net u_DCT/bdeg/multeout[6] has no FanOut pin
WARNING : Net u_DCT/bdeg/multeout[7] has no FanOut pin
WARNING : Net u_DCT/bdeg/multeout[8] has no FanOut pin
WARNING : Net u_DCT/bdeg/multeout[9] has no FanOut pin
WARNING : Net u_DCT/bdeg/multeout[30] has no FanOut pin
WARNING : Net u_DCT/bdeg/multbout[0] has no FanOut pin
WARNING : Net u_DCT/bdeg/multbout[1] has no FanOut pin
WARNING : Net u_DCT/bdeg/multbout[2] has no FanOut pin
WARNING : Net u_DCT/bdeg/multbout[3] has no FanOut pin
WARNING : Net u_DCT/bdeg/multbout[4] has no FanOut pin
WARNING : Net u_DCT/bdeg/multbout[5] has no FanOut pin
WARNING : Net u_DCT/bdeg/multbout[6] has no FanOut pin
WARNING : Net u_DCT/bdeg/multbout[7] has no FanOut pin
WARNING : Net u_DCT/bdeg/multbout[8] has no FanOut pin
WARNING : Net u_DCT/bdeg/multgout[0] has no FanOut pin
WARNING : Net u_DCT/bdeg/multgout[1] has no FanOut pin
WARNING : Net u_DCT/bdeg/multgout[2] has no FanOut pin
WARNING : Net u_DCT/bdeg/multgout[3] has no FanOut pin
WARNING : Net u_DCT/bdeg/multgout[4] has no FanOut pin
WARNING : Net u_DCT/bdeg/multgout[5] has no FanOut pin
WARNING : Net u_DCT/bdeg/multgout[6] has no FanOut pin
WARNING : Net u_DCT/bdeg/multgout[7] has no FanOut pin
WARNING : Net u_DCT/bdeg/multgout[8] has no FanOut pin
WARNING : Net u_DCT/bdeg/multdout[0] has no FanOut pin
WARNING : Net u_DCT/bdeg/multdout[1] has no FanOut pin
WARNING : Net u_DCT/bdeg/multdout[2] has no FanOut pin
WARNING : Net u_DCT/bdeg/multdout[3] has no FanOut pin
WARNING : Net u_DCT/bdeg/multdout[4] has no FanOut pin
WARNING : Net u_DCT/bdeg/multdout[5] has no FanOut pin
WARNING : Net u_DCT/bdeg/multdout[6] has no FanOut pin
WARNING : Net u_DCT/bdeg/multdout[7] has no FanOut pin
WARNING : Net u_DCT/bdeg/multdout[8] has no FanOut pin
WARNING : Net u_DCT/bdeg/multdout[9] has no FanOut pin
WARNING : Net u_DCT/bdeg/ACC3_node2[11] has no FanOut pin
WARNING : Net u_DCT/bdeg/ACC3_node2[12] has no FanOut pin
WARNING : Net u_DCT/bdeg/ACC3_node2[13] has no FanOut pin
WARNING : Net u_DCT/bdeg/ACC3_node2[14] has no FanOut pin
WARNING : Net u_DCT/bdeg/ACC3_node2[15] has no FanOut pin
WARNING : Net u_DCT/bdeg/ACC3_node2[16] has no FanOut pin
WARNING : Net u_DCT/bdeg/ACC3_node2[17] has no FanOut pin
WARNING : Net u_DCT/bdeg/ACC3_node2[18] has no FanOut pin
WARNING : Net u_DCT/bdeg/ACC3_node2[19] has no FanOut pin
WARNING : Net u_DCT/bdeg/ACC3_rn[11] has no FanOut pin
WARNING : Net u_DCT/bdeg/ACC3_rn[12] has no FanOut pin
WARNING : Net u_DCT/bdeg/ACC3_rn[13] has no FanOut pin
WARNING : Net u_DCT/bdeg/ACC3_rn[14] has no FanOut pin
WARNING : Net u_DCT/bdeg/ACC3_rn[15] has no FanOut pin
WARNING : Net u_DCT/bdeg/ACC3_rn[16] has no FanOut pin
WARNING : Net u_DCT/bdeg/ACC3_rn[17] has no FanOut pin
WARNING : Net u_DCT/bdeg/ACC3_rn[18] has no FanOut pin
WARNING : Net u_DCT/bdeg/ACC3_rn[19] has no FanOut pin
WARNING : Net u_DCT/bdeg/ACC2_node2[11] has no FanOut pin
WARNING : Net u_DCT/bdeg/ACC2_node2[12] has no FanOut pin
WARNING : Net u_DCT/bdeg/ACC2_node2[13] has no FanOut pin
WARNING : Net u_DCT/bdeg/ACC2_node2[14] has no FanOut pin
WARNING : Net u_DCT/bdeg/ACC2_node2[15] has no FanOut pin
WARNING : Net u_DCT/bdeg/ACC2_node2[16] has no FanOut pin
WARNING : Net u_DCT/bdeg/ACC2_node2[17] has no FanOut pin
WARNING : Net u_DCT/bdeg/ACC2_node2[18] has no FanOut pin
WARNING : Net u_DCT/bdeg/ACC2_node2[19] has no FanOut pin
WARNING : Net u_DCT/bdeg/ACC2_rn[11] has no FanOut pin
WARNING : Net u_DCT/bdeg/ACC2_rn[12] has no FanOut pin
WARNING : Net u_DCT/bdeg/ACC2_rn[13] has no FanOut pin
WARNING : Net u_DCT/bdeg/ACC2_rn[14] has no FanOut pin
WARNING : Net u_DCT/bdeg/ACC2_rn[15] has no FanOut pin
WARNING : Net u_DCT/bdeg/ACC2_rn[16] has no FanOut pin
WARNING : Net u_DCT/bdeg/ACC2_rn[17] has no FanOut pin
WARNING : Net u_DCT/bdeg/ACC2_rn[18] has no FanOut pin
WARNING : Net u_DCT/bdeg/ACC2_rn[19] has no FanOut pin
WARNING : Net u_DCT/bdeg/ACC1_node2[11] has no FanOut pin
WARNING : Net u_DCT/bdeg/ACC1_node2[12] has no FanOut pin
WARNING : Net u_DCT/bdeg/ACC1_node2[13] has no FanOut pin
WARNING : Net u_DCT/bdeg/ACC1_node2[14] has no FanOut pin
WARNING : Net u_DCT/bdeg/ACC1_node2[15] has no FanOut pin
WARNING : Net u_DCT/bdeg/ACC1_node2[16] has no FanOut pin
WARNING : Net u_DCT/bdeg/ACC1_node2[17] has no FanOut pin
WARNING : Net u_DCT/bdeg/ACC1_node2[18] has no FanOut pin
WARNING : Net u_DCT/bdeg/ACC1_node2[19] has no FanOut pin
WARNING : Net u_DCT/bdeg/ACC1_rn[11] has no FanOut pin
WARNING : Net u_DCT/bdeg/ACC1_rn[12] has no FanOut pin
WARNING : Net u_DCT/bdeg/ACC1_rn[13] has no FanOut pin
WARNING : Net u_DCT/bdeg/ACC1_rn[14] has no FanOut pin
WARNING : Net u_DCT/bdeg/ACC1_rn[15] has no FanOut pin
WARNING : Net u_DCT/bdeg/ACC1_rn[16] has no FanOut pin
WARNING : Net u_DCT/bdeg/ACC1_rn[17] has no FanOut pin
WARNING : Net u_DCT/bdeg/ACC1_rn[18] has no FanOut pin
WARNING : Net u_DCT/bdeg/ACC1_rn[19] has no FanOut pin
WARNING : Net u_DCT/bdeg/ACC0_node2[11] has no FanOut pin
WARNING : Net u_DCT/bdeg/ACC0_node2[12] has no FanOut pin
WARNING : Net u_DCT/bdeg/ACC0_node2[13] has no FanOut pin
WARNING : Net u_DCT/bdeg/ACC0_node2[14] has no FanOut pin
WARNING : Net u_DCT/bdeg/ACC0_node2[15] has no FanOut pin
WARNING : Net u_DCT/bdeg/ACC0_node2[16] has no FanOut pin
WARNING : Net u_DCT/bdeg/ACC0_node2[17] has no FanOut pin
WARNING : Net u_DCT/bdeg/ACC0_node2[18] has no FanOut pin
WARNING : Net u_DCT/bdeg/ACC0_node2[19] has no FanOut pin
WARNING : Net u_DCT/bdeg/ACC0_rn[11] has no FanOut pin
WARNING : Net u_DCT/bdeg/ACC0_rn[12] has no FanOut pin
WARNING : Net u_DCT/bdeg/ACC0_rn[13] has no FanOut pin
WARNING : Net u_DCT/bdeg/ACC0_rn[14] has no FanOut pin
WARNING : Net u_DCT/bdeg/ACC0_rn[15] has no FanOut pin
WARNING : Net u_DCT/bdeg/ACC0_rn[16] has no FanOut pin
WARNING : Net u_DCT/bdeg/ACC0_rn[17] has no FanOut pin
WARNING : Net u_DCT/bdeg/ACC0_rn[18] has no FanOut pin
WARNING : Net u_DCT/bdeg/ACC0_rn[19] has no FanOut pin
WARNING : Net u_DCT/acf/mult_f_mixed_mult_1_12/UNCONNECTED has no FanOut pin
WARNING : Net u_DCT/acf/n_1332 has no FanOut pin
WARNING : Net u_DCT/acf/UNCONNECTED_HIER_Z14 has no FanOut pin
WARNING : Net u_DCT/acf/UNCONNECTED_HIER_Z13 has no FanOut pin
WARNING : Net u_DCT/acf/UNCONNECTED_HIER_Z12 has no FanOut pin
WARNING : Net u_DCT/acf/UNCONNECTED_HIER_Z11 has no FanOut pin
WARNING : Net u_DCT/acf/UNCONNECTED_HIER_Z10 has no FanOut pin
WARNING : Net u_DCT/acf/UNCONNECTED_HIER_Z9 has no FanOut pin
WARNING : Net u_DCT/acf/UNCONNECTED_HIER_Z8 has no FanOut pin
WARNING : Net u_DCT/acf/UNCONNECTED_HIER_Z7 has no FanOut pin
WARNING : Net u_DCT/acf/UNCONNECTED_HIER_Z6 has no FanOut pin
WARNING : Net u_DCT/acf/UNCONNECTED_HIER_Z5 has no FanOut pin
WARNING : Net u_DCT/acf/UNCONNECTED_HIER_Z4 has no FanOut pin
WARNING : Net u_DCT/acf/UNCONNECTED_HIER_Z3 has no FanOut pin
WARNING : Net u_DCT/acf/UNCONNECTED_HIER_Z2 has no FanOut pin
WARNING : Net u_DCT/acf/UNCONNECTED_HIER_Z1 has no FanOut pin
WARNING : Net u_DCT/acf/UNCONNECTED_HIER_Z0 has no FanOut pin
WARNING : Net u_DCT/acf/UNCONNECTED_HIER_Z has no FanOut pin
WARNING : Net u_DCT/acf/UNCONNECTED0 has no FanOut pin
WARNING : Net u_DCT/acf/mult_f_Z1[2] has no FanOut pin
WARNING : Net u_DCT/acf/mult_f_Z1[3] has no FanOut pin
WARNING : Net u_DCT/acf/mult_f_Z1[4] has no FanOut pin
WARNING : Net u_DCT/acf/mult_f_Z1[5] has no FanOut pin
WARNING : Net u_DCT/acf/mult_f_Z1[6] has no FanOut pin
WARNING : Net u_DCT/acf/mult_f_Z1[7] has no FanOut pin
WARNING : Net u_DCT/acf/mult_f_Z1[8] has no FanOut pin
WARNING : Net u_DCT/acf/mult_f_Z1[9] has no FanOut pin
WARNING : Net u_DCT/acf/mult_f_Z1[10] has no FanOut pin
WARNING : Net u_DCT/acf/mult_f_Z1[31] has no FanOut pin
WARNING : Net u_DCT/acf/mult_c_Z1[0] has no FanOut pin
WARNING : Net u_DCT/acf/mult_c_Z1[1] has no FanOut pin
WARNING : Net u_DCT/acf/mult_c_Z1[2] has no FanOut pin
WARNING : Net u_DCT/acf/mult_c_Z1[3] has no FanOut pin
WARNING : Net u_DCT/acf/mult_c_Z1[4] has no FanOut pin
WARNING : Net u_DCT/acf/mult_c_Z1[5] has no FanOut pin
WARNING : Net u_DCT/acf/mult_c_Z1[26] has no FanOut pin
WARNING : Net u_DCT/acf/mult_a_Z1[0] has no FanOut pin
WARNING : Net u_DCT/acf/mult_a_Z1[1] has no FanOut pin
WARNING : Net u_DCT/acf/mult_a_Z1[2] has no FanOut pin
WARNING : Net u_DCT/acf/mult_a_Z1[3] has no FanOut pin
WARNING : Net u_DCT/acf/mult_a_Z1[4] has no FanOut pin
WARNING : Net u_DCT/acf/mult_a_Z1[25] has no FanOut pin
WARNING : Net u_DCT/acf/multaout[0] has no FanOut pin
WARNING : Net u_DCT/acf/multaout[1] has no FanOut pin
WARNING : Net u_DCT/acf/multaout[2] has no FanOut pin
WARNING : Net u_DCT/acf/multaout[3] has no FanOut pin
WARNING : Net u_DCT/acf/multaout[4] has no FanOut pin
WARNING : Net u_DCT/acf/multaout[25] has no FanOut pin
WARNING : Net u_DCT/acf/multcout[0] has no FanOut pin
WARNING : Net u_DCT/acf/multcout[1] has no FanOut pin
WARNING : Net u_DCT/acf/multcout[2] has no FanOut pin
WARNING : Net u_DCT/acf/multcout[3] has no FanOut pin
WARNING : Net u_DCT/acf/multcout[4] has no FanOut pin
WARNING : Net u_DCT/acf/multcout[5] has no FanOut pin
WARNING : Net u_DCT/acf/multcout[26] has no FanOut pin
WARNING : Net u_DCT/acf/multfout[0] has no FanOut pin
WARNING : Net u_DCT/acf/multfout[1] has no FanOut pin
WARNING : Net u_DCT/acf/multfout[2] has no FanOut pin
WARNING : Net u_DCT/acf/multfout[3] has no FanOut pin
WARNING : Net u_DCT/acf/multfout[4] has no FanOut pin
WARNING : Net u_DCT/acf/multfout[5] has no FanOut pin
WARNING : Net u_DCT/acf/multfout[6] has no FanOut pin
WARNING : Net u_DCT/acf/multfout[7] has no FanOut pin
WARNING : Net u_DCT/acf/multfout[8] has no FanOut pin
WARNING : Net u_DCT/acf/multfout[9] has no FanOut pin
WARNING : Net u_DCT/acf/multfout[10] has no FanOut pin
WARNING : Net u_DCT/acf/ACC3_node2[11] has no FanOut pin
WARNING : Net u_DCT/acf/ACC3_node2[12] has no FanOut pin
WARNING : Net u_DCT/acf/ACC3_node2[13] has no FanOut pin
WARNING : Net u_DCT/acf/ACC3_node2[14] has no FanOut pin
WARNING : Net u_DCT/acf/ACC3_node2[15] has no FanOut pin
WARNING : Net u_DCT/acf/ACC3_node2[16] has no FanOut pin
WARNING : Net u_DCT/acf/ACC3_node2[17] has no FanOut pin
WARNING : Net u_DCT/acf/ACC3_node2[18] has no FanOut pin
WARNING : Net u_DCT/acf/ACC3_node2[19] has no FanOut pin
WARNING : Net u_DCT/acf/ACC3_rn[11] has no FanOut pin
WARNING : Net u_DCT/acf/ACC3_rn[12] has no FanOut pin
WARNING : Net u_DCT/acf/ACC3_rn[13] has no FanOut pin
WARNING : Net u_DCT/acf/ACC3_rn[14] has no FanOut pin
WARNING : Net u_DCT/acf/ACC3_rn[15] has no FanOut pin
WARNING : Net u_DCT/acf/ACC3_rn[16] has no FanOut pin
WARNING : Net u_DCT/acf/ACC3_rn[17] has no FanOut pin
WARNING : Net u_DCT/acf/ACC3_rn[18] has no FanOut pin
WARNING : Net u_DCT/acf/ACC3_rn[19] has no FanOut pin
WARNING : Net u_DCT/acf/ACC2_node2[11] has no FanOut pin
WARNING : Net u_DCT/acf/ACC2_node2[12] has no FanOut pin
WARNING : Net u_DCT/acf/ACC2_node2[13] has no FanOut pin
WARNING : Net u_DCT/acf/ACC2_node2[14] has no FanOut pin
WARNING : Net u_DCT/acf/ACC2_node2[15] has no FanOut pin
WARNING : Net u_DCT/acf/ACC2_node2[16] has no FanOut pin
WARNING : Net u_DCT/acf/ACC2_node2[17] has no FanOut pin
WARNING : Net u_DCT/acf/ACC2_node2[18] has no FanOut pin
WARNING : Net u_DCT/acf/ACC2_node2[19] has no FanOut pin
WARNING : Net u_DCT/acf/ACC2_rn[11] has no FanOut pin
WARNING : Net u_DCT/acf/ACC2_rn[12] has no FanOut pin
WARNING : Net u_DCT/acf/ACC2_rn[13] has no FanOut pin
WARNING : Net u_DCT/acf/ACC2_rn[14] has no FanOut pin
WARNING : Net u_DCT/acf/ACC2_rn[15] has no FanOut pin
WARNING : Net u_DCT/acf/ACC2_rn[16] has no FanOut pin
WARNING : Net u_DCT/acf/ACC2_rn[17] has no FanOut pin
WARNING : Net u_DCT/acf/ACC2_rn[18] has no FanOut pin
WARNING : Net u_DCT/acf/ACC2_rn[19] has no FanOut pin
WARNING : Net u_DCT/acf/ACC1_node2[11] has no FanOut pin
WARNING : Net u_DCT/acf/ACC1_node2[12] has no FanOut pin
WARNING : Net u_DCT/acf/ACC1_node2[13] has no FanOut pin
WARNING : Net u_DCT/acf/ACC1_node2[14] has no FanOut pin
WARNING : Net u_DCT/acf/ACC1_node2[15] has no FanOut pin
WARNING : Net u_DCT/acf/ACC1_node2[16] has no FanOut pin
WARNING : Net u_DCT/acf/ACC1_node2[17] has no FanOut pin
WARNING : Net u_DCT/acf/ACC1_node2[18] has no FanOut pin
WARNING : Net u_DCT/acf/ACC1_node2[19] has no FanOut pin
WARNING : Net u_DCT/acf/ACC1_rn[11] has no FanOut pin
WARNING : Net u_DCT/acf/ACC1_rn[12] has no FanOut pin
WARNING : Net u_DCT/acf/ACC1_rn[13] has no FanOut pin
WARNING : Net u_DCT/acf/ACC1_rn[14] has no FanOut pin
WARNING : Net u_DCT/acf/ACC1_rn[15] has no FanOut pin
WARNING : Net u_DCT/acf/ACC1_rn[16] has no FanOut pin
WARNING : Net u_DCT/acf/ACC1_rn[17] has no FanOut pin
WARNING : Net u_DCT/acf/ACC1_rn[18] has no FanOut pin
WARNING : Net u_DCT/acf/ACC1_rn[19] has no FanOut pin
WARNING : Net u_DCT/acf/ACC0_node2[11] has no FanOut pin
WARNING : Net u_DCT/acf/ACC0_node2[12] has no FanOut pin
WARNING : Net u_DCT/acf/ACC0_node2[13] has no FanOut pin
WARNING : Net u_DCT/acf/ACC0_node2[14] has no FanOut pin
WARNING : Net u_DCT/acf/ACC0_node2[15] has no FanOut pin
WARNING : Net u_DCT/acf/ACC0_node2[16] has no FanOut pin
WARNING : Net u_DCT/acf/ACC0_node2[17] has no FanOut pin
WARNING : Net u_DCT/acf/ACC0_node2[18] has no FanOut pin
WARNING : Net u_DCT/acf/ACC0_node2[19] has no FanOut pin
WARNING : Net u_DCT/acf/ACC0_rn[11] has no FanOut pin
WARNING : Net u_DCT/acf/ACC0_rn[12] has no FanOut pin
WARNING : Net u_DCT/acf/ACC0_rn[13] has no FanOut pin
WARNING : Net u_DCT/acf/ACC0_rn[14] has no FanOut pin
WARNING : Net u_DCT/acf/ACC0_rn[15] has no FanOut pin
WARNING : Net u_DCT/acf/ACC0_rn[16] has no FanOut pin
WARNING : Net u_DCT/acf/ACC0_rn[17] has no FanOut pin
WARNING : Net u_DCT/acf/ACC0_rn[18] has no FanOut pin
WARNING : Net u_DCT/acf/ACC0_rn[19] has no FanOut pin
WARNING : Net u_DCT/UNCONNECTED35 has no FanOut pin
WARNING : Net u_DCT/UNCONNECTED34 has no FanOut pin
WARNING : Net u_DCT/UNCONNECTED33 has no FanOut pin
WARNING : Net u_DCT/UNCONNECTED32 has no FanOut pin
WARNING : Net u_DCT/UNCONNECTED31 has no FanOut pin
WARNING : Net u_DCT/UNCONNECTED30 has no FanOut pin
WARNING : Net u_DCT/UNCONNECTED29 has no FanOut pin
WARNING : Net u_DCT/UNCONNECTED28 has no FanOut pin
WARNING : Net u_DCT/UNCONNECTED27 has no FanOut pin
WARNING : Net u_DCT/UNCONNECTED26 has no FanOut pin
WARNING : Net u_DCT/UNCONNECTED25 has no FanOut pin
WARNING : Net u_DCT/UNCONNECTED24 has no FanOut pin
WARNING : Net u_DCT/UNCONNECTED23 has no FanOut pin
WARNING : Net u_DCT/UNCONNECTED22 has no FanOut pin
WARNING : Net u_DCT/UNCONNECTED21 has no FanOut pin
WARNING : Net u_DCT/UNCONNECTED20 has no FanOut pin
WARNING : Net u_DCT/UNCONNECTED19 has no FanOut pin
WARNING : Net u_DCT/UNCONNECTED18 has no FanOut pin
WARNING : Net u_DCT/UNCONNECTED17 has no FanOut pin
WARNING : Net u_DCT/UNCONNECTED16 has no FanOut pin
WARNING : Net u_DCT/UNCONNECTED15 has no FanOut pin
WARNING : Net u_DCT/UNCONNECTED14 has no FanOut pin
WARNING : Net u_DCT/UNCONNECTED13 has no FanOut pin
WARNING : Net u_DCT/UNCONNECTED12 has no FanOut pin
WARNING : Net u_DCT/UNCONNECTED11 has no FanOut pin
WARNING : Net u_DCT/UNCONNECTED10 has no FanOut pin
WARNING : Net u_DCT/UNCONNECTED9 has no FanOut pin
WARNING : Net u_DCT/UNCONNECTED8 has no FanOut pin
WARNING : Net u_DCT/UNCONNECTED7 has no FanOut pin
WARNING : Net u_DCT/UNCONNECTED6 has no FanOut pin
WARNING : Net u_DCT/tposemem_Bisted_RF_2P_ADV64x16_bist_ctrl_n[6] has no FanOut pin
WARNING : Net u_DCT/tposemem_Bisted_RF_2P_ADV64x16_bist_ctrl_n[7] has no FanOut pin
WARNING : Net u_DCT/tposemem_Bisted_RF_2P_ADV64x16_bist_ctrl_n[8] has no FanOut pin
WARNING : Net u_DCT/tposemem_Bisted_RF_2P_ADV64x16_bist_ctrl_n[9] has no FanOut pin
WARNING : Net u_DCT/tposemem_Bisted_RF_2P_ADV64x16_bist_ctrl_n[10] has no FanOut pin
WARNING : Net u_DCT/tposemem_Bisted_RF_2P_ADV64x16_bist_ctrl_n[11] has no FanOut pin
WARNING : Net u_DCT/tposemem_Bisted_RF_2P_ADV64x16_bist_ctrl_n[12] has no FanOut pin
WARNING : Net u_DCT/tposemem_Bisted_RF_2P_ADV64x16_bist_ctrl_n[13] has no FanOut pin
WARNING : Net u_DCT/tposemem_Bisted_RF_2P_ADV64x16_bist_ctrl_n[22] has no FanOut pin
WARNING : Net u_DCT/tposemem_QA[3] has no FanOut pin
WARNING : Net u_DCT/tposemem_QA[4] has no FanOut pin
WARNING : Net u_DCT/tposemem_QA[5] has no FanOut pin
WARNING : Net u_DCT/tposemem_QA[6] has no FanOut pin
WARNING : Net u_DCT/tposemem_QA[7] has no FanOut pin
WARNING : Net u_DCT/tposemem_QA[8] has no FanOut pin
WARNING : Net u_DCT/tposemem_QA[9] has no FanOut pin
WARNING : Net u_DCT/tposemem_QA[10] has no FanOut pin
WARNING : Net u_DCT/tposemem_QA[11] has no FanOut pin
WARNING : Net u_DCT/tposemem_QA[12] has no FanOut pin
WARNING : Net u_DCT/tposemem_QA[13] has no FanOut pin
WARNING : Net u_DCT/tposemem_QA[14] has no FanOut pin
WARNING : Net u_DCT/tposemem_QA[15] has no FanOut pin
WARNING : Net VSS has 116 fanout
WARNING : Net VDD has 73 fanout
WARNING : Net u_IDCT/bdeg/rc_gclk has 72 fanout
WARNING : Net u_IDCT/bdeg/n_647 has 100 fanout
WARNING : Net u_IDCT/bdeg/n_631 has 81 fanout
WARNING : Net u_IDCT/bdeg/ACC0_n_705_BAR has 113 fanout
WARNING : Net u_IDCT/acf/rc_gclk has 72 fanout
WARNING : Net u_IDCT/acf/ACC2_n_705_BAR has 112 fanout
WARNING : Net u_DCT/bdeg/rc_gclk has 72 fanout
WARNING : Net u_DCT/bdeg/n_645 has 101 fanout
WARNING : Net u_DCT/bdeg/n_630 has 81 fanout
WARNING : Net u_DCT/bdeg/ACC0_n_705_BAR has 113 fanout
WARNING : Net u_DCT/acf/rc_gclk has 72 fanout
WARNING : Net u_DCT/acf/ACC0_n_705_BAR has 112 fanout
WARNING : Net rc_gclk_98 has 2017 fanout
WARNING : Net i_SCAN_EN has 3284 fanout
WARNING : Net i_CLK has 670 fanout
WARNING : Net d_Mode has 98 fanout

