Command: report datapath > reports_Jun03-11:41:24/generic/CHIP_datapath.rpt
============================================================
  Generated by:           Genus(TM) Synthesis Solution 19.10-p002_1
  Generated on:           Jun 03 2020  11:44:14 am
  Module:                 CHIP
  Operating conditions:   slow 
  Interconnect mode:      global
  Area mode:              physical library
============================================================

Instantiated datapath components
               Operator Signedness Inputs Outputs CellArea 
===========================================================

Inferred components

               Operator Signedness Inputs Outputs CellArea 
===========================================================
CHIP
 u_DCT
  DRU
   add_58_47
    
    module:add_unsigned_18_1
     very_fast     +    unsigned   17x17  17        224.77 
===========================================================
CHIP
 u_DCT
  DRU
   sub_60_47
    
    module:sub_unsigned_1
     very_fast     -    unsigned   17x17  17        223.17 
===========================================================
CHIP
 u_DCT
  IDRU8
   add_86_45
    
    module:add_unsigned_744_1
     very_fast     +    unsigned   18x18  18        288.53 
===========================================================
CHIP
 u_DCT
  IDRU8
   sub_87_45
    
    module:sub_unsigned_728_1
     very_fast     -    unsigned   18x18  18        231.14 
===========================================================
CHIP
 u_IDCT
  DRU
   add_58_47
    
    module:add_unsigned_18_1
     very_fast     +    unsigned   17x17  17        224.77 
===========================================================
CHIP
 u_IDCT
  DRU
   sub_60_47
    
    module:sub_unsigned_1
     very_fast     -    unsigned   17x17  17        223.17 
===========================================================
CHIP
 u_IDCT
  IDRU8
   add_86_45
    
    module:add_unsigned_744_1
     very_fast     +    unsigned   18x18  18        288.53 
===========================================================
CHIP
 u_IDCT
  IDRU8
   sub_87_45
    
    module:sub_unsigned_728_1
     very_fast     -    unsigned   18x18  18        231.14 
===========================================================

      Type        CellArea Percentage 
--------------------------------------
datapath modules   1935.24       0.71 
external muxes        0.00       0.00 
others           270448.96      99.29 
--------------------------------------
total            272384.20     100.00 

