============================================================
  Generated by:           Genus(TM) Synthesis Solution 19.10-p002_1
  Generated on:           Jun 03 2020  11:46:25 am
  Module:                 CHIP
  Operating conditions:   slow 
  Interconnect mode:      global
  Area mode:              physical library
============================================================


Path 1: MET (239 ps) Setup Check with Pin u_IDCT/bdeg/mult_e_retime_s1_7_reg/CK->D
           Mode: func_mode
          Group: CLK1
     Startpoint: (R) u_IDCT/DRU/ToBDEG_reg[6]/CK
          Clock: (R) CLK1
       Endpoint: (R) u_IDCT/bdeg/mult_e_retime_s1_7_reg/D
          Clock: (R) CLK1

                     Capture       Launch     
        Clock Edge:+    8000            0     
       Src Latency:+       0            0     
       Net Latency:+    2000 (I)     2000 (I) 
           Arrival:=   10000         2000     
                                              
             Setup:-     270                  
       Uncertainty:-     500                  
     Required Time:=    9230                  
      Launch Clock:-    2000                  
         Data Path:-    6991                  
             Slack:=     239                  

#----------------------------------------------------------------------------------------------------------------------
#                Timing Point                  Flags    Arc   Edge   Cell     Fanout Load Trans Delay Arrival Instance 
#                                                                                    (fF)  (ps)  (ps)   (ps)  Location 
#----------------------------------------------------------------------------------------------------------------------
  u_IDCT/DRU/ToBDEG_reg[6]/CK                  -       -      R     (arrival)     37    -     0     -    2000    (-,-) 
  u_IDCT/DRU/ToBDEG_reg[6]/Q                   -       CK->Q  F     SDFF_X1        4  8.1    58   267    2267    (-,-) 
  u_IDCT/bdeg/mult_e_mixed_mult_1_12/g38662/Z  -       A->Z   F     CLKBUF_X1      1  2.0    21   116    2383    (-,-) 
  u_IDCT/bdeg/mult_e_mixed_mult_1_12/g38751/Z  -       A->Z   F     CLKBUF_X1      1  2.8    24   100    2482    (-,-) 
  u_IDCT/bdeg/mult_e_mixed_mult_1_12/g38818/ZN -       A->ZN  R     INV_X1         3  8.2    75    99    2581    (-,-) 
  u_IDCT/bdeg/mult_e_mixed_mult_1_12/g38124/ZN -       A1->ZN F     NOR2_X1        1  2.1    21    39    2620    (-,-) 
  u_IDCT/bdeg/mult_e_mixed_mult_1_12/g38584/ZN -       A1->ZN F     OR2_X1         1  2.7    33   175    2795    (-,-) 
  u_IDCT/bdeg/mult_e_mixed_mult_1_12/g38105/ZN -       A->ZN  R     OAI21_X1       2  5.1   130   103    2898    (-,-) 
  u_IDCT/bdeg/mult_e_mixed_mult_1_12/g38039/ZN -       A1->ZN F     NOR2_X1        2  4.9    41    66    2964    (-,-) 
  u_IDCT/bdeg/mult_e_mixed_mult_1_12/g38037/ZN -       A->ZN  R     INV_X1         1  2.9    33    63    3027    (-,-) 
  u_IDCT/bdeg/mult_e_mixed_mult_1_12/g38015/ZN -       A1->ZN F     NAND2_X1       1  3.4    24    47    3074    (-,-) 
  u_IDCT/bdeg/mult_e_mixed_mult_1_12/g37999/ZN -       A->ZN  F     XNOR2_X1       1  2.0    26   122    3196    (-,-) 
  u_IDCT/bdeg/mult_e_mixed_mult_1_12/g38837/Z  -       A->Z   F     CLKBUF_X1      2  4.8    32   115    3311    (-,-) 
  u_IDCT/bdeg/mult_e_mixed_mult_1_12/g37920/ZN -       A2->ZN R     NAND2_X1       1  2.9    42    72    3383    (-,-) 
  u_IDCT/bdeg/mult_e_mixed_mult_1_12/g38839/ZN -       A->ZN  F     INV_X1         1  3.9    16    36    3419    (-,-) 
  u_IDCT/bdeg/mult_e_mixed_mult_1_12/g37907/CO -       CI->CO F     FA_X1          1  3.9    53   272    3691    (-,-) 
  u_IDCT/bdeg/mult_e_mixed_mult_1_12/g37906/CO -       CI->CO F     FA_X1          1  3.9    53   287    3978    (-,-) 
  u_IDCT/bdeg/mult_e_mixed_mult_1_12/g37905/CO -       CI->CO F     FA_X1          1  3.9    53   287    4265    (-,-) 
  u_IDCT/bdeg/mult_e_mixed_mult_1_12/g37904/CO -       CI->CO F     FA_X1          1  3.9    53   287    4552    (-,-) 
  u_IDCT/bdeg/mult_e_mixed_mult_1_12/g37903/CO -       CI->CO F     FA_X1          1  3.9    53   287    4840    (-,-) 
  u_IDCT/bdeg/mult_e_mixed_mult_1_12/g37902/CO -       CI->CO F     FA_X1          1  3.9    53   287    5127    (-,-) 
  u_IDCT/bdeg/mult_e_mixed_mult_1_12/g37901/CO -       CI->CO F     FA_X1          1  3.9    53   287    5414    (-,-) 
  u_IDCT/bdeg/mult_e_mixed_mult_1_12/g37900/CO -       CI->CO F     FA_X1          1  3.9    53   287    5702    (-,-) 
  u_IDCT/bdeg/mult_e_mixed_mult_1_12/g37899/CO -       CI->CO F     FA_X1          1  3.9    53   287    5989    (-,-) 
  u_IDCT/bdeg/mult_e_mixed_mult_1_12/g37898/CO -       CI->CO F     FA_X1          1  3.9    53   287    6276    (-,-) 
  u_IDCT/bdeg/mult_e_mixed_mult_1_12/g37897/CO -       CI->CO F     FA_X1          1  3.9    53   287    6564    (-,-) 
  u_IDCT/bdeg/mult_e_mixed_mult_1_12/g37896/CO -       CI->CO F     FA_X1          1  3.9    53   287    6851    (-,-) 
  u_IDCT/bdeg/mult_e_mixed_mult_1_12/g37895/CO -       CI->CO F     FA_X1          1  3.9    53   287    7138    (-,-) 
  u_IDCT/bdeg/mult_e_mixed_mult_1_12/g37894/CO -       CI->CO F     FA_X1          1  3.9    53   287    7426    (-,-) 
  u_IDCT/bdeg/mult_e_mixed_mult_1_12/g37893/CO -       CI->CO F     FA_X1          1  3.9    53   287    7713    (-,-) 
  u_IDCT/bdeg/mult_e_mixed_mult_1_12/g37892/CO -       CI->CO F     FA_X1          1  3.9    53   287    8000    (-,-) 
  u_IDCT/bdeg/mult_e_mixed_mult_1_12/g37891/CO -       CI->CO F     FA_X1          1  3.9    53   287    8287    (-,-) 
  u_IDCT/bdeg/mult_e_mixed_mult_1_12/g37890/CO -       CI->CO F     FA_X1          1  3.9    53   287    8575    (-,-) 
  u_IDCT/bdeg/mult_e_mixed_mult_1_12/g37889/S  -       CI->S  R     FA_X1          1  2.4    40   416    8991    (-,-) 
  u_IDCT/bdeg/mult_e_retime_s1_7_reg/D         -       -      R     SDFF_X1        1    -     -     0    8991    (-,-) 
#----------------------------------------------------------------------------------------------------------------------


============================================================
  Generated by:           Genus(TM) Synthesis Solution 19.10-p002_1
  Generated on:           Jun 03 2020  11:46:25 am
  Module:                 CHIP
  Operating conditions:   slow 
  Interconnect mode:      global
  Area mode:              physical library
============================================================


Path 1: MET (92239 ps) Setup Check with Pin u_IDCT/bdeg/mult_e_retime_s1_7_reg/CK->D
           Mode: scan_mode
          Group: CLK1
     Startpoint: (R) u_IDCT/DRU/ToBDEG_reg[6]/CK
          Clock: (R) CLK1
       Endpoint: (R) u_IDCT/bdeg/mult_e_retime_s1_7_reg/D
          Clock: (R) CLK1

                     Capture       Launch     
        Clock Edge:+  100000            0     
       Src Latency:+       0            0     
       Net Latency:+    2000 (I)     2000 (I) 
           Arrival:=  102000         2000     
                                              
             Setup:-     270                  
       Uncertainty:-     500                  
     Required Time:=  101230                  
      Launch Clock:-    2000                  
         Data Path:-    6991                  
             Slack:=   92239                  

#----------------------------------------------------------------------------------------------------------------------
#                Timing Point                  Flags    Arc   Edge   Cell     Fanout Load Trans Delay Arrival Instance 
#                                                                                    (fF)  (ps)  (ps)   (ps)  Location 
#----------------------------------------------------------------------------------------------------------------------
  u_IDCT/DRU/ToBDEG_reg[6]/CK                  -       -      R     (arrival)     37    -     0     -    2000    (-,-) 
  u_IDCT/DRU/ToBDEG_reg[6]/Q                   -       CK->Q  F     SDFF_X1        4  8.1    58   267    2267    (-,-) 
  u_IDCT/bdeg/mult_e_mixed_mult_1_12/g38662/Z  -       A->Z   F     CLKBUF_X1      1  2.0    21   116    2383    (-,-) 
  u_IDCT/bdeg/mult_e_mixed_mult_1_12/g38751/Z  -       A->Z   F     CLKBUF_X1      1  2.8    24   100    2482    (-,-) 
  u_IDCT/bdeg/mult_e_mixed_mult_1_12/g38818/ZN -       A->ZN  R     INV_X1         3  8.2    75    99    2581    (-,-) 
  u_IDCT/bdeg/mult_e_mixed_mult_1_12/g38124/ZN -       A1->ZN F     NOR2_X1        1  2.1    21    39    2620    (-,-) 
  u_IDCT/bdeg/mult_e_mixed_mult_1_12/g38584/ZN -       A1->ZN F     OR2_X1         1  2.7    33   175    2795    (-,-) 
  u_IDCT/bdeg/mult_e_mixed_mult_1_12/g38105/ZN -       A->ZN  R     OAI21_X1       2  5.1   130   103    2898    (-,-) 
  u_IDCT/bdeg/mult_e_mixed_mult_1_12/g38039/ZN -       A1->ZN F     NOR2_X1        2  4.9    41    66    2964    (-,-) 
  u_IDCT/bdeg/mult_e_mixed_mult_1_12/g38037/ZN -       A->ZN  R     INV_X1         1  2.9    33    63    3027    (-,-) 
  u_IDCT/bdeg/mult_e_mixed_mult_1_12/g38015/ZN -       A1->ZN F     NAND2_X1       1  3.4    24    47    3074    (-,-) 
  u_IDCT/bdeg/mult_e_mixed_mult_1_12/g37999/ZN -       A->ZN  F     XNOR2_X1       1  2.0    26   122    3196    (-,-) 
  u_IDCT/bdeg/mult_e_mixed_mult_1_12/g38837/Z  -       A->Z   F     CLKBUF_X1      2  4.8    32   115    3311    (-,-) 
  u_IDCT/bdeg/mult_e_mixed_mult_1_12/g37920/ZN -       A2->ZN R     NAND2_X1       1  2.9    42    72    3383    (-,-) 
  u_IDCT/bdeg/mult_e_mixed_mult_1_12/g38839/ZN -       A->ZN  F     INV_X1         1  3.9    16    36    3419    (-,-) 
  u_IDCT/bdeg/mult_e_mixed_mult_1_12/g37907/CO -       CI->CO F     FA_X1          1  3.9    53   272    3691    (-,-) 
  u_IDCT/bdeg/mult_e_mixed_mult_1_12/g37906/CO -       CI->CO F     FA_X1          1  3.9    53   287    3978    (-,-) 
  u_IDCT/bdeg/mult_e_mixed_mult_1_12/g37905/CO -       CI->CO F     FA_X1          1  3.9    53   287    4265    (-,-) 
  u_IDCT/bdeg/mult_e_mixed_mult_1_12/g37904/CO -       CI->CO F     FA_X1          1  3.9    53   287    4552    (-,-) 
  u_IDCT/bdeg/mult_e_mixed_mult_1_12/g37903/CO -       CI->CO F     FA_X1          1  3.9    53   287    4840    (-,-) 
  u_IDCT/bdeg/mult_e_mixed_mult_1_12/g37902/CO -       CI->CO F     FA_X1          1  3.9    53   287    5127    (-,-) 
  u_IDCT/bdeg/mult_e_mixed_mult_1_12/g37901/CO -       CI->CO F     FA_X1          1  3.9    53   287    5414    (-,-) 
  u_IDCT/bdeg/mult_e_mixed_mult_1_12/g37900/CO -       CI->CO F     FA_X1          1  3.9    53   287    5702    (-,-) 
  u_IDCT/bdeg/mult_e_mixed_mult_1_12/g37899/CO -       CI->CO F     FA_X1          1  3.9    53   287    5989    (-,-) 
  u_IDCT/bdeg/mult_e_mixed_mult_1_12/g37898/CO -       CI->CO F     FA_X1          1  3.9    53   287    6276    (-,-) 
  u_IDCT/bdeg/mult_e_mixed_mult_1_12/g37897/CO -       CI->CO F     FA_X1          1  3.9    53   287    6564    (-,-) 
  u_IDCT/bdeg/mult_e_mixed_mult_1_12/g37896/CO -       CI->CO F     FA_X1          1  3.9    53   287    6851    (-,-) 
  u_IDCT/bdeg/mult_e_mixed_mult_1_12/g37895/CO -       CI->CO F     FA_X1          1  3.9    53   287    7138    (-,-) 
  u_IDCT/bdeg/mult_e_mixed_mult_1_12/g37894/CO -       CI->CO F     FA_X1          1  3.9    53   287    7426    (-,-) 
  u_IDCT/bdeg/mult_e_mixed_mult_1_12/g37893/CO -       CI->CO F     FA_X1          1  3.9    53   287    7713    (-,-) 
  u_IDCT/bdeg/mult_e_mixed_mult_1_12/g37892/CO -       CI->CO F     FA_X1          1  3.9    53   287    8000    (-,-) 
  u_IDCT/bdeg/mult_e_mixed_mult_1_12/g37891/CO -       CI->CO F     FA_X1          1  3.9    53   287    8287    (-,-) 
  u_IDCT/bdeg/mult_e_mixed_mult_1_12/g37890/CO -       CI->CO F     FA_X1          1  3.9    53   287    8575    (-,-) 
  u_IDCT/bdeg/mult_e_mixed_mult_1_12/g37889/S  -       CI->S  R     FA_X1          1  2.4    40   416    8991    (-,-) 
  u_IDCT/bdeg/mult_e_retime_s1_7_reg/D         -       -      R     SDFF_X1        1    -     -     0    8991    (-,-) 
#----------------------------------------------------------------------------------------------------------------------


