============================================================
  Generated by:           Genus(TM) Synthesis Solution 19.10-p002_1
  Generated on:           Jun 03 2020  11:47:22 am
  Module:                 CHIP
  Operating conditions:   slow 
  Interconnect mode:      global
  Area mode:              physical library
============================================================


Summary
-------
--------------------------------------------------------------------------------------
                   Category                    Number   %   Average Toggle Saving %   
--------------------------------------------------------------------------------------
 RC Clock Gating Instances                         27  100            0.00            
 Non-RC Clock Gating Instances                      0    0            0.00            
--------------------------------------------------------------------------------------
 RC Gated Flip-flops                             2631   80            0.00            
 Non-RC Gated Flip-flops                            0    0            0.00            
--------------------------------------------------------------------------------------
 Total Ungated Flip-flops                         649   20              -             
 Enable not found                                 614   95              -             
 Driven by a timing_model/Unresolved instance      19    3              -             
 Register bank width too small                     16    2              -             
--------------------------------------------------------------------------------------
 Total Flip-flops                                3280  100              -             
--------------------------------------------------------------------------------------


