============================================================
  Generated by:           Genus(TM) Synthesis Solution 19.10-p002_1
  Generated on:           Jun 03 2020  11:46:25 am
  Module:                 CHIP
  Operating conditions:   slow 
  Interconnect mode:      global
  Area mode:              physical library
============================================================

No paths found


============================================================
  Generated by:           Genus(TM) Synthesis Solution 19.10-p002_1
  Generated on:           Jun 03 2020  11:46:25 am
  Module:                 CHIP
  Operating conditions:   slow 
  Interconnect mode:      global
  Area mode:              physical library
============================================================


Path 1: MET (94572 ps) Late External Delay Assertion at pin Z[0]
           Mode: scan_mode
          Group: C2O_scan_mode
     Startpoint: (R) u_IDCT/Z_reg[0]/CK
          Clock: (R) CLK1
       Endpoint: (R) Z[0]
          Clock: (R) CLK1

                     Capture       Launch     
        Clock Edge:+  100000            0     
       Src Latency:+       0            0     
       Net Latency:+    2000 (I)     2000 (I) 
           Arrival:=  102000         2000     
                                              
      Output Delay:-    3000                  
       Uncertainty:-     500                  
     Required Time:=   98500                  
      Launch Clock:-    2000                  
         Data Path:-    1928                  
             Slack:=   94572                  

Exceptions/Constraints:
  output_delay             3000            CHIP_scan.sdc_line_12_56_1 

#---------------------------------------------------------------------------------------------
#   Timing Point     Flags    Arc   Edge   Cell     Fanout  Load Trans Delay Arrival Instance 
#                                                           (fF)  (ps)  (ps)   (ps)  Location 
#---------------------------------------------------------------------------------------------
  u_IDCT/Z_reg[0]/CK -       -      R     (arrival)    734     -     0     -    2000    (-,-) 
  u_IDCT/Z_reg[0]/Q  -       CK->Q  R     SDFF_X2        1 101.3   422   638    2638    (-,-) 
  opad_Z0/PAD        (P)     I->PAD R     PADOUT         1  20.0    38  1290    3928    (-,-) 
  Z[0]               -       -      R     (port)         -     -     -     0    3928    (-,-) 
#---------------------------------------------------------------------------------------------

(P) : Instance is preserved


