============================================================
  Generated by:           Genus(TM) Synthesis Solution 19.10-p002_1
  Generated on:           Jun 03 2020  11:46:25 am
  Module:                 CHIP
  Operating conditions:   slow 
  Interconnect mode:      global
  Area mode:              physical library
============================================================


Path 1: VIOLATED (-7093 ps) Setup Check with Pin d_DoDCT_reg/CK->D
           Mode: func_mode
          Group: I2C_func_mode
     Startpoint: (R) DoDCT
          Clock: (R) CLK1
       Endpoint: (R) d_DoDCT_reg/D
          Clock: (R) CLK1

                     Capture       Launch     
        Clock Edge:+    8000            0     
        Drv Adjust:+       0        10000     
       Src Latency:+       0            0     
       Net Latency:+    2000 (I)     2000 (I) 
           Arrival:=   10000        12000     
                                              
             Setup:-     279                  
       Uncertainty:-     500                  
     Required Time:=    9221                  
      Launch Clock:-   12000                  
       Input Delay:-    3000                  
         Data Path:-    1314                  
             Slack:=   -7093                  

Exceptions/Constraints:
  input_delay             3000            CHIP_func.sdc_line_11_2_1 

#-----------------------------------------------------------------------------------------
# Timing Point   Flags    Arc   Edge   Cell     Fanout  Load Trans Delay Arrival Instance 
#                                                       (fF)  (ps)  (ps)   (ps)  Location 
#-----------------------------------------------------------------------------------------
  DoDCT          -       -      R     (arrival)      1 100.0 10000     0   15000    (-,-) 
  ipad_DoDCT/C   (P)     PAD->C R     PADIN          1 102.4   123  1314   16314    (-,-) 
  d_DoDCT_reg/D  -       -      R     SDFF_X1        1     -     -     0   16314    (-,-) 
#-----------------------------------------------------------------------------------------

(P) : Instance is preserved


============================================================
  Generated by:           Genus(TM) Synthesis Solution 19.10-p002_1
  Generated on:           Jun 03 2020  11:46:25 am
  Module:                 CHIP
  Operating conditions:   slow 
  Interconnect mode:      global
  Area mode:              physical library
============================================================

No paths found


