============================================================
  Generated by:           Genus(TM) Synthesis Solution 19.10-p002_1
  Generated on:           Jun 03 2020  11:46:58 am
  Module:                 CHIP
  Operating conditions:   slow 
  Interconnect mode:      global
  Area mode:              physical library
============================================================


Path 1: MET (2 ps) Setup Check with Pin u_IDCT/bdeg/mult_d_R_reg[2][27]/CK->D
           Mode: func_mode
          Group: CLK1
     Startpoint: (R) u_IDCT/bdeg/mult_d_mixed_mult_1_12/retime_s1_5_reg/CK
          Clock: (R) CLK1
       Endpoint: (R) u_IDCT/bdeg/mult_d_R_reg[2][27]/D
          Clock: (R) CLK1

                     Capture       Launch     
        Clock Edge:+    8000            0     
       Src Latency:+       0            0     
       Net Latency:+    2000 (I)     2000 (I) 
           Arrival:=   10000         2000     
                                              
             Setup:-     270                  
       Uncertainty:-     500                  
     Required Time:=    9230                  
      Launch Clock:-    2000                  
         Data Path:-    7228                  
             Slack:=       2                  

#-------------------------------------------------------------------------------------------------------------------------------
#                     Timing Point                      Flags    Arc   Edge   Cell     Fanout Load Trans Delay Arrival Instance 
#                                                                                             (fF)  (ps)  (ps)   (ps)  Location 
#-------------------------------------------------------------------------------------------------------------------------------
  u_IDCT/bdeg/mult_d_mixed_mult_1_12/retime_s1_5_reg/CK -       -      R     (arrival)    670    -     0     -    2000    (-,-) 
  u_IDCT/bdeg/mult_d_mixed_mult_1_12/retime_s1_5_reg/QN -       CK->QN F     SDFFRS_X2      5 15.3    38   310    2310    (-,-) 
  u_IDCT/bdeg/mult_d_mixed_mult_1_12/g40914/ZN          -       A->ZN  R     INV_X2        15 41.8   178   215    2525    (-,-) 
  u_IDCT/bdeg/mult_d_mixed_mult_1_12/g40229/ZN          -       A2->ZN F     NOR2_X1        3  7.6    53    98    2623    (-,-) 
  u_IDCT/bdeg/mult_d_mixed_mult_1_12/g40093/ZN          -       A1->ZN R     NAND2_X1       1  2.9    43    76    2699    (-,-) 
  u_IDCT/bdeg/mult_d_mixed_mult_1_12/g40084/ZN          -       A->ZN  F     OAI21_X1       2  5.4    51    73    2772    (-,-) 
  u_IDCT/bdeg/mult_d_mixed_mult_1_12/g39988/ZN          -       A->ZN  R     OAI21_X1       1  2.9    92    94    2866    (-,-) 
  u_IDCT/bdeg/mult_d_mixed_mult_1_12/g39977/ZN          -       A1->ZN F     NAND2_X1       2  6.7    46    91    2958    (-,-) 
  u_IDCT/bdeg/mult_d_mixed_mult_1_12/g39931/ZN          -       A->ZN  R     OAI21_X2       1  2.9    67    78    3036    (-,-) 
  u_IDCT/bdeg/mult_d_mixed_mult_1_12/g39930/ZN          -       A->ZN  F     OAI21_X1       2  6.8    43    92    3127    (-,-) 
  u_IDCT/bdeg/mult_d_mixed_mult_1_12/g39900/ZN          -       A1->ZN R     NAND2_X2       1  4.3    36    64    3191    (-,-) 
  u_IDCT/bdeg/mult_d_mixed_mult_1_12/g39898/ZN          -       A1->ZN F     NAND2_X2       2  5.4    21    45    3236    (-,-) 
  u_IDCT/bdeg/mult_d_mixed_mult_1_12/g41181/ZN          -       A->ZN  R     OAI21_X1       1  2.9    92    77    3313    (-,-) 
  u_IDCT/bdeg/mult_d_mixed_mult_1_12/g39882/ZN          -       A1->ZN F     NAND2_X1       1  4.8    40    79    3392    (-,-) 
  u_IDCT/bdeg/mult_d_mixed_mult_1_12/g41184/CO          -       A->CO  F     FA_X1          2  5.4    58   315    3707    (-,-) 
  u_IDCT/bdeg/mult_d_mixed_mult_1_12/g39876/ZN          -       A->ZN  R     OAI21_X1       1  2.9    92    99    3806    (-,-) 
  u_IDCT/bdeg/mult_d_mixed_mult_1_12/g39874/ZN          -       A1->ZN F     NAND2_X1       2  5.4    42    83    3889    (-,-) 
  u_IDCT/bdeg/mult_d_mixed_mult_1_12/g39872/ZN          -       A->ZN  R     OAI21_X1       1  2.9    92    89    3978    (-,-) 
  u_IDCT/bdeg/mult_d_mixed_mult_1_12/g39870/ZN          -       A1->ZN F     NAND2_X1       2  5.4    42    83    4060    (-,-) 
  u_IDCT/bdeg/mult_d_mixed_mult_1_12/g39868/ZN          -       A->ZN  R     OAI21_X1       1  2.9    92    89    4149    (-,-) 
  u_IDCT/bdeg/mult_d_mixed_mult_1_12/g39866/ZN          -       A1->ZN F     NAND2_X1       1  3.9    37    73    4222    (-,-) 
  u_IDCT/bdeg/mult_d_mixed_mult_1_12/g39864/CO          -       CI->CO F     FA_X1          1  3.9    53   280    4502    (-,-) 
  u_IDCT/bdeg/mult_d_mixed_mult_1_12/g39863/CO          -       CI->CO F     FA_X1          1  3.9    53   287    4790    (-,-) 
  u_IDCT/bdeg/mult_d_mixed_mult_1_12/g39862/CO          -       CI->CO F     FA_X1          1  3.9    53   287    5077    (-,-) 
  u_IDCT/bdeg/mult_d_mixed_mult_1_12/g39861/CO          -       CI->CO F     FA_X1          1  3.9    53   287    5364    (-,-) 
  u_IDCT/bdeg/mult_d_mixed_mult_1_12/g39860/CO          -       CI->CO F     FA_X1          1  3.9    53   287    5651    (-,-) 
  u_IDCT/bdeg/mult_d_mixed_mult_1_12/g39859/CO          -       CI->CO F     FA_X1          1  3.9    53   287    5939    (-,-) 
  u_IDCT/bdeg/mult_d_mixed_mult_1_12/g39858/CO          -       CI->CO F     FA_X1          1  3.9    53   287    6226    (-,-) 
  u_IDCT/bdeg/mult_d_mixed_mult_1_12/g39857/CO          -       CI->CO F     FA_X1          1  3.9    53   287    6513    (-,-) 
  u_IDCT/bdeg/mult_d_mixed_mult_1_12/g39856/CO          -       CI->CO F     FA_X1          1  3.9    53   287    6801    (-,-) 
  u_IDCT/bdeg/mult_d_mixed_mult_1_12/g39855/CO          -       CI->CO F     FA_X1          1  3.9    53   287    7088    (-,-) 
  u_IDCT/bdeg/mult_d_mixed_mult_1_12/g39854/CO          -       CI->CO F     FA_X1          1  3.9    53   287    7375    (-,-) 
  u_IDCT/bdeg/mult_d_mixed_mult_1_12/g39853/CO          -       CI->CO F     FA_X1          1  3.9    53   287    7662    (-,-) 
  u_IDCT/bdeg/mult_d_mixed_mult_1_12/g39852/CO          -       CI->CO F     FA_X1          1  3.9    53   287    7950    (-,-) 
  u_IDCT/bdeg/mult_d_mixed_mult_1_12/g39851/CO          -       CI->CO F     FA_X1          1  3.9    53   287    8237    (-,-) 
  u_IDCT/bdeg/mult_d_mixed_mult_1_12/g39850/CO          -       CI->CO F     FA_X1          1  3.9    53   287    8524    (-,-) 
  u_IDCT/bdeg/mult_d_mixed_mult_1_12/g39849/CO          -       CI->CO F     FA_X1          1  3.9    53   287    8812    (-,-) 
  u_IDCT/bdeg/mult_d_mixed_mult_1_12/g39848/S           -       CI->S  R     FA_X1          1  2.4    40   416    9228    (-,-) 
  u_IDCT/bdeg/mult_d_R_reg[2][27]/D                     -       -      R     SDFF_X1        1    -     -     0    9228    (-,-) 
#-------------------------------------------------------------------------------------------------------------------------------


============================================================
  Generated by:           Genus(TM) Synthesis Solution 19.10-p002_1
  Generated on:           Jun 03 2020  11:46:58 am
  Module:                 CHIP
  Operating conditions:   slow 
  Interconnect mode:      global
  Area mode:              physical library
============================================================


Path 1: MET (92002 ps) Setup Check with Pin u_IDCT/bdeg/mult_d_R_reg[2][27]/CK->D
           Mode: scan_mode
          Group: CLK1
     Startpoint: (R) u_IDCT/bdeg/mult_d_mixed_mult_1_12/retime_s1_5_reg/CK
          Clock: (R) CLK1
       Endpoint: (R) u_IDCT/bdeg/mult_d_R_reg[2][27]/D
          Clock: (R) CLK1

                     Capture       Launch     
        Clock Edge:+  100000            0     
       Src Latency:+       0            0     
       Net Latency:+    2000 (I)     2000 (I) 
           Arrival:=  102000         2000     
                                              
             Setup:-     270                  
       Uncertainty:-     500                  
     Required Time:=  101230                  
      Launch Clock:-    2000                  
         Data Path:-    7228                  
             Slack:=   92002                  

#-------------------------------------------------------------------------------------------------------------------------------
#                     Timing Point                      Flags    Arc   Edge   Cell     Fanout Load Trans Delay Arrival Instance 
#                                                                                             (fF)  (ps)  (ps)   (ps)  Location 
#-------------------------------------------------------------------------------------------------------------------------------
  u_IDCT/bdeg/mult_d_mixed_mult_1_12/retime_s1_5_reg/CK -       -      R     (arrival)    670    -     0     -    2000    (-,-) 
  u_IDCT/bdeg/mult_d_mixed_mult_1_12/retime_s1_5_reg/QN -       CK->QN F     SDFFRS_X2      5 15.3    38   310    2310    (-,-) 
  u_IDCT/bdeg/mult_d_mixed_mult_1_12/g40914/ZN          -       A->ZN  R     INV_X2        15 41.8   178   215    2525    (-,-) 
  u_IDCT/bdeg/mult_d_mixed_mult_1_12/g40229/ZN          -       A2->ZN F     NOR2_X1        3  7.6    53    98    2623    (-,-) 
  u_IDCT/bdeg/mult_d_mixed_mult_1_12/g40093/ZN          -       A1->ZN R     NAND2_X1       1  2.9    43    76    2699    (-,-) 
  u_IDCT/bdeg/mult_d_mixed_mult_1_12/g40084/ZN          -       A->ZN  F     OAI21_X1       2  5.4    51    73    2772    (-,-) 
  u_IDCT/bdeg/mult_d_mixed_mult_1_12/g39988/ZN          -       A->ZN  R     OAI21_X1       1  2.9    92    94    2866    (-,-) 
  u_IDCT/bdeg/mult_d_mixed_mult_1_12/g39977/ZN          -       A1->ZN F     NAND2_X1       2  6.7    46    91    2958    (-,-) 
  u_IDCT/bdeg/mult_d_mixed_mult_1_12/g39931/ZN          -       A->ZN  R     OAI21_X2       1  2.9    67    78    3036    (-,-) 
  u_IDCT/bdeg/mult_d_mixed_mult_1_12/g39930/ZN          -       A->ZN  F     OAI21_X1       2  6.8    43    92    3127    (-,-) 
  u_IDCT/bdeg/mult_d_mixed_mult_1_12/g39900/ZN          -       A1->ZN R     NAND2_X2       1  4.3    36    64    3191    (-,-) 
  u_IDCT/bdeg/mult_d_mixed_mult_1_12/g39898/ZN          -       A1->ZN F     NAND2_X2       2  5.4    21    45    3236    (-,-) 
  u_IDCT/bdeg/mult_d_mixed_mult_1_12/g41181/ZN          -       A->ZN  R     OAI21_X1       1  2.9    92    77    3313    (-,-) 
  u_IDCT/bdeg/mult_d_mixed_mult_1_12/g39882/ZN          -       A1->ZN F     NAND2_X1       1  4.8    40    79    3392    (-,-) 
  u_IDCT/bdeg/mult_d_mixed_mult_1_12/g41184/CO          -       A->CO  F     FA_X1          2  5.4    58   315    3707    (-,-) 
  u_IDCT/bdeg/mult_d_mixed_mult_1_12/g39876/ZN          -       A->ZN  R     OAI21_X1       1  2.9    92    99    3806    (-,-) 
  u_IDCT/bdeg/mult_d_mixed_mult_1_12/g39874/ZN          -       A1->ZN F     NAND2_X1       2  5.4    42    83    3889    (-,-) 
  u_IDCT/bdeg/mult_d_mixed_mult_1_12/g39872/ZN          -       A->ZN  R     OAI21_X1       1  2.9    92    89    3978    (-,-) 
  u_IDCT/bdeg/mult_d_mixed_mult_1_12/g39870/ZN          -       A1->ZN F     NAND2_X1       2  5.4    42    83    4060    (-,-) 
  u_IDCT/bdeg/mult_d_mixed_mult_1_12/g39868/ZN          -       A->ZN  R     OAI21_X1       1  2.9    92    89    4149    (-,-) 
  u_IDCT/bdeg/mult_d_mixed_mult_1_12/g39866/ZN          -       A1->ZN F     NAND2_X1       1  3.9    37    73    4222    (-,-) 
  u_IDCT/bdeg/mult_d_mixed_mult_1_12/g39864/CO          -       CI->CO F     FA_X1          1  3.9    53   280    4502    (-,-) 
  u_IDCT/bdeg/mult_d_mixed_mult_1_12/g39863/CO          -       CI->CO F     FA_X1          1  3.9    53   287    4790    (-,-) 
  u_IDCT/bdeg/mult_d_mixed_mult_1_12/g39862/CO          -       CI->CO F     FA_X1          1  3.9    53   287    5077    (-,-) 
  u_IDCT/bdeg/mult_d_mixed_mult_1_12/g39861/CO          -       CI->CO F     FA_X1          1  3.9    53   287    5364    (-,-) 
  u_IDCT/bdeg/mult_d_mixed_mult_1_12/g39860/CO          -       CI->CO F     FA_X1          1  3.9    53   287    5651    (-,-) 
  u_IDCT/bdeg/mult_d_mixed_mult_1_12/g39859/CO          -       CI->CO F     FA_X1          1  3.9    53   287    5939    (-,-) 
  u_IDCT/bdeg/mult_d_mixed_mult_1_12/g39858/CO          -       CI->CO F     FA_X1          1  3.9    53   287    6226    (-,-) 
  u_IDCT/bdeg/mult_d_mixed_mult_1_12/g39857/CO          -       CI->CO F     FA_X1          1  3.9    53   287    6513    (-,-) 
  u_IDCT/bdeg/mult_d_mixed_mult_1_12/g39856/CO          -       CI->CO F     FA_X1          1  3.9    53   287    6801    (-,-) 
  u_IDCT/bdeg/mult_d_mixed_mult_1_12/g39855/CO          -       CI->CO F     FA_X1          1  3.9    53   287    7088    (-,-) 
  u_IDCT/bdeg/mult_d_mixed_mult_1_12/g39854/CO          -       CI->CO F     FA_X1          1  3.9    53   287    7375    (-,-) 
  u_IDCT/bdeg/mult_d_mixed_mult_1_12/g39853/CO          -       CI->CO F     FA_X1          1  3.9    53   287    7662    (-,-) 
  u_IDCT/bdeg/mult_d_mixed_mult_1_12/g39852/CO          -       CI->CO F     FA_X1          1  3.9    53   287    7950    (-,-) 
  u_IDCT/bdeg/mult_d_mixed_mult_1_12/g39851/CO          -       CI->CO F     FA_X1          1  3.9    53   287    8237    (-,-) 
  u_IDCT/bdeg/mult_d_mixed_mult_1_12/g39850/CO          -       CI->CO F     FA_X1          1  3.9    53   287    8524    (-,-) 
  u_IDCT/bdeg/mult_d_mixed_mult_1_12/g39849/CO          -       CI->CO F     FA_X1          1  3.9    53   287    8812    (-,-) 
  u_IDCT/bdeg/mult_d_mixed_mult_1_12/g39848/S           -       CI->S  R     FA_X1          1  2.4    40   416    9228    (-,-) 
  u_IDCT/bdeg/mult_d_R_reg[2][27]/D                     -       -      R     SDFF_X1        1    -     -     0    9228    (-,-) 
#-------------------------------------------------------------------------------------------------------------------------------


