============================================================
  Generated by:           Genus(TM) Synthesis Solution 19.10-p002_1
  Generated on:           Jun 03 2020  11:47:24 am
  Module:                 CHIP
  Operating conditions:   slow 
  Interconnect mode:      global
  Area mode:              physical library
============================================================

                                        Leakage     Internal   
     Gate      Instances     Area     Power (nW)   Power (nW)                Library               
---------------------------------------------------------------------------------------------------
AND2_X1              646     687.344     9629.184    13174.845    NangateOpenCellLibrary           
AND2_X2               15      19.950      475.053      650.167    NangateOpenCellLibrary           
AND2_X4                6      14.364      356.648      431.709    NangateOpenCellLibrary           
AND3_X1               12      15.960      222.212      348.663    NangateOpenCellLibrary           
AND3_X2                1       1.596       26.286       18.846    NangateOpenCellLibrary           
AND3_X4                3       8.778      175.573      192.309    NangateOpenCellLibrary           
AOI211_X1              4       5.320       96.530       94.827    NangateOpenCellLibrary           
AOI21_X1              39      41.496      728.423      824.365    NangateOpenCellLibrary           
AOI221_X1            173     276.108     4305.215     6372.201    NangateOpenCellLibrary           
AOI221_X2              1       2.926       59.110       47.699    NangateOpenCellLibrary           
AOI221_X4              1       3.458       83.724      173.513    NangateOpenCellLibrary           
AOI222_X1            103     219.184     2568.548     3911.499    NangateOpenCellLibrary           
AOI22_X1             414     550.620     8113.473     9877.002    NangateOpenCellLibrary           
AOI22_X2               1       2.394       40.966       27.230    NangateOpenCellLibrary           
BUF_X2                 2       2.128       62.603       71.720    NangateOpenCellLibrary           
BUF_X4                 1       1.862       62.827       66.818    NangateOpenCellLibrary           
CLKBUF_X1              4       3.192       33.756       60.884    NangateOpenCellLibrary           
CLKBUF_X2              4       4.256       68.952      118.914    NangateOpenCellLibrary           
CLKGATETST_X1         27     107.730     1086.900     3298.818    NangateOpenCellLibrary           
FA_X1               1521    6473.376    69089.342   136712.430    NangateOpenCellLibrary           
HA_X1                410    1090.600    16274.556    20287.132    NangateOpenCellLibrary           
INV_X1              1029     547.428    10838.426     9636.100    NangateOpenCellLibrary           
INV_X2                19      15.162      393.710      309.977    NangateOpenCellLibrary           
INV_X32                1       8.778      335.016      211.978    NangateOpenCellLibrary           
INV_X4                15      19.950      591.073      364.909    NangateOpenCellLibrary           
INV_X8                 6      14.364      462.281      312.816    NangateOpenCellLibrary           
MUX2_X1              178     331.436     4289.407     7837.043    NangateOpenCellLibrary           
MUX2_X2                2       4.788       91.448      174.576    NangateOpenCellLibrary           
NAND2_X1             954     761.292    11772.914    13479.614    NangateOpenCellLibrary           
NAND2_X2              24      31.920      681.167      727.303    NangateOpenCellLibrary           
NAND2_X4               6      14.364      341.882      260.667    NangateOpenCellLibrary           
NAND3_X1              44      46.816      841.850      906.942    NangateOpenCellLibrary           
NAND3_X2               2       3.724       62.052       72.486    NangateOpenCellLibrary           
NAND3_X4               3      10.374      125.291      117.064    NangateOpenCellLibrary           
NAND4_X1              27      35.910      513.807      563.089    NangateOpenCellLibrary           
NAND4_X2               2       4.788      109.230      107.990    NangateOpenCellLibrary           
NOR2_X1              431     343.938     5682.264     5383.408    NangateOpenCellLibrary           
NOR2_X2                5       6.650      141.848      155.679    NangateOpenCellLibrary           
NOR2_X4                2       4.788      126.613      178.055    NangateOpenCellLibrary           
NOR3_X1               22      23.408      330.051      291.914    NangateOpenCellLibrary           
NOR4_X1                3       3.990       53.017        9.783    NangateOpenCellLibrary           
OAI211_X1            106     140.980     2248.018     3413.698    NangateOpenCellLibrary           
OAI211_X2              3       7.182      115.754      174.459    NangateOpenCellLibrary           
OAI21_X1             207     220.248     3390.805     5182.713    NangateOpenCellLibrary           
OAI21_X2               4       7.448      128.298      204.670    NangateOpenCellLibrary           
OAI221_X1             71     113.316     1710.773     2386.097    NangateOpenCellLibrary           
OAI221_X2              1       2.926       46.382       86.679    NangateOpenCellLibrary           
OAI222_X1              2       4.256       50.035       62.395    NangateOpenCellLibrary           
OAI22_X1              21      27.930      406.541      457.349    NangateOpenCellLibrary           
OR2_X1               158     168.112     2822.304     4189.991    NangateOpenCellLibrary           
OR2_X2                 3       3.990      109.296      153.620    NangateOpenCellLibrary           
OR2_X4                 1       2.394       71.673       80.306    NangateOpenCellLibrary           
OR3_X1                 8      10.640      147.597      162.464    NangateOpenCellLibrary           
OR4_X1                 1       1.596       19.083        8.558    NangateOpenCellLibrary           
PADIN                 19  110910.030   776340.000   760000.000    io_worst                         
PADOUT                12   70048.440   293520.000   600000.000    io_worst                         
SDFFRS_X1             24     185.136     1919.790     3529.248    NangateOpenCellLibrary           
SDFFRS_X2              8      65.968      831.496     1469.059    NangateOpenCellLibrary           
SDFFR_X1              30     199.500     2061.057     3385.018    NangateOpenCellLibrary           
SDFFR_X2               1       6.916       94.472      138.370    NangateOpenCellLibrary           
SDFFS_X1               2      13.300      141.279      244.517    NangateOpenCellLibrary           
SDFF_X1             3201   19583.718   218098.851   430425.510    NangateOpenCellLibrary           
SDFF_X2               14      89.376     1318.728     2339.156    NangateOpenCellLibrary           
XNOR2_X1             569     908.124    13557.731    20805.856    NangateOpenCellLibrary           
XOR2_X1              161     256.956     4010.430     5750.667    NangateOpenCellLibrary           
rf_2p_hse              2    7337.363   175260.008    47842.127    USERLIB_nldm_ss_0p81v_0p81v_125c 
---------------------------------------------------------------------------------------------------
total              10792  222082.355  1649763.629  2130355.507                                     


                                                                    Leakage   Leakage   Internal  Internal 
             Library             Instances Instances %    Area     Power (nW) Power %  Power (nW)  Power % 
-----------------------------------------------------------------------------------------------------------
NangateOpenCellLibrary               10759        99.7  33786.522  404643.621    24.5  722513.380     33.9 
USERLIB_nldm_ss_0p81v_0p81v_125c         2         0.0   7337.363  175260.008    10.6   47842.127      2.2 
io_worst                                31         0.3 180958.470 1069860.000    64.8 1360000.000     63.8 

                                                           Leakage   Leakage   Internal  Internal 
            Type             Instances    Area    Area %  Power (nW) Power %  Power (nW)  Power % 
--------------------------------------------------------------------------------------------------
timing_model                        33 188295.833   84.8 1245120.008    75.5 1407842.127     66.1 
sequential                        3280  20143.914    9.1  224465.671    13.6  441530.878     20.7 
inverter                          1070    605.682    0.3   12620.507     0.8   10835.779      0.5 
buffer                              11     11.438    0.0     228.138     0.0     318.336      0.0 
clock_gating_integrated_cell        27    107.730    0.0    1086.900     0.1    3298.818      0.2 
logic                             6371  12917.758    5.8  166242.405    10.1  266529.569     12.5 
physical_cells                       0      0.000    0.0       0.000     0.0       0.000      0.0 
--------------------------------------------------------------------------------------------------
total                            10792 222082.355  100.0 1649763.629   100.0 2130355.507    100.0 

