============================================================
  Generated by:           Genus(TM) Synthesis Solution 19.10-p002_1
  Generated on:           Jun 03 2020  11:46:25 am
  Module:                 CHIP
  Operating conditions:   slow 
  Interconnect mode:      global
  Area mode:              physical library
============================================================


Path 1: MET (2421 ps) Setup Check with Pin u_IDCT/tposemem_Bisted_RF_2P_ADV64x16_BistCtrl_i0_RC_CG_HIER_INST79/RC_CGIC_INST/CK->E
           Mode: func_mode
          Group: cg_enable_group_CLK1
     Startpoint: (R) d_Mode_reg/CK
          Clock: (R) CLK1
       Endpoint: (R) u_IDCT/tposemem_Bisted_RF_2P_ADV64x16_BistCtrl_i0_RC_CG_HIER_INST79/RC_CGIC_INST/E
          Clock: (F) CLK1

                     Capture       Launch     
        Clock Edge:+    4000            0     
       Src Latency:+       0            0     
       Net Latency:+    2000 (I)     2000 (I) 
           Arrival:=    6000         2000     
                                              
             Setup:-     288                  
       Uncertainty:-     500                  
     Required Time:=    5212                  
      Launch Clock:-    2000                  
         Data Path:-     791                  
             Slack:=    2421                  

#-----------------------------------------------------------------------------------------------------------------------------------------------------------------
#                                   Timing Point                                     Flags    Arc   Edge     Cell       Fanout  Load Trans Delay Arrival Instance 
#                                                                                                                               (fF)  (ps)  (ps)   (ps)  Location 
#-----------------------------------------------------------------------------------------------------------------------------------------------------------------
  d_Mode_reg/CK                                                                      -       -      R     (arrival)        734     -     0     -    2000    (-,-) 
  d_Mode_reg/Q                                                                       -       CK->Q  F     SDFFR_X1           1   6.8    57   280    2280    (-,-) 
  g553/ZN                                                                            -       A->ZN  R     INV_X4             1  49.9   110   155    2435    (-,-) 
  g552/ZN                                                                            -       A->ZN  F     INV_X32          100 209.1    36    70    2506    (-,-) 
  u_IDCT/g3882/ZN                                                                    -       A->ZN  R     INV_X1             7  15.5   134   167    2673    (-,-) 
  u_IDCT/g3761/ZN                                                                    -       A2->ZN R     OR2_X1             1   2.2    30   118    2791    (-,-) 
  u_IDCT/tposemem_Bisted_RF_2P_ADV64x16_BistCtrl_i0_RC_CG_HIER_INST79/RC_CGIC_INST/E -       -      R     CLKGATETST_X1      1     -     -     0    2791    (-,-) 
#-----------------------------------------------------------------------------------------------------------------------------------------------------------------


============================================================
  Generated by:           Genus(TM) Synthesis Solution 19.10-p002_1
  Generated on:           Jun 03 2020  11:46:25 am
  Module:                 CHIP
  Operating conditions:   slow 
  Interconnect mode:      global
  Area mode:              physical library
============================================================


Path 1: MET (48421 ps) Setup Check with Pin u_IDCT/tposemem_Bisted_RF_2P_ADV64x16_BistCtrl_i0_RC_CG_HIER_INST79/RC_CGIC_INST/CK->E
           Mode: scan_mode
          Group: cg_enable_group_CLK1
     Startpoint: (R) d_Mode_reg/CK
          Clock: (R) CLK1
       Endpoint: (R) u_IDCT/tposemem_Bisted_RF_2P_ADV64x16_BistCtrl_i0_RC_CG_HIER_INST79/RC_CGIC_INST/E
          Clock: (F) CLK1

                     Capture       Launch     
        Clock Edge:+   50000            0     
       Src Latency:+       0            0     
       Net Latency:+    2000 (I)     2000 (I) 
           Arrival:=   52000         2000     
                                              
             Setup:-     288                  
       Uncertainty:-     500                  
     Required Time:=   51212                  
      Launch Clock:-    2000                  
         Data Path:-     791                  
             Slack:=   48421                  

#-----------------------------------------------------------------------------------------------------------------------------------------------------------------
#                                   Timing Point                                     Flags    Arc   Edge     Cell       Fanout  Load Trans Delay Arrival Instance 
#                                                                                                                               (fF)  (ps)  (ps)   (ps)  Location 
#-----------------------------------------------------------------------------------------------------------------------------------------------------------------
  d_Mode_reg/CK                                                                      -       -      R     (arrival)        734     -     0     -    2000    (-,-) 
  d_Mode_reg/Q                                                                       -       CK->Q  F     SDFFR_X1           1   6.8    57   280    2280    (-,-) 
  g553/ZN                                                                            -       A->ZN  R     INV_X4             1  49.9   110   155    2435    (-,-) 
  g552/ZN                                                                            -       A->ZN  F     INV_X32          100 209.1    36    70    2506    (-,-) 
  u_IDCT/g3882/ZN                                                                    -       A->ZN  R     INV_X1             7  15.5   134   167    2673    (-,-) 
  u_IDCT/g3761/ZN                                                                    -       A2->ZN R     OR2_X1             1   2.2    30   118    2791    (-,-) 
  u_IDCT/tposemem_Bisted_RF_2P_ADV64x16_BistCtrl_i0_RC_CG_HIER_INST79/RC_CGIC_INST/E -       -      R     CLKGATETST_X1      1     -     -     0    2791    (-,-) 
#-----------------------------------------------------------------------------------------------------------------------------------------------------------------


