============================================================
  Generated by:           Genus(TM) Synthesis Solution 19.10-p002_1
  Generated on:           Jun 03 2020  11:47:26 am
  Module:                 CHIP
  Operating conditions:   slow 
  Interconnect mode:      global
  Area mode:              physical library
============================================================

          Instance                   Module         Cell Count  Cell Area  Net Area   Total Area 
-------------------------------------------------------------------------------------------------
CHIP                                                     10792 222082.355 17700.488   239782.842 
  u_DCT                      DCT                          5359  20447.695  8112.535    28560.230 
    bdeg                     bdeg                         2171   7331.492  3240.479    10571.971 
      mult_d_mixed_mult_1_12 mult_mixed_666_3              269    671.650   357.942     1029.592 
      mult_b_mixed_mult_1_12 mult_mixed_549_3              201    501.410   258.764      760.174 
      mult_g_mixed_mult_1_12 mult_mixed_549_3_1920         181    485.184   241.777      726.961 
      mult_e_mixed_mult_1_12 mult_mixed_666_3_1923         184    471.884   233.762      705.646 
    acf                      acf                          1801   6626.060  2706.836     9332.896 
      mult_f_mixed_mult_1_12 mult_mixed_406_1              210    528.276   266.177      794.453 
    IDRU8                    IDRU8                         582   1138.214   772.077     1910.291 
    DRU                      DRU                           470   1045.380   617.952     1663.332 
  u_IDCT                     DCT_1                        5339  20428.277  8098.663    28526.941 
    bdeg                     bdeg_1                       2170   7328.300  3239.274    10567.574 
      mult_d_mixed_mult_1_12 mult_mixed_666_3_1922         269    671.650   357.942     1029.592 
      mult_b_mixed_mult_1_12 mult_mixed_549_3_1919         201    500.346   258.764      759.110 
      mult_g_mixed_mult_1_12 mult_mixed_549_3_1918         181    485.184   241.777      726.961 
      mult_e_mixed_mult_1_12 mult_mixed_666_3_1921         184    471.884   233.762      705.646 
    acf                      acf_1                        1803   6624.464  2708.456     9332.920 
      mult_f_mixed_mult_1_12 mult_mixed_406_1_1924         210    528.276   266.177      794.453 
    IDRU8                    IDRU8_1                       562   1122.520   757.831     1880.351 
    DRU                      DRU_1                         470   1045.380   617.537     1662.917 
