============================================================
  Generated by:           Genus(TM) Synthesis Solution 19.10-p002_1
  Generated on:           Jun 03 2020  11:47:26 am
  Module:                 CHIP
  Operating conditions:   slow 
  Interconnect mode:      global
  Area mode:              physical library
============================================================

Timing
--------

Analysis view Clock  Period  
-----------------------------
func_mode     CLK1    8000.0 
scan_mode     CLK1  100000.0 


 Analysis         Cost          Critical             Violating 
   View           Group        Path Slack    TNS       Paths   
---------------------------------------------------------------
func_mode        C2C_func_mode        0.3       0.0          0 
                 C2C_scan_mode   No paths       0.0          0 
                 C2O_func_mode     2493.8       0.0          0 
                 C2O_scan_mode   No paths       0.0          0 
          cg_enable_group_CLK1     2168.8       0.0          0 
                          CLK1        1.7       0.0          0 
                       default   No paths       0.0          0 
                 I2C_func_mode    -7092.7 -131236.3         19 
                 I2C_scan_mode   No paths       0.0          0 
                 I2O_func_mode   No paths       0.0          0 
                 I2O_scan_mode   No paths       0.0          0 
---------------------------------------------------------------
Total                                     -131236.3         19 
                                                               
scan_mode        C2C_func_mode   No paths       0.0          0 
                 C2C_scan_mode    46000.3       0.0          0 
                 C2O_func_mode   No paths       0.0          0 
                 C2O_scan_mode    44364.9       0.0          0 
          cg_enable_group_CLK1    48168.8       0.0          0 
                          CLK1    98852.6       0.0          0 
                       default   No paths       0.0          0 
                 I2C_func_mode   No paths       0.0          0 
                 I2C_scan_mode    34876.3       0.0          0 
                 I2O_func_mode   No paths       0.0          0 
                 I2O_scan_mode   No paths       0.0          0 
---------------------------------------------------------------
Total                                          -0.0          0 
                                                               

Instance Count
--------------
Leaf Instance Count             10792 
Physical Instance count             0 
Sequential Instance Count        3309 
Combinational Instance Count     7483 
Hierarchical Instance Count       483 

Area
----
Cell Area                          222082.355
Physical Cell Area                 0.000
Total Cell Area (Cell+Physical)    222082.355
Net Area                           17700.487
Total Area (Cell+Physical+Net)     239782.842

Runtime                            84.411131 seconds
Elapsed Runtime                    369 seconds
Genus peak memory usage            895.39 
Innovus peak memory usage          no_value 
Hostname                           cic-dsd
