============================================================
  Generated by:           Genus(TM) Synthesis Solution 19.10-p002_1
  Generated on:           Jun 03 2020  11:44:22 am
  Module:                 CHIP
  Operating conditions:   slow 
  Interconnect mode:      global
  Area mode:              physical library
============================================================

                                        Leakage   
     Gate      Instances     Area     Power (nW)                Library               
--------------------------------------------------------------------------------------
CLKGATETST_X1         81     323.190     3238.663    NangateOpenCellLibrary           
PADIN                 19  110910.030   776340.000    io_worst                         
PADOUT                12   70048.440   293520.000    io_worst                         
rf_2p_hse              2    7337.363   175260.008    USERLIB_nldm_ss_0p81v_0p81v_125c 
--------------------------------------------------------------------------------------
total                114  188619.023  1248358.671                                     


                                                                    Leakage   Leakage 
             Library             Instances Instances %    Area     Power (nW) Power % 
--------------------------------------------------------------------------------------
NangateOpenCellLibrary                  81        71.1    323.190    3238.663     0.3 
USERLIB_nldm_ss_0p81v_0p81v_125c         2         1.8   7337.363  175260.008    14.0 
io_worst                                31        27.2 180958.470 1069860.000    85.7 

                                                           Leakage   Leakage 
            Type             Instances    Area    Area %  Power (nW) Power % 
-----------------------------------------------------------------------------
timing_model                        33 188295.833   99.8 1245120.008    70.6 
sequential                        3578      0.000    0.0  194785.604    11.1 
inverter                            46      0.000    0.0     481.531     0.0 
clock_gating_integrated_cell        81    323.190    0.2    3238.663     0.2 
logic                            40001      0.000    0.0  318792.964    18.1 
physical_cells                       0      0.000    0.0       0.000     0.0 
-----------------------------------------------------------------------------
total                            43739 188619.023  100.0 1762418.770   100.0 

