============================================================
  Generated by:           Genus(TM) Synthesis Solution 19.10-p002_1
  Generated on:           Jun 03 2020  11:44:20 am
  Module:                 CHIP
  Operating conditions:   slow 
  Interconnect mode:      global
  Area mode:              physical library
============================================================

Timing
--------

Analysis view Clock  Period  
-----------------------------
func_mode     CLK1    8000.0 
scan_mode     CLK1  100000.0 


 Analysis         Cost          Critical             Violating 
   View           Group        Path Slack    TNS       Paths   
---------------------------------------------------------------
func_mode        C2C_func_mode      823.2       0.0          0 
                 C2C_scan_mode   No paths       0.0          0 
                 C2O_func_mode     4205.3       0.0          0 
                 C2O_scan_mode   No paths       0.0          0 
          cg_enable_group_CLK1     2670.2       0.0          0 
                          CLK1     2127.2       0.0          0 
                       default   No paths       0.0          0 
                 I2C_func_mode    -7074.0 -131667.0         19 
                 I2C_scan_mode   No paths       0.0          0 
                 I2O_func_mode   No paths       0.0          0 
                 I2O_scan_mode   No paths       0.0          0 
---------------------------------------------------------------
Total                                     -131667.0         19 
                                                               
scan_mode        C2C_func_mode   No paths       0.0          0 
                 C2C_scan_mode    46823.2       0.0          0 
                 C2O_func_mode   No paths       0.0          0 
                 C2O_scan_mode    96205.3       0.0          0 
          cg_enable_group_CLK1    48670.2       0.0          0 
                          CLK1    94127.2       0.0          0 
                       default   No paths       0.0          0 
                 I2C_func_mode   No paths       0.0          0 
                 I2C_scan_mode    39562.2       0.0          0 
                 I2O_func_mode   No paths       0.0          0 
                 I2O_scan_mode   No paths       0.0          0 
---------------------------------------------------------------
Total                                          -0.0          0 
                                                               

Instance Count
--------------
Leaf Instance Count             43739 
Physical Instance count             0 
Sequential Instance Count        3661 
Combinational Instance Count    40078 
Hierarchical Instance Count       563 

Area
----
Cell Area                          272384.195
Physical Cell Area                 0.000
Total Cell Area (Cell+Physical)    272384.195
Net Area                           138.011
Total Area (Cell+Physical+Net)     272522.206

Runtime                            47.052949999999996 seconds
Elapsed Runtime                    184 seconds
Genus peak memory usage            889.16 
Innovus peak memory usage          no_value 
Hostname                           cic-dsd
