============================================================
  Generated by:           Genus(TM) Synthesis Solution 19.10-p002_1
  Generated on:           Jun 03 2020  11:44:21 am
  Module:                 CHIP
  Operating conditions:   slow 
  Interconnect mode:      global
  Area mode:              physical library
============================================================

        Instance                              Module                        Cell Count  Cell Area  Net Area   Total Area 
-------------------------------------------------------------------------------------------------------------------------
CHIP                                                                             43739 272384.195   138.010   272522.206 
  u_DCT                 DCT                                                      21812  45590.513    47.554    45638.067 
    bdeg                bdeg                                                     11131  21007.112     5.960    21013.071 
      mult_d            DW02__DW02_mult_3_stage__builtin_A_width17_B_width        2231   3818.667     0.000     3818.667 
        mixed_mult_1_12 mult_mixed_666_3                                          2195   3617.810     0.000     3617.810 
      mult_e            DW02__DW02_mult_3_stage__builtin_A_width17_B_width        2203   3774.032     0.000     3774.032 
        mixed_mult_1_12 mult_mixed_666_3_1923                                     2145   3450.429     0.000     3450.429 
      mult_g            DW02__DW02_mult_3_stage__builtin_A_width17_B_width        2024   3476.732     0.000     3476.732 
        mixed_mult_1_12 mult_mixed_549_3_1920                                     1994   3309.352     0.000     3309.352 
      mult_b            DW02__DW02_mult_3_stage__builtin_A_width17_B_width        2010   3454.415     0.000     3454.415 
        mixed_mult_1_12 mult_mixed_549_3                                          1981   3292.614     0.000     3292.614 
    acf                 acf                                                       8266  16110.036     5.960    16115.996 
      mult_f            DW02__DW02_mult_3_stage__builtin_A_width17_B_width        2347   4015.538     0.000     4015.538 
        mixed_mult_1_12 mult_mixed_406_1                                          2307   3792.364     0.000     3792.364 
      mult_c            DW02__DW02_mult_3_stage__builtin_A_width17_B_width        1959   3337.248     0.000     3337.248 
        mixed_mult_1_12 mult_mixed_288_1                                          1905   3035.963     0.000     3035.963 
      mult_a            DW02__DW02_mult_3_stage__builtin_A_width17_B_width        1419   2468.464     0.000     2468.464 
        mixed_mult_1_12 mult_mixed_1                                              1367   2178.338     0.000     2178.338 
    IDRU8               IDRU8                                                     1162   2177.564     4.049     2181.614 
      add_86_45         add_unsigned_744_1                                         181    288.532     0.000      288.532 
      sub_87_45         sub_unsigned_728_1                                         145    231.144     0.000      231.144 
    DRU                 DRU                                                        775   1648.323     4.049     1652.373 
      add_58_47         add_unsigned_18_1                                          141    224.768     0.000      224.768 
      sub_60_47         sub_unsigned_1                                             140    223.174     0.000      223.174 
  u_IDCT                DCT_1                                                    21810  45587.325    47.554    45634.879 
    bdeg                bdeg_1                                                   11131  21007.112     5.960    21013.071 
      mult_d            DW02__DW02_mult_3_stage__builtin_A_width17_B_width        2231   3818.667     0.000     3818.667 
        mixed_mult_1_12 mult_mixed_666_3_1922                                     2195   3617.810     0.000     3617.810 
      mult_e            DW02__DW02_mult_3_stage__builtin_A_width17_B_width        2203   3774.032     0.000     3774.032 
        mixed_mult_1_12 mult_mixed_666_3_1921                                     2145   3450.429     0.000     3450.429 
      mult_g            DW02__DW02_mult_3_stage__builtin_A_width17_B_width        2024   3476.732     0.000     3476.732 
        mixed_mult_1_12 mult_mixed_549_3_1918                                     1994   3309.352     0.000     3309.352 
      mult_b            DW02__DW02_mult_3_stage__builtin_A_width17_B_width        2010   3454.415     0.000     3454.415 
        mixed_mult_1_12 mult_mixed_549_3_1919                                     1981   3292.614     0.000     3292.614 
    acf                 acf_1                                                     8266  16110.036     5.960    16115.996 
      mult_f            DW02__DW02_mult_3_stage__builtin_A_width17_B_width        2347   4015.538     0.000     4015.538 
        mixed_mult_1_12 mult_mixed_406_1_1924                                     2307   3792.364     0.000     3792.364 
      mult_c            DW02__DW02_mult_3_stage__builtin_A_width17_B_width        1959   3337.248     0.000     3337.248 
        mixed_mult_1_12 mult_mixed_288_1_1917                                     1905   3035.963     0.000     3035.963 
      mult_a            DW02__DW02_mult_3_stage__builtin_A_width17_B_width        1419   2468.464     0.000     2468.464 
        mixed_mult_1_12 mult_mixed_1_1925                                         1367   2178.338     0.000     2178.338 
    IDRU8               IDRU8_1                                                   1160   2174.376     4.049     2178.426 
      add_86_45         add_unsigned_744_1                                         181    288.532     0.000      288.532 
      sub_87_45         sub_unsigned_728_1                                         145    231.144     0.000      231.144 
    DRU                 DRU_1                                                      775   1648.323     4.049     1652.373 
      add_58_47         add_unsigned_18_1                                          141    224.768     0.000      224.768 
      sub_60_47         sub_unsigned_1                                             140    223.174     0.000      223.174 
