============================================================
  Generated by:           Genus(TM) Synthesis Solution 19.10-p002_1
  Generated on:           Jun 03 2020  11:41:34 am
  Module:                 CHIP
  Technology libraries:   NangateOpenCellLibrary revision 1.0
                          io_worst 
                          USERLIB_nldm_ss_0p81v_0p81v_125c 1.1
                          physical_cells 
  Operating conditions:   slow 
  Interconnect mode:      global
  Area mode:              physical library
============================================================

Timing
--------

Analysis view Clock  Period  
-----------------------------
func_mode     CLK1    8000.0 
scan_mode     CLK1  100000.0 


 Analysis      Cost      Critical             Violating 
   View       Group     Path Slack    TNS       Paths   
--------------------------------------------------------
func_mode C2C_func_mode      324.0       0.0          0 
          C2C_scan_mode   No paths       0.0          0 
          C2O_func_mode     4204.5       0.0          0 
          C2O_scan_mode   No paths       0.0          0 
                   CLK1   No paths       0.0          0 
                default   No paths       0.0          0 
          I2C_func_mode    -7020.2 -144268.9         21 
          I2C_scan_mode   No paths       0.0          0 
          I2O_func_mode   No paths       0.0          0 
          I2O_scan_mode   No paths       0.0          0 
--------------------------------------------------------
Total                              -144268.9         21 
                                                        
scan_mode C2C_func_mode   No paths       0.0          0 
          C2C_scan_mode    46324.0       0.0          0 
          C2O_func_mode   No paths       0.0          0 
          C2O_scan_mode    96204.5       0.0          0 
                   CLK1   No paths       0.0          0 
                default   No paths       0.0          0 
          I2C_func_mode   No paths       0.0          0 
          I2C_scan_mode    39515.5       0.0          0 
          I2O_func_mode   No paths       0.0          0 
          I2O_scan_mode   No paths       0.0          0 
--------------------------------------------------------
Total                                   -0.0          0 
                                                        

Instance Count
--------------
Leaf Instance Count             37299 
Physical Instance count             0 
Sequential Instance Count        3542 
Combinational Instance Count    33759 
Hierarchical Instance Count       490 

Area
----
Cell Area                          265562.657
Physical Cell Area                 0.000
Total Cell Area (Cell+Physical)    265562.657
Net Area                           58.310
Total Area (Cell+Physical+Net)     265620.967

Runtime                            1.0 seconds
Elapsed Runtime                    18 seconds
Genus peak memory usage            938.05 
Innovus peak memory usage          no_value 
Hostname                           cic-dsd
