============================================================
  Generated by:           Genus(TM) Synthesis Solution 19.10-p002_1
  Generated on:           Jun 03 2020  11:41:35 am
  Module:                 CHIP
  Technology libraries:   NangateOpenCellLibrary revision 1.0
                          io_worst 
                          USERLIB_nldm_ss_0p81v_0p81v_125c 1.1
                          physical_cells 
  Operating conditions:   slow 
  Interconnect mode:      global
  Area mode:              physical library
============================================================

            Instance                                   Module                        Cell Count  Cell Area  Net Area   Total Area 
----------------------------------------------------------------------------------------------------------------------------------
CHIP                                                                                      37299 265562.657    58.311   265620.967 
  u_IDCT                         DCT                                                      18529  42079.318    24.296    42103.614 
    bdeg                         bdeg                                                      9404  18480.401     0.000    18480.401 
      mult_e                     DW02__DW02_mult_3_stage__builtin_A_width17_B_width        1735   2983.358     0.000     2983.358 
        mixed_mult_1_12          mult_mixed_666                                            1673   2637.438     0.000     2637.438 
      mult_d                     DW02__DW02_mult_3_stage__builtin_A_width17_B_width        1735   2983.358     0.000     2983.358 
        mixed_mult_1_12          mult_mixed_666                                            1673   2637.438     0.000     2637.438 
      mult_g                     DW02__DW02_mult_3_stage__builtin_A_width17_B_width        1555   2695.623     0.000     2695.623 
        mixed_mult_1_12          mult_mixed_549                                            1495   2360.862     0.000     2360.862 
      mult_b                     DW02__DW02_mult_3_stage__builtin_A_width17_B_width        1555   2695.623     0.000     2695.623 
        mixed_mult_1_12          mult_mixed_549                                            1495   2360.862     0.000     2360.862 
      ACC3                       ACC                                                        618   1422.734     0.000     1422.734 
        adder2                   add_pipe1                                                  256    481.418     0.000      481.418 
          add_63_37              add_unsigned_45                                            105    149.845     0.000      149.845 
          add_69_51              add_unsigned_47                                             80    113.978     0.000      113.978 
          add_69_60              add_unsigned_49                                             40     49.417     0.000       49.417 
        adder1                   add_pipe1                                                  256    481.418     0.000      481.418 
          add_63_37              add_unsigned_45                                            105    149.845     0.000      149.845 
          add_69_51              add_unsigned_47                                             80    113.978     0.000      113.978 
          add_69_60              add_unsigned_49                                             40     49.417     0.000       49.417 
        mux_26_22                bmux_56                                                     20     63.764     0.000       63.764 
        mux_27_22                bmux_56                                                     20     63.764     0.000       63.764 
      ACC2                       ACC                                                        618   1422.734     0.000     1422.734 
        adder2                   add_pipe1                                                  256    481.418     0.000      481.418 
          add_63_37              add_unsigned_45                                            105    149.845     0.000      149.845 
          add_69_51              add_unsigned_47                                             80    113.978     0.000      113.978 
          add_69_60              add_unsigned_49                                             40     49.417     0.000       49.417 
        adder1                   add_pipe1                                                  256    481.418     0.000      481.418 
          add_63_37              add_unsigned_45                                            105    149.845     0.000      149.845 
          add_69_51              add_unsigned_47                                             80    113.978     0.000      113.978 
          add_69_60              add_unsigned_49                                             40     49.417     0.000       49.417 
        mux_26_22                bmux_56                                                     20     63.764     0.000       63.764 
        mux_27_22                bmux_56                                                     20     63.764     0.000       63.764 
      ACC1                       ACC                                                        618   1422.734     0.000     1422.734 
        adder2                   add_pipe1                                                  256    481.418     0.000      481.418 
          add_63_37              add_unsigned_45                                            105    149.845     0.000      149.845 
          add_69_51              add_unsigned_47                                             80    113.978     0.000      113.978 
          add_69_60              add_unsigned_49                                             40     49.417     0.000       49.417 
        adder1                   add_pipe1                                                  256    481.418     0.000      481.418 
          add_63_37              add_unsigned_45                                            105    149.845     0.000      149.845 
          add_69_51              add_unsigned_47                                             80    113.978     0.000      113.978 
          add_69_60              add_unsigned_49                                             40     49.417     0.000       49.417 
        mux_26_22                bmux_56                                                     20     63.764     0.000       63.764 
        mux_27_22                bmux_56                                                     20     63.764     0.000       63.764 
      ACC0                       ACC                                                        618   1422.734     0.000     1422.734 
        adder2                   add_pipe1                                                  256    481.418     0.000      481.418 
          add_63_37              add_unsigned_45                                            105    149.845     0.000      149.845 
          add_69_51              add_unsigned_47                                             80    113.978     0.000      113.978 
          add_69_60              add_unsigned_49                                             40     49.417     0.000       49.417 
        adder1                   add_pipe1                                                  256    481.418     0.000      481.418 
          add_63_37              add_unsigned_45                                            105    149.845     0.000      149.845 
          add_69_51              add_unsigned_47                                             80    113.978     0.000      113.978 
          add_69_60              add_unsigned_49                                             40     49.417     0.000       49.417 
        mux_26_22                bmux_56                                                     20     63.764     0.000       63.764 
        mux_27_22                bmux_56                                                     20     63.764     0.000       63.764 
      mux_cmbsop_ATneg_139_10    mux_678                                                     22    140.281     0.000      140.281 
      mux_toACC0t_55_10          bmux_439                                                    20    127.528     0.000      127.528 
      mux_toACC1t_65_10          bmux_439                                                    20    127.528     0.000      127.528 
      mux_toACC2t_75_10          bmux_439                                                    20    127.528     0.000      127.528 
      mux_toACC3t_85_10          bmux_439                                                    20    127.528     0.000      127.528 
      mux_93_53                  bmux_56                                                     20     63.764     0.000       63.764 
      mux_94_53                  bmux_56                                                     20     63.764     0.000       63.764 
      mux_95_53                  bmux_56                                                     20     63.764     0.000       63.764 
      g5                         not_op_26                                                   20     15.941     0.000       15.941 
      g4                         not_op_25                                                   20     15.941     0.000       15.941 
      g3                         not_op_24                                                   20     15.941     0.000       15.941 
      ctl_139_10                 case_box_31                                                 10     11.159     0.000       11.159 
      mux_negACCin_156_8         bmux                                                         3      9.565     0.000        9.565 
      mux_selACCin0_148_8        bmux_21                                                      2      6.376     0.000        6.376 
      mux_selACCin1_148_8        bmux_21                                                      2      6.376     0.000        6.376 
      mux_selACCin2_148_8        bmux_21                                                      2      6.376     0.000        6.376 
      mux_selACCin3_148_8        bmux_21                                                      2      6.376     0.000        6.376 
      mux_Count_27_14            bmux_21                                                      2      6.376     0.000        6.376 
      add_33_23                  add_unsigned_410                                             5      6.376     0.000        6.376 
    acf                          acf                                                       7173  14714.340     0.000    14714.340 
      mult_f                     DW02__DW02_mult_3_stage__builtin_A_width17_B_width        1786   3080.598     0.000     3080.598 
        mixed_mult_1_12          mult_mixed_406                                            1722   2723.520     0.000     2723.520 
      mult_c                     DW02__DW02_mult_3_stage__builtin_A_width17_B_width        1460   2592.804     0.000     2592.804 
        mixed_mult_1_12          mult_mixed_288                                            1406   2291.519     0.000     2291.519 
      mult_a                     DW02__DW02_mult_3_stage__builtin_A_width17_B_width        1107   1944.005     0.000     1944.005 
        mixed_mult_1_12          mult_mixed                                                1055   1653.879     0.000     1653.879 
      ACC3                       ACC                                                        618   1422.734     0.000     1422.734 
        adder2                   add_pipe1                                                  256    481.418     0.000      481.418 
          add_63_37              add_unsigned_45                                            105    149.845     0.000      149.845 
          add_69_51              add_unsigned_47                                             80    113.978     0.000      113.978 
          add_69_60              add_unsigned_49                                             40     49.417     0.000       49.417 
        adder1                   add_pipe1                                                  256    481.418     0.000      481.418 
          add_63_37              add_unsigned_45                                            105    149.845     0.000      149.845 
          add_69_51              add_unsigned_47                                             80    113.978     0.000      113.978 
          add_69_60              add_unsigned_49                                             40     49.417     0.000       49.417 
        mux_26_22                bmux_56                                                     20     63.764     0.000       63.764 
        mux_27_22                bmux_56                                                     20     63.764     0.000       63.764 
      ACC2                       ACC                                                        618   1422.734     0.000     1422.734 
        adder2                   add_pipe1                                                  256    481.418     0.000      481.418 
          add_63_37              add_unsigned_45                                            105    149.845     0.000      149.845 
          add_69_51              add_unsigned_47                                             80    113.978     0.000      113.978 
          add_69_60              add_unsigned_49                                             40     49.417     0.000       49.417 
        adder1                   add_pipe1                                                  256    481.418     0.000      481.418 
          add_63_37              add_unsigned_45                                            105    149.845     0.000      149.845 
          add_69_51              add_unsigned_47                                             80    113.978     0.000      113.978 
          add_69_60              add_unsigned_49                                             40     49.417     0.000       49.417 
        mux_26_22                bmux_56                                                     20     63.764     0.000       63.764 
        mux_27_22                bmux_56                                                     20     63.764     0.000       63.764 
      ACC1                       ACC                                                        618   1422.734     0.000     1422.734 
        adder2                   add_pipe1                                                  256    481.418     0.000      481.418 
          add_63_37              add_unsigned_45                                            105    149.845     0.000      149.845 
          add_69_51              add_unsigned_47                                             80    113.978     0.000      113.978 
          add_69_60              add_unsigned_49                                             40     49.417     0.000       49.417 
        adder1                   add_pipe1                                                  256    481.418     0.000      481.418 
          add_63_37              add_unsigned_45                                            105    149.845     0.000      149.845 
          add_69_51              add_unsigned_47                                             80    113.978     0.000      113.978 
          add_69_60              add_unsigned_49                                             40     49.417     0.000       49.417 
        mux_26_22                bmux_56                                                     20     63.764     0.000       63.764 
        mux_27_22                bmux_56                                                     20     63.764     0.000       63.764 
      ACC0                       ACC                                                        618   1422.734     0.000     1422.734 
        adder2                   add_pipe1                                                  256    481.418     0.000      481.418 
          add_63_37              add_unsigned_45                                            105    149.845     0.000      149.845 
          add_69_51              add_unsigned_47                                             80    113.978     0.000      113.978 
          add_69_60              add_unsigned_49                                             40     49.417     0.000       49.417 
        adder1                   add_pipe1                                                  256    481.418     0.000      481.418 
          add_63_37              add_unsigned_45                                            105    149.845     0.000      149.845 
          add_69_51              add_unsigned_47                                             80    113.978     0.000      113.978 
          add_69_60              add_unsigned_49                                             40     49.417     0.000       49.417 
        mux_26_22                bmux_56                                                     20     63.764     0.000       63.764 
        mux_27_22                bmux_56                                                     20     63.764     0.000       63.764 
      mux_toACC0t_52_10          bmux_439                                                    20    127.528     0.000      127.528 
      mux_toACC1t_62_10          bmux_439                                                    20    127.528     0.000      127.528 
      mux_toACC2t_72_10          bmux_439                                                    20    127.528     0.000      127.528 
      mux_toACC3t_82_10          bmux_439                                                    20    127.528     0.000      127.528 
      mux_cmbsop_ATneg_135_10    mux_420                                                     18    114.775     0.000      114.775 
      mux_90_53                  bmux_56                                                     20     63.764     0.000       63.764 
      mux_91_53                  bmux_56                                                     20     63.764     0.000       63.764 
      mux_92_53                  bmux_56                                                     20     63.764     0.000       63.764 
      g5                         not_op_15                                                   20     15.941     0.000       15.941 
      g4                         not_op_14                                                   20     15.941     0.000       15.941 
      g3                         not_op_13                                                   20     15.941     0.000       15.941 
      ctl_135_10                 case_box_20                                                 10     11.159     0.000       11.159 
      mux_negACCin_151_13        bmux                                                         3      9.565     0.000        9.565 
      mux_selACCin0_144_13       bmux_21                                                      2      6.376     0.000        6.376 
      mux_selACCin1_144_13       bmux_21                                                      2      6.376     0.000        6.376 
      mux_selACCin2_144_13       bmux_21                                                      2      6.376     0.000        6.376 
      mux_selACCin3_144_13       bmux_21                                                      2      6.376     0.000        6.376 
      mux_Count_27_14            bmux_21                                                      2      6.376     0.000        6.376 
      add_33_23                  add_unsigned_410                                             5      6.376     0.000        6.376 
    tposemem                     tposemem                                                   403   4992.581    24.296     5016.877 
      Bisted_RF_2P_ADV64x16      Bisted_RF_2P_ADV64x16                                      290   4743.105    24.296     4767.401 
        RF_2P_ADV64x16_u0        RF_2P_ADV64x16_wrapper_RF_2P_ADV64x16                       31   3764.327    24.296     3788.623 
          mux_46_19              bmux_22                                                     16     51.011     0.000       51.011 
          mux_47_19              bmux_801                                                     6     19.129     0.000       19.129 
          mux_41_19              bmux_801                                                     6     19.129     0.000       19.129 
          mux_43_21              bmux_825                                                     1      3.188     0.000        3.188 
          mux_38_21              bmux_825                                                     1      3.188     0.000        3.188 
        BistCtrl_i0              BistCtrl_RF_2P_ADV64x16                                    259    978.777     0.000      978.777 
          S44                    ST_MTC_RF_2P_ADV64x16                                      122    516.488     0.000      516.488 
            mux_cmbsop_S18_201_9 mux_851                                                      6    133.904     0.000      133.904 
            mux_NextState_201_9  mux_845                                                      4     89.270     0.000       89.270 
            mux_S4_201_9         mux_857                                                      3     66.952     0.000       66.952 
            ctl_201_9            case_box_60                                                 28     41.447     0.000       41.447 
            ctl_State_201_9      case_box_59                                                 28     41.447     0.000       41.447 
            mux_State_173_16     bmux_848                                                     4     12.753     0.000       12.753 
            mux_314_16           bmux                                                         3      9.565     0.000        9.565 
            mux_274_16           bmux                                                         3      9.565     0.000        9.565 
            mux_S20_186_16       bmux_21                                                      2      6.376     0.000        6.376 
            mux_S20_192_13       bmux_21                                                      2      6.376     0.000        6.376 
            mux_234_16           bmux_21                                                      2      6.376     0.000        6.376 
            mux_214_16           bmux_21                                                      2      6.376     0.000        6.376 
            add_193_17           add_unsigned_410                                             5      6.376     0.000        6.376 
            mux_S4_201_13        mux_859                                                      1      4.782     0.000        4.782 
            mux_Finish_186_16    bmux_825                                                     1      3.188     0.000        3.188 
            mux_182_21           bmux_825                                                     1      3.188     0.000        3.188 
            mux_304_16           bmux_825                                                     1      3.188     0.000        3.188 
            mux_294_16           bmux_825                                                     1      3.188     0.000        3.188 
            mux_254_16           bmux_825                                                     1      3.188     0.000        3.188 
          ST_MPG_i0              ST_MPG_RF_2P_ADV64x16                                       35    231.942     0.000      231.942 
            mux_S10_64_9         mux_802                                                     16    204.045     0.000      204.045 
            ctl_S11_64_9         case_box_56                                                 19     27.897     0.000       27.897 
          S43                    ST_MAG_RF_2P_ADV64x16                                       71    160.207     0.000      160.207 
            mux_S6_38_2          bmux_800                                                     6     38.258     0.000       38.258 
            add_40_18            add_unsigned_795                                            22     27.100     0.000       27.100 
            sub_39_18            sub_unsigned_793                                            21     26.303     0.000       26.303 
            mux_S5_27_16         bmux_801                                                     6     19.129     0.000       19.129 
          ST_MAL_i0              ST_MAL_RF_2P_ADV64x16                                       31     70.140     0.000       70.140 
            eq_98_11             equal_unsigned_822                                          21     41.447     0.000       41.447 
            mux_S17_107_16       bmux_825                                                     1      3.188     0.000        3.188 
            mux_S16_107_16       bmux_825                                                     1      3.188     0.000        3.188 
            mux_S16_112_11       bmux_825                                                     1      3.188     0.000        3.188 
            mux_S15_98_11        bmux_825                                                     1      3.188     0.000        3.188 
      sub_33_25                  sub_unsigned_872                                            38     51.011     0.000       51.011 
      add_26_51                  add_unsigned_868                                            27     33.476     0.000       33.476 
      mux_30_28                  bmux_801                                                     6     19.129     0.000       19.129 
      mux_Wadr_40_23             bmux_801                                                     6     19.129     0.000       19.129 
      mux_Count_19_14            bmux_801                                                     6     19.129     0.000       19.129 
      mux_62_22                  bmux                                                         3      9.565     0.000        9.565 
      g6                         or_op_71                                                     3      6.376     0.000        6.376 
      mux_Transport_d_49_15      bmux_825                                                     1      3.188     0.000        3.188 
      mux_Transport_19_14        bmux_825                                                     1      3.188     0.000        3.188 
    IDRU8                        IDRU8                                                      862   2131.312     0.000     2131.312 
      sub_87_45                  sub_unsigned_728                                           215    293.314     0.000      293.314 
      add_86_45                  add_unsigned_744                                           196    278.170     0.000      278.170 
      mux_LIFO[LIFOaddr]_111_32  mux                                                         16    102.022     0.000      102.022 
      mux_69_50                  bmux_756                                                    18     57.388     0.000       57.388 
      mux_70_50                  bmux_756                                                    18     57.388     0.000       57.388 
      mux_71_50                  bmux_756                                                    18     57.388     0.000       57.388 
      mux_SWBout0_50_15          bmux_756                                                    18     57.388     0.000       57.388 
      mux_SWAout0_35_15          bmux_756                                                    18     57.388     0.000       57.388 
      mux_81_50                  bmux_756                                                    18     57.388     0.000       57.388 
      mux_82_50                  bmux_756                                                    18     57.388     0.000       57.388 
      mux_83_50                  bmux_756                                                    18     57.388     0.000       57.388 
      mux_SWBout1_50_15          bmux_756                                                    18     57.388     0.000       57.388 
      mux_SWAout1_35_15          bmux_756                                                    18     57.388     0.000       57.388 
      mux_112_29                 bmux_22                                                     16     51.011     0.000       51.011 
      mux_89_39                  bmux_22                                                     16     51.011     0.000       51.011 
      mux_91_39                  bmux_22                                                     16     51.011     0.000       51.011 
      mux_Z_125_15               bmux_784                                                    12     38.258     0.000       38.258 
      mux_117_25                 bmux_784                                                    12     38.258     0.000       38.258 
      mux_118_37                 bmux_784                                                    12     38.258     0.000       38.258 
      mux_120_37                 bmux_784                                                    12     38.258     0.000       38.258 
      mux_114_38                 bmux_784                                                    12     38.258     0.000       38.258 
      add_24_23                  add_unsigned                                                 9     11.159     0.000       11.159 
      mux_Count_18_14            bmux                                                         3      9.565     0.000        9.565 
      mux_29_41                  bmux_21                                                      2      6.376     0.000        6.376 
      mux_30_41                  bmux_21                                                      2      6.376     0.000        6.376 
      mux_94_45                  bmux_21                                                      2      6.376     0.000        6.376 
      g13                        or_op                                                        2      3.985     0.000        3.985 
      g11                        and_op                                                       2      3.985     0.000        3.985 
      g5                         not_op_36                                                    2      1.594     0.000        1.594 
    DRU                          DRU                                                        649   1582.144     0.000     1582.144 
      sub_60_47                  sub_unsigned                                               207    282.156     0.000      282.156 
      add_58_47                  add_unsigned_18                                            189    267.809     0.000      267.809 
      mux_LIFO[LIFOaddr]_55_32   mux                                                         16    102.022     0.000      102.022 
      mux_ToBDEG_68_18           bmux_39                                                     17     54.199     0.000       54.199 
      mux_ToACF_68_18            bmux_39                                                     17     54.199     0.000       54.199 
      mux_62_42                  bmux_22                                                     16     51.011     0.000       51.011 
      mux_61_42                  bmux_22                                                     16     51.011     0.000       51.011 
      mux_41_41                  bmux_22                                                     16     51.011     0.000       51.011 
      mux_42_41                  bmux_22                                                     16     51.011     0.000       51.011 
      add_30_31                  add_unsigned                                                 9     11.159     0.000       11.159 
      mux_Count_24_14            bmux                                                         3      9.565     0.000        9.565 
      mux_36_42                  bmux_21                                                      2      6.376     0.000        6.376 
      g4                         not_op                                                       2      1.594     0.000        1.594 
    mux_Z_42_13                  bmux_784                                                    12     38.258     0.000       38.258 
  u_DCT                          DCT                                                      18529  42079.318    24.296    42103.614 
    bdeg                         bdeg                                                      9404  18480.401     0.000    18480.401 
      mult_e                     DW02__DW02_mult_3_stage__builtin_A_width17_B_width        1735   2983.358     0.000     2983.358 
        mixed_mult_1_12          mult_mixed_666                                            1673   2637.438     0.000     2637.438 
      mult_d                     DW02__DW02_mult_3_stage__builtin_A_width17_B_width        1735   2983.358     0.000     2983.358 
        mixed_mult_1_12          mult_mixed_666                                            1673   2637.438     0.000     2637.438 
      mult_g                     DW02__DW02_mult_3_stage__builtin_A_width17_B_width        1555   2695.623     0.000     2695.623 
        mixed_mult_1_12          mult_mixed_549                                            1495   2360.862     0.000     2360.862 
      mult_b                     DW02__DW02_mult_3_stage__builtin_A_width17_B_width        1555   2695.623     0.000     2695.623 
        mixed_mult_1_12          mult_mixed_549                                            1495   2360.862     0.000     2360.862 
      ACC3                       ACC                                                        618   1422.734     0.000     1422.734 
        adder2                   add_pipe1                                                  256    481.418     0.000      481.418 
          add_63_37              add_unsigned_45                                            105    149.845     0.000      149.845 
          add_69_51              add_unsigned_47                                             80    113.978     0.000      113.978 
          add_69_60              add_unsigned_49                                             40     49.417     0.000       49.417 
        adder1                   add_pipe1                                                  256    481.418     0.000      481.418 
          add_63_37              add_unsigned_45                                            105    149.845     0.000      149.845 
          add_69_51              add_unsigned_47                                             80    113.978     0.000      113.978 
          add_69_60              add_unsigned_49                                             40     49.417     0.000       49.417 
        mux_26_22                bmux_56                                                     20     63.764     0.000       63.764 
        mux_27_22                bmux_56                                                     20     63.764     0.000       63.764 
      ACC2                       ACC                                                        618   1422.734     0.000     1422.734 
        adder2                   add_pipe1                                                  256    481.418     0.000      481.418 
          add_63_37              add_unsigned_45                                            105    149.845     0.000      149.845 
          add_69_51              add_unsigned_47                                             80    113.978     0.000      113.978 
          add_69_60              add_unsigned_49                                             40     49.417     0.000       49.417 
        adder1                   add_pipe1                                                  256    481.418     0.000      481.418 
          add_63_37              add_unsigned_45                                            105    149.845     0.000      149.845 
          add_69_51              add_unsigned_47                                             80    113.978     0.000      113.978 
          add_69_60              add_unsigned_49                                             40     49.417     0.000       49.417 
        mux_26_22                bmux_56                                                     20     63.764     0.000       63.764 
        mux_27_22                bmux_56                                                     20     63.764     0.000       63.764 
      ACC1                       ACC                                                        618   1422.734     0.000     1422.734 
        adder2                   add_pipe1                                                  256    481.418     0.000      481.418 
          add_63_37              add_unsigned_45                                            105    149.845     0.000      149.845 
          add_69_51              add_unsigned_47                                             80    113.978     0.000      113.978 
          add_69_60              add_unsigned_49                                             40     49.417     0.000       49.417 
        adder1                   add_pipe1                                                  256    481.418     0.000      481.418 
          add_63_37              add_unsigned_45                                            105    149.845     0.000      149.845 
          add_69_51              add_unsigned_47                                             80    113.978     0.000      113.978 
          add_69_60              add_unsigned_49                                             40     49.417     0.000       49.417 
        mux_26_22                bmux_56                                                     20     63.764     0.000       63.764 
        mux_27_22                bmux_56                                                     20     63.764     0.000       63.764 
      ACC0                       ACC                                                        618   1422.734     0.000     1422.734 
        adder2                   add_pipe1                                                  256    481.418     0.000      481.418 
          add_63_37              add_unsigned_45                                            105    149.845     0.000      149.845 
          add_69_51              add_unsigned_47                                             80    113.978     0.000      113.978 
          add_69_60              add_unsigned_49                                             40     49.417     0.000       49.417 
        adder1                   add_pipe1                                                  256    481.418     0.000      481.418 
          add_63_37              add_unsigned_45                                            105    149.845     0.000      149.845 
          add_69_51              add_unsigned_47                                             80    113.978     0.000      113.978 
          add_69_60              add_unsigned_49                                             40     49.417     0.000       49.417 
        mux_26_22                bmux_56                                                     20     63.764     0.000       63.764 
        mux_27_22                bmux_56                                                     20     63.764     0.000       63.764 
      mux_cmbsop_ATneg_139_10    mux_678                                                     22    140.281     0.000      140.281 
      mux_toACC0t_55_10          bmux_439                                                    20    127.528     0.000      127.528 
      mux_toACC1t_65_10          bmux_439                                                    20    127.528     0.000      127.528 
      mux_toACC2t_75_10          bmux_439                                                    20    127.528     0.000      127.528 
      mux_toACC3t_85_10          bmux_439                                                    20    127.528     0.000      127.528 
      mux_93_53                  bmux_56                                                     20     63.764     0.000       63.764 
      mux_94_53                  bmux_56                                                     20     63.764     0.000       63.764 
      mux_95_53                  bmux_56                                                     20     63.764     0.000       63.764 
      g5                         not_op_26                                                   20     15.941     0.000       15.941 
      g4                         not_op_25                                                   20     15.941     0.000       15.941 
      g3                         not_op_24                                                   20     15.941     0.000       15.941 
      ctl_139_10                 case_box_31                                                 10     11.159     0.000       11.159 
      mux_negACCin_156_8         bmux                                                         3      9.565     0.000        9.565 
      mux_selACCin0_148_8        bmux_21                                                      2      6.376     0.000        6.376 
      mux_selACCin1_148_8        bmux_21                                                      2      6.376     0.000        6.376 
      mux_selACCin2_148_8        bmux_21                                                      2      6.376     0.000        6.376 
      mux_selACCin3_148_8        bmux_21                                                      2      6.376     0.000        6.376 
      mux_Count_27_14            bmux_21                                                      2      6.376     0.000        6.376 
      add_33_23                  add_unsigned_410                                             5      6.376     0.000        6.376 
    acf                          acf                                                       7173  14714.340     0.000    14714.340 
      mult_f                     DW02__DW02_mult_3_stage__builtin_A_width17_B_width        1786   3080.598     0.000     3080.598 
        mixed_mult_1_12          mult_mixed_406                                            1722   2723.520     0.000     2723.520 
      mult_c                     DW02__DW02_mult_3_stage__builtin_A_width17_B_width        1460   2592.804     0.000     2592.804 
        mixed_mult_1_12          mult_mixed_288                                            1406   2291.519     0.000     2291.519 
      mult_a                     DW02__DW02_mult_3_stage__builtin_A_width17_B_width        1107   1944.005     0.000     1944.005 
        mixed_mult_1_12          mult_mixed                                                1055   1653.879     0.000     1653.879 
      ACC3                       ACC                                                        618   1422.734     0.000     1422.734 
        adder2                   add_pipe1                                                  256    481.418     0.000      481.418 
          add_63_37              add_unsigned_45                                            105    149.845     0.000      149.845 
          add_69_51              add_unsigned_47                                             80    113.978     0.000      113.978 
          add_69_60              add_unsigned_49                                             40     49.417     0.000       49.417 
        adder1                   add_pipe1                                                  256    481.418     0.000      481.418 
          add_63_37              add_unsigned_45                                            105    149.845     0.000      149.845 
          add_69_51              add_unsigned_47                                             80    113.978     0.000      113.978 
          add_69_60              add_unsigned_49                                             40     49.417     0.000       49.417 
        mux_26_22                bmux_56                                                     20     63.764     0.000       63.764 
        mux_27_22                bmux_56                                                     20     63.764     0.000       63.764 
      ACC2                       ACC                                                        618   1422.734     0.000     1422.734 
        adder2                   add_pipe1                                                  256    481.418     0.000      481.418 
          add_63_37              add_unsigned_45                                            105    149.845     0.000      149.845 
          add_69_51              add_unsigned_47                                             80    113.978     0.000      113.978 
          add_69_60              add_unsigned_49                                             40     49.417     0.000       49.417 
        adder1                   add_pipe1                                                  256    481.418     0.000      481.418 
          add_63_37              add_unsigned_45                                            105    149.845     0.000      149.845 
          add_69_51              add_unsigned_47                                             80    113.978     0.000      113.978 
          add_69_60              add_unsigned_49                                             40     49.417     0.000       49.417 
        mux_26_22                bmux_56                                                     20     63.764     0.000       63.764 
        mux_27_22                bmux_56                                                     20     63.764     0.000       63.764 
      ACC1                       ACC                                                        618   1422.734     0.000     1422.734 
        adder2                   add_pipe1                                                  256    481.418     0.000      481.418 
          add_63_37              add_unsigned_45                                            105    149.845     0.000      149.845 
          add_69_51              add_unsigned_47                                             80    113.978     0.000      113.978 
          add_69_60              add_unsigned_49                                             40     49.417     0.000       49.417 
        adder1                   add_pipe1                                                  256    481.418     0.000      481.418 
          add_63_37              add_unsigned_45                                            105    149.845     0.000      149.845 
          add_69_51              add_unsigned_47                                             80    113.978     0.000      113.978 
          add_69_60              add_unsigned_49                                             40     49.417     0.000       49.417 
        mux_26_22                bmux_56                                                     20     63.764     0.000       63.764 
        mux_27_22                bmux_56                                                     20     63.764     0.000       63.764 
      ACC0                       ACC                                                        618   1422.734     0.000     1422.734 
        adder2                   add_pipe1                                                  256    481.418     0.000      481.418 
          add_63_37              add_unsigned_45                                            105    149.845     0.000      149.845 
          add_69_51              add_unsigned_47                                             80    113.978     0.000      113.978 
          add_69_60              add_unsigned_49                                             40     49.417     0.000       49.417 
        adder1                   add_pipe1                                                  256    481.418     0.000      481.418 
          add_63_37              add_unsigned_45                                            105    149.845     0.000      149.845 
          add_69_51              add_unsigned_47                                             80    113.978     0.000      113.978 
          add_69_60              add_unsigned_49                                             40     49.417     0.000       49.417 
        mux_26_22                bmux_56                                                     20     63.764     0.000       63.764 
        mux_27_22                bmux_56                                                     20     63.764     0.000       63.764 
      mux_toACC0t_52_10          bmux_439                                                    20    127.528     0.000      127.528 
      mux_toACC1t_62_10          bmux_439                                                    20    127.528     0.000      127.528 
      mux_toACC2t_72_10          bmux_439                                                    20    127.528     0.000      127.528 
      mux_toACC3t_82_10          bmux_439                                                    20    127.528     0.000      127.528 
      mux_cmbsop_ATneg_135_10    mux_420                                                     18    114.775     0.000      114.775 
      mux_90_53                  bmux_56                                                     20     63.764     0.000       63.764 
      mux_91_53                  bmux_56                                                     20     63.764     0.000       63.764 
      mux_92_53                  bmux_56                                                     20     63.764     0.000       63.764 
      g5                         not_op_15                                                   20     15.941     0.000       15.941 
      g4                         not_op_14                                                   20     15.941     0.000       15.941 
      g3                         not_op_13                                                   20     15.941     0.000       15.941 
      ctl_135_10                 case_box_20                                                 10     11.159     0.000       11.159 
      mux_negACCin_151_13        bmux                                                         3      9.565     0.000        9.565 
      mux_selACCin0_144_13       bmux_21                                                      2      6.376     0.000        6.376 
      mux_selACCin1_144_13       bmux_21                                                      2      6.376     0.000        6.376 
      mux_selACCin2_144_13       bmux_21                                                      2      6.376     0.000        6.376 
      mux_selACCin3_144_13       bmux_21                                                      2      6.376     0.000        6.376 
      mux_Count_27_14            bmux_21                                                      2      6.376     0.000        6.376 
      add_33_23                  add_unsigned_410                                             5      6.376     0.000        6.376 
    tposemem                     tposemem                                                   403   4992.581    24.296     5016.877 
      Bisted_RF_2P_ADV64x16      Bisted_RF_2P_ADV64x16                                      290   4743.105    24.296     4767.401 
        RF_2P_ADV64x16_u0        RF_2P_ADV64x16_wrapper_RF_2P_ADV64x16                       31   3764.327    24.296     3788.623 
          mux_46_19              bmux_22                                                     16     51.011     0.000       51.011 
          mux_47_19              bmux_801                                                     6     19.129     0.000       19.129 
          mux_41_19              bmux_801                                                     6     19.129     0.000       19.129 
          mux_43_21              bmux_825                                                     1      3.188     0.000        3.188 
          mux_38_21              bmux_825                                                     1      3.188     0.000        3.188 
        BistCtrl_i0              BistCtrl_RF_2P_ADV64x16                                    259    978.777     0.000      978.777 
          S44                    ST_MTC_RF_2P_ADV64x16                                      122    516.488     0.000      516.488 
            mux_cmbsop_S18_201_9 mux_851                                                      6    133.904     0.000      133.904 
            mux_NextState_201_9  mux_845                                                      4     89.270     0.000       89.270 
            mux_S4_201_9         mux_857                                                      3     66.952     0.000       66.952 
            ctl_201_9            case_box_60                                                 28     41.447     0.000       41.447 
            ctl_State_201_9      case_box_59                                                 28     41.447     0.000       41.447 
            mux_State_173_16     bmux_848                                                     4     12.753     0.000       12.753 
            mux_314_16           bmux                                                         3      9.565     0.000        9.565 
            mux_274_16           bmux                                                         3      9.565     0.000        9.565 
            mux_S20_186_16       bmux_21                                                      2      6.376     0.000        6.376 
            mux_S20_192_13       bmux_21                                                      2      6.376     0.000        6.376 
            mux_234_16           bmux_21                                                      2      6.376     0.000        6.376 
            mux_214_16           bmux_21                                                      2      6.376     0.000        6.376 
            add_193_17           add_unsigned_410                                             5      6.376     0.000        6.376 
            mux_S4_201_13        mux_859                                                      1      4.782     0.000        4.782 
            mux_Finish_186_16    bmux_825                                                     1      3.188     0.000        3.188 
            mux_182_21           bmux_825                                                     1      3.188     0.000        3.188 
            mux_304_16           bmux_825                                                     1      3.188     0.000        3.188 
            mux_294_16           bmux_825                                                     1      3.188     0.000        3.188 
            mux_254_16           bmux_825                                                     1      3.188     0.000        3.188 
          ST_MPG_i0              ST_MPG_RF_2P_ADV64x16                                       35    231.942     0.000      231.942 
            mux_S10_64_9         mux_802                                                     16    204.045     0.000      204.045 
            ctl_S11_64_9         case_box_56                                                 19     27.897     0.000       27.897 
          S43                    ST_MAG_RF_2P_ADV64x16                                       71    160.207     0.000      160.207 
            mux_S6_38_2          bmux_800                                                     6     38.258     0.000       38.258 
            add_40_18            add_unsigned_795                                            22     27.100     0.000       27.100 
            sub_39_18            sub_unsigned_793                                            21     26.303     0.000       26.303 
            mux_S5_27_16         bmux_801                                                     6     19.129     0.000       19.129 
          ST_MAL_i0              ST_MAL_RF_2P_ADV64x16                                       31     70.140     0.000       70.140 
            eq_98_11             equal_unsigned_822                                          21     41.447     0.000       41.447 
            mux_S17_107_16       bmux_825                                                     1      3.188     0.000        3.188 
            mux_S16_107_16       bmux_825                                                     1      3.188     0.000        3.188 
            mux_S16_112_11       bmux_825                                                     1      3.188     0.000        3.188 
            mux_S15_98_11        bmux_825                                                     1      3.188     0.000        3.188 
      sub_33_25                  sub_unsigned_872                                            38     51.011     0.000       51.011 
      add_26_51                  add_unsigned_868                                            27     33.476     0.000       33.476 
      mux_30_28                  bmux_801                                                     6     19.129     0.000       19.129 
      mux_Wadr_40_23             bmux_801                                                     6     19.129     0.000       19.129 
      mux_Count_19_14            bmux_801                                                     6     19.129     0.000       19.129 
      mux_62_22                  bmux                                                         3      9.565     0.000        9.565 
      g6                         or_op_71                                                     3      6.376     0.000        6.376 
      mux_Transport_d_49_15      bmux_825                                                     1      3.188     0.000        3.188 
      mux_Transport_19_14        bmux_825                                                     1      3.188     0.000        3.188 
    IDRU8                        IDRU8                                                      862   2131.312     0.000     2131.312 
      sub_87_45                  sub_unsigned_728                                           215    293.314     0.000      293.314 
      add_86_45                  add_unsigned_744                                           196    278.170     0.000      278.170 
      mux_LIFO[LIFOaddr]_111_32  mux                                                         16    102.022     0.000      102.022 
      mux_69_50                  bmux_756                                                    18     57.388     0.000       57.388 
      mux_70_50                  bmux_756                                                    18     57.388     0.000       57.388 
      mux_71_50                  bmux_756                                                    18     57.388     0.000       57.388 
      mux_SWBout0_50_15          bmux_756                                                    18     57.388     0.000       57.388 
      mux_SWAout0_35_15          bmux_756                                                    18     57.388     0.000       57.388 
      mux_81_50                  bmux_756                                                    18     57.388     0.000       57.388 
      mux_82_50                  bmux_756                                                    18     57.388     0.000       57.388 
      mux_83_50                  bmux_756                                                    18     57.388     0.000       57.388 
      mux_SWBout1_50_15          bmux_756                                                    18     57.388     0.000       57.388 
      mux_SWAout1_35_15          bmux_756                                                    18     57.388     0.000       57.388 
      mux_112_29                 bmux_22                                                     16     51.011     0.000       51.011 
      mux_89_39                  bmux_22                                                     16     51.011     0.000       51.011 
      mux_91_39                  bmux_22                                                     16     51.011     0.000       51.011 
      mux_Z_125_15               bmux_784                                                    12     38.258     0.000       38.258 
      mux_117_25                 bmux_784                                                    12     38.258     0.000       38.258 
      mux_118_37                 bmux_784                                                    12     38.258     0.000       38.258 
      mux_120_37                 bmux_784                                                    12     38.258     0.000       38.258 
      mux_114_38                 bmux_784                                                    12     38.258     0.000       38.258 
      add_24_23                  add_unsigned                                                 9     11.159     0.000       11.159 
      mux_Count_18_14            bmux                                                         3      9.565     0.000        9.565 
      mux_29_41                  bmux_21                                                      2      6.376     0.000        6.376 
      mux_30_41                  bmux_21                                                      2      6.376     0.000        6.376 
      mux_94_45                  bmux_21                                                      2      6.376     0.000        6.376 
      g13                        or_op                                                        2      3.985     0.000        3.985 
      g11                        and_op                                                       2      3.985     0.000        3.985 
      g5                         not_op_36                                                    2      1.594     0.000        1.594 
    DRU                          DRU                                                        649   1582.144     0.000     1582.144 
      sub_60_47                  sub_unsigned                                               207    282.156     0.000      282.156 
      add_58_47                  add_unsigned_18                                            189    267.809     0.000      267.809 
      mux_LIFO[LIFOaddr]_55_32   mux                                                         16    102.022     0.000      102.022 
      mux_ToBDEG_68_18           bmux_39                                                     17     54.199     0.000       54.199 
      mux_ToACF_68_18            bmux_39                                                     17     54.199     0.000       54.199 
      mux_62_42                  bmux_22                                                     16     51.011     0.000       51.011 
      mux_61_42                  bmux_22                                                     16     51.011     0.000       51.011 
      mux_41_41                  bmux_22                                                     16     51.011     0.000       51.011 
      mux_42_41                  bmux_22                                                     16     51.011     0.000       51.011 
      add_30_31                  add_unsigned                                                 9     11.159     0.000       11.159 
      mux_Count_24_14            bmux                                                         3      9.565     0.000        9.565 
      mux_36_42                  bmux_21                                                      2      6.376     0.000        6.376 
      g4                         not_op                                                       2      1.594     0.000        1.594 
    mux_Z_42_13                  bmux_784                                                    12     38.258     0.000       38.258 
  lt_86_19                       lt_unsigned                                                 54     71.734     0.000       71.734 
  lt_99_19                       lt_unsigned_895                                             49     64.561     0.000       64.561 
  add_63_28                      add_unsigned_891                                            49     60.576     0.000       60.576 
  mux_d_X_49_8                   bmux_784                                                    12     38.258     0.000       38.258 
  mux_count_58_8                 bmux_897                                                    11     35.070     0.000       35.070 
  mux_DCT_RESET__82_8            bmux_825                                                     1      3.188     0.000        3.188 
  mux_DCT_RESET__86_19           bmux_825                                                     1      3.188     0.000        3.188 
  mux_IDCT_RESET__95_8           bmux_825                                                     1      3.188     0.000        3.188 
  mux_IDCT_RESET__99_19          bmux_825                                                     1      3.188     0.000        3.188 
  mux_d_HALT_38_8                bmux_825                                                     1      3.188     0.000        3.188 
