For more accurate power reporting use build_rtl_power_models after generic synthesis.
============================================================
  Generated by:           Genus(TM) Synthesis Solution 19.10-p002_1
  Generated on:           Jun 03 2020  11:41:36 am
  Module:                 CHIP
  Technology libraries:   NangateOpenCellLibrary revision 1.0
                          io_worst 
                          USERLIB_nldm_ss_0p81v_0p81v_125c 1.1
                          physical_cells 
  Operating conditions:   slow 
  Interconnect mode:      global
  Area mode:              physical library
============================================================

                                    Leakage   
   Gate    Instances     Area     Power (nW)                Library               
----------------------------------------------------------------------------------
PADIN             19  110910.030   776340.000    io_worst                         
PADOUT            12   70048.440   293520.000    io_worst                         
rf_2p_hse          2    7337.363   175260.008    USERLIB_nldm_ss_0p81v_0p81v_125c 
----------------------------------------------------------------------------------
total             33  188295.833  1245120.008                                     


                                                                    Leakage   Leakage 
             Library             Instances Instances %    Area     Power (nW) Power % 
--------------------------------------------------------------------------------------
USERLIB_nldm_ss_0p81v_0p81v_125c         2         6.1   7337.363  175260.008    14.1 
io_worst                                31        93.9 180958.470 1069860.000    85.9 

                                             Leakage   Leakage 
     Type      Instances    Area    Area %  Power (nW) Power % 
---------------------------------------------------------------
timing_model          33 188295.833  100.0 1245120.008    63.0 
sequential          3540      0.000    0.0  192716.892     9.8 
inverter            4607      0.000    0.0   48226.357     2.4 
logic              29121      0.000    0.0  489506.883    24.8 
physical_cells         0      0.000    0.0       0.000     0.0 
---------------------------------------------------------------
total              37301 188295.833  100.0 1975570.140   100.0 

