============================================================
  Generated by:           Genus(TM) Synthesis Solution 19.10-p002_1
  Generated on:           Jun 03 2020  11:46:23 am
  Module:                 CHIP
  Operating conditions:   slow 
  Interconnect mode:      global
  Area mode:              physical library
============================================================

          Instance                   Module         Cell Count  Cell Area  Net Area   Total Area 
-------------------------------------------------------------------------------------------------
CHIP                                                     13349 224313.031 18493.746   242806.776 
  u_DCT                      DCT                          6636  21554.787  9147.176    30701.963 
    bdeg                     bdeg                         2952   7985.320  3882.208    11867.528 
      mult_d_mixed_mult_1_12 mult_mixed_666_3              531    879.130   582.795     1461.925 
      mult_e_mixed_mult_1_12 mult_mixed_666_3_1923         364    620.312   385.893     1006.205 
      mult_b_mixed_mult_1_12 mult_mixed_549_3              351    615.258   390.544     1005.802 
      mult_g_mixed_mult_1_12 mult_mixed_549_3_1920         351    611.800   382.238      994.038 
    acf                      acf                          2259   7035.434  3064.758    10100.192 
      mult_f_mixed_mult_1_12 mult_mixed_406_1              405    680.960   436.333     1117.293 
    IDRU8                    IDRU8                         598   1156.834   785.450     1942.284 
    DRU                      DRU                           474   1051.764   621.191     1672.955 
  u_IDCT                     DCT_1                        6625  21557.713  9140.219    30697.932 
    bdeg                     bdeg_1                       2951   7984.522  3881.003    11865.525 
      mult_d_mixed_mult_1_12 mult_mixed_666_3_1922         531    879.130   582.795     1461.925 
      mult_e_mixed_mult_1_12 mult_mixed_666_3_1921         364    620.312   385.893     1006.205 
      mult_b_mixed_mult_1_12 mult_mixed_549_3_1919         351    615.258   390.544     1005.802 
      mult_g_mixed_mult_1_12 mult_mixed_549_3_1918         351    611.800   382.238      994.038 
    acf                      acf_1                        2261   7035.966  3066.377    10102.343 
      mult_f_mixed_mult_1_12 mult_mixed_406_1_1924         405    680.960   436.333     1117.293 
    IDRU8                    IDRU8_1                       585   1157.898   776.873     1934.771 
    DRU                      DRU_1                         474   1051.764   621.586     1673.350 
