============================================================
  Generated by:           Genus(TM) Synthesis Solution 19.10-p002_1
  Generated on:           Jun 03 2020  11:46:23 am
  Module:                 CHIP
  Operating conditions:   slow 
  Interconnect mode:      global
  Area mode:              physical library
============================================================

                                        Leakage   
     Gate      Instances     Area     Power (nW)                Library               
--------------------------------------------------------------------------------------
AND2_X1              630     670.320     9317.274    NangateOpenCellLibrary           
AND2_X2               17      22.610      546.616    NangateOpenCellLibrary           
AND2_X4                5      11.970      326.507    NangateOpenCellLibrary           
AND3_X1               14      18.620      244.780    NangateOpenCellLibrary           
AND3_X2                1       1.596       22.834    NangateOpenCellLibrary           
AND3_X4                1       2.926       65.253    NangateOpenCellLibrary           
AOI211_X1              4       5.320       93.845    NangateOpenCellLibrary           
AOI21_X1              44      46.816      789.268    NangateOpenCellLibrary           
AOI21_X2               1       1.862       42.292    NangateOpenCellLibrary           
AOI221_X1            173     276.108     4321.729    NangateOpenCellLibrary           
AOI221_X4              1       3.458       74.150    NangateOpenCellLibrary           
AOI222_X1            103     219.184     2549.150    NangateOpenCellLibrary           
AOI22_X1             410     545.300     7900.273    NangateOpenCellLibrary           
AOI22_X2               2       4.788       79.565    NangateOpenCellLibrary           
BUF_X1                 1       0.798       15.636    NangateOpenCellLibrary           
BUF_X2                 8       8.512      248.575    NangateOpenCellLibrary           
BUF_X4                 7      13.034      429.984    NangateOpenCellLibrary           
CLKBUF_X1           1542    1230.516    13011.672    NangateOpenCellLibrary           
CLKBUF_X2             10      10.640      172.469    NangateOpenCellLibrary           
CLKBUF_X3              1       1.330       22.980    NangateOpenCellLibrary           
CLKGATETST_X1         81     323.190     3235.654    NangateOpenCellLibrary           
FA_X1               1511    6430.816    67046.646    NangateOpenCellLibrary           
HA_X1                411    1093.260    16267.930    NangateOpenCellLibrary           
INV_X1              1861     990.052    19564.765    NangateOpenCellLibrary           
INV_X16                2       9.044      299.005    NangateOpenCellLibrary           
INV_X2                37      29.526      790.127    NangateOpenCellLibrary           
INV_X32                3      26.334      927.554    NangateOpenCellLibrary           
INV_X4                22      29.260      874.157    NangateOpenCellLibrary           
INV_X8                11      26.334      807.311    NangateOpenCellLibrary           
MUX2_X1              180     335.160     4316.688    NangateOpenCellLibrary           
MUX2_X2                2       4.788       85.895    NangateOpenCellLibrary           
NAND2_X1             955     762.090    11642.321    NangateOpenCellLibrary           
NAND2_X2              36      47.880     1016.071    NangateOpenCellLibrary           
NAND2_X4               9      21.546      464.614    NangateOpenCellLibrary           
NAND3_X1              48      51.072      955.827    NangateOpenCellLibrary           
NAND3_X2               7      13.034      287.978    NangateOpenCellLibrary           
NAND3_X4               5      17.290      224.790    NangateOpenCellLibrary           
NAND4_X1              20      26.600      313.084    NangateOpenCellLibrary           
NAND4_X2               3       7.182      167.266    NangateOpenCellLibrary           
NOR2_X1              344     274.512     4714.616    NangateOpenCellLibrary           
NOR2_X2               15      19.950      422.695    NangateOpenCellLibrary           
NOR2_X4                2       4.788      103.211    NangateOpenCellLibrary           
NOR3_X1               22      23.408      328.363    NangateOpenCellLibrary           
NOR4_X1                3       3.990       53.017    NangateOpenCellLibrary           
OAI211_X1            106     140.980     2242.819    NangateOpenCellLibrary           
OAI211_X2              3       7.182      116.446    NangateOpenCellLibrary           
OAI21_X1             251     267.064     4060.799    NangateOpenCellLibrary           
OAI21_X2              14      26.068      443.762    NangateOpenCellLibrary           
OAI221_X1             71     113.316     1730.126    NangateOpenCellLibrary           
OAI221_X2              1       2.926       43.098    NangateOpenCellLibrary           
OAI222_X1              2       4.256       51.577    NangateOpenCellLibrary           
OAI22_X1              43      57.190      800.036    NangateOpenCellLibrary           
OR2_X1               198     210.672     3544.957    NangateOpenCellLibrary           
OR2_X2                 4       5.320      143.828    NangateOpenCellLibrary           
OR2_X4                 2       4.788      139.708    NangateOpenCellLibrary           
OR3_X1                 8      10.640      153.842    NangateOpenCellLibrary           
OR4_X1                 1       1.596       19.083    NangateOpenCellLibrary           
PADIN                 19  110910.030   776340.000    io_worst                         
PADOUT                12   70048.440   293520.000    io_worst                         
SDFFRS_X1             24     185.136     1922.764    NangateOpenCellLibrary           
SDFFRS_X2              8      65.968      828.136    NangateOpenCellLibrary           
SDFFR_X1              31     206.150     2144.704    NangateOpenCellLibrary           
SDFFS_X1               2      13.300      142.210    NangateOpenCellLibrary           
SDFF_X1             3206   19614.308   221339.353    NangateOpenCellLibrary           
SDFF_X2               13      82.992     1236.691    NangateOpenCellLibrary           
XNOR2_X1             553     882.588    13283.301    NangateOpenCellLibrary           
XNOR2_X2             106     281.960     5040.176    NangateOpenCellLibrary           
XOR2_X1              104     165.984     2515.909    NangateOpenCellLibrary           
rf_2p_hse              2    7337.363   175260.008    USERLIB_nldm_ss_0p81v_0p81v_125c 
--------------------------------------------------------------------------------------
total              13349  224313.031  1682247.768                                     


                                                                    Leakage   Leakage 
             Library             Instances Instances %    Area     Power (nW) Power % 
--------------------------------------------------------------------------------------
NangateOpenCellLibrary               13316        99.8  36017.198  437127.760    26.0 
USERLIB_nldm_ss_0p81v_0p81v_125c         2         0.0   7337.363  175260.008    10.4 
io_worst                                31         0.2 180958.470 1069860.000    63.6 

                                                           Leakage   Leakage 
            Type             Instances    Area    Area %  Power (nW) Power % 
-----------------------------------------------------------------------------
timing_model                        33 188295.833   83.9 1245120.008    74.0 
sequential                        3284  20167.854    9.0  227613.858    13.5 
inverter                          1936   1110.550    0.5   23262.919     1.4 
buffer                            1569   1264.830    0.6   13901.316     0.8 
clock_gating_integrated_cell        81    323.190    0.1    3235.654     0.2 
logic                             6446  13150.774    5.9  169114.013    10.1 
physical_cells                       0      0.000    0.0       0.000     0.0 
-----------------------------------------------------------------------------
total                            13349 224313.031  100.0 1682247.768   100.0 

