============================================================
  Generated by:           Genus(TM) Synthesis Solution 19.10-p002_1
  Generated on:           Jun 03 2020  11:46:56 am
  Module:                 CHIP
  Operating conditions:   slow 
  Interconnect mode:      global
  Area mode:              physical library
============================================================

                                        Leakage   
     Gate      Instances     Area     Power (nW)                Library               
--------------------------------------------------------------------------------------
AND2_X1              646     687.344     9513.536    NangateOpenCellLibrary           
AND2_X2               15      19.950      489.268    NangateOpenCellLibrary           
AND2_X4                6      14.364      356.792    NangateOpenCellLibrary           
AND3_X1               12      15.960      202.452    NangateOpenCellLibrary           
AND3_X2                1       1.596       22.834    NangateOpenCellLibrary           
AND3_X4                3       8.778      193.779    NangateOpenCellLibrary           
AOI211_X1              4       5.320       93.845    NangateOpenCellLibrary           
AOI21_X1              39      41.496      698.731    NangateOpenCellLibrary           
AOI221_X1            173     276.108     4321.701    NangateOpenCellLibrary           
AOI221_X2              1       2.926       57.882    NangateOpenCellLibrary           
AOI221_X4              1       3.458       74.150    NangateOpenCellLibrary           
AOI222_X1            103     219.184     2550.050    NangateOpenCellLibrary           
AOI22_X1             411     546.630     7935.742    NangateOpenCellLibrary           
AOI22_X2               1       2.394       41.024    NangateOpenCellLibrary           
BUF_X4                 1       1.862       62.827    NangateOpenCellLibrary           
CLKBUF_X1              4       3.192       33.753    NangateOpenCellLibrary           
CLKBUF_X2              4       4.256       68.952    NangateOpenCellLibrary           
CLKGATETST_X1         27     107.730     1086.536    NangateOpenCellLibrary           
FA_X1               1523    6481.888    67605.053    NangateOpenCellLibrary           
HA_X1                410    1090.600    16225.685    NangateOpenCellLibrary           
INV_X1              1028     546.896    10869.619    NangateOpenCellLibrary           
INV_X2                16      12.768      321.648    NangateOpenCellLibrary           
INV_X32                1       8.778      335.016    NangateOpenCellLibrary           
INV_X4                15      19.950      597.661    NangateOpenCellLibrary           
INV_X8                 6      14.364      441.440    NangateOpenCellLibrary           
MUX2_X1              178     331.436     4264.049    NangateOpenCellLibrary           
MUX2_X2                2       4.788       85.893    NangateOpenCellLibrary           
NAND2_X1             954     761.292    11652.440    NangateOpenCellLibrary           
NAND2_X2              24      31.920      678.967    NangateOpenCellLibrary           
NAND2_X4               6      14.364      331.870    NangateOpenCellLibrary           
NAND3_X1              44      46.816      866.256    NangateOpenCellLibrary           
NAND3_X2               2       3.724       63.646    NangateOpenCellLibrary           
NAND3_X4               3      10.374      125.589    NangateOpenCellLibrary           
NAND4_X1              27      35.910      501.149    NangateOpenCellLibrary           
NAND4_X2               2       4.788      113.492    NangateOpenCellLibrary           
NOR2_X1              431     343.938     5811.326    NangateOpenCellLibrary           
NOR2_X2                5       6.650      132.563    NangateOpenCellLibrary           
NOR2_X4                2       4.788      103.204    NangateOpenCellLibrary           
NOR3_X1               22      23.408      328.359    NangateOpenCellLibrary           
NOR4_X1                3       3.990       53.017    NangateOpenCellLibrary           
OAI211_X1            106     140.980     2242.816    NangateOpenCellLibrary           
OAI211_X2              3       7.182      116.449    NangateOpenCellLibrary           
OAI21_X1             207     220.248     3335.544    NangateOpenCellLibrary           
OAI21_X2               4       7.448      138.787    NangateOpenCellLibrary           
OAI221_X1             71     113.316     1730.135    NangateOpenCellLibrary           
OAI221_X2              1       2.926       43.098    NangateOpenCellLibrary           
OAI222_X1              2       4.256       51.577    NangateOpenCellLibrary           
OAI22_X1              21      27.930      396.294    NangateOpenCellLibrary           
OR2_X1               158     168.112     2835.681    NangateOpenCellLibrary           
OR2_X2                 3       3.990      110.790    NangateOpenCellLibrary           
OR2_X4                 1       2.394       67.754    NangateOpenCellLibrary           
OR3_X1                 8      10.640      153.842    NangateOpenCellLibrary           
OR4_X1                 1       1.596       19.083    NangateOpenCellLibrary           
PADIN                 19  110910.030   776340.000    io_worst                         
PADOUT                12   70048.440   293520.000    io_worst                         
SDFFRS_X1             24     185.136     1922.739    NangateOpenCellLibrary           
SDFFRS_X2              8      65.968      824.755    NangateOpenCellLibrary           
SDFFR_X1              30     199.500     2075.769    NangateOpenCellLibrary           
SDFFR_X2               1       6.916       94.897    NangateOpenCellLibrary           
SDFFS_X1               2      13.300      142.210    NangateOpenCellLibrary           
SDFF_X1             3201   19583.718   220995.019    NangateOpenCellLibrary           
SDFF_X2               14      89.376     1333.091    NangateOpenCellLibrary           
XNOR2_X1             569     908.124    13701.991    NangateOpenCellLibrary           
XOR2_X1              161     256.956     3967.982    NangateOpenCellLibrary           
rf_2p_hse              2    7337.363   175260.008    USERLIB_nldm_ss_0p81v_0p81v_125c 
--------------------------------------------------------------------------------------
total              10785  222081.823  1650732.105                                     


                                                                    Leakage   Leakage 
             Library             Instances Instances %    Area     Power (nW) Power % 
--------------------------------------------------------------------------------------
NangateOpenCellLibrary               10752        99.7  33785.990  405612.097    24.6 
USERLIB_nldm_ss_0p81v_0p81v_125c         2         0.0   7337.363  175260.008    10.6 
io_worst                                31         0.3 180958.470 1069860.000    64.8 

                                                           Leakage   Leakage 
            Type             Instances    Area    Area %  Power (nW) Power % 
-----------------------------------------------------------------------------
timing_model                        33 188295.833   84.8 1245120.008    75.4 
sequential                        3280  20143.914    9.1  227388.480    13.8 
inverter                          1066    602.756    0.3   12565.385     0.8 
buffer                               9      9.310    0.0     165.532     0.0 
clock_gating_integrated_cell        27    107.730    0.0    1086.536     0.1 
logic                             6370  12922.280    5.8  164406.165    10.0 
physical_cells                       0      0.000    0.0       0.000     0.0 
-----------------------------------------------------------------------------
total                            10785 222081.823  100.0 1650732.105   100.0 

