============================================================
  Generated by:           Genus(TM) Synthesis Solution 19.10-p002_1
  Generated on:           Jun 03 2020  11:47:18 am
  Module:                 CHIP
  Operating conditions:   slow 
  Interconnect mode:      global
  Area mode:              physical library
============================================================

                                        Leakage   
     Gate      Instances     Area     Power (nW)                Library               
--------------------------------------------------------------------------------------
AND2_X1              646     687.344     9629.184    NangateOpenCellLibrary           
AND2_X2               15      19.950      475.053    NangateOpenCellLibrary           
AND2_X4                6      14.364      356.648    NangateOpenCellLibrary           
AND3_X1               12      15.960      222.212    NangateOpenCellLibrary           
AND3_X2                1       1.596       26.286    NangateOpenCellLibrary           
AND3_X4                3       8.778      175.573    NangateOpenCellLibrary           
AOI211_X1              4       5.320       96.530    NangateOpenCellLibrary           
AOI21_X1              39      41.496      728.423    NangateOpenCellLibrary           
AOI221_X1            173     276.108     4305.215    NangateOpenCellLibrary           
AOI221_X2              1       2.926       59.110    NangateOpenCellLibrary           
AOI221_X4              1       3.458       83.724    NangateOpenCellLibrary           
AOI222_X1            103     219.184     2568.548    NangateOpenCellLibrary           
AOI22_X1             414     550.620     8113.473    NangateOpenCellLibrary           
AOI22_X2               1       2.394       40.966    NangateOpenCellLibrary           
BUF_X2                 2       2.128       62.603    NangateOpenCellLibrary           
BUF_X4                 1       1.862       62.827    NangateOpenCellLibrary           
CLKBUF_X1              4       3.192       33.756    NangateOpenCellLibrary           
CLKBUF_X2              4       4.256       68.952    NangateOpenCellLibrary           
CLKGATETST_X1         27     107.730     1086.900    NangateOpenCellLibrary           
FA_X1               1521    6473.376    69089.342    NangateOpenCellLibrary           
HA_X1                410    1090.600    16274.556    NangateOpenCellLibrary           
INV_X1              1029     547.428    10838.426    NangateOpenCellLibrary           
INV_X2                19      15.162      393.710    NangateOpenCellLibrary           
INV_X32                1       8.778      335.016    NangateOpenCellLibrary           
INV_X4                15      19.950      591.073    NangateOpenCellLibrary           
INV_X8                 6      14.364      462.281    NangateOpenCellLibrary           
MUX2_X1              178     331.436     4289.407    NangateOpenCellLibrary           
MUX2_X2                2       4.788       91.448    NangateOpenCellLibrary           
NAND2_X1             954     761.292    11772.914    NangateOpenCellLibrary           
NAND2_X2              24      31.920      681.167    NangateOpenCellLibrary           
NAND2_X4               6      14.364      341.882    NangateOpenCellLibrary           
NAND3_X1              44      46.816      841.850    NangateOpenCellLibrary           
NAND3_X2               2       3.724       62.052    NangateOpenCellLibrary           
NAND3_X4               3      10.374      125.291    NangateOpenCellLibrary           
NAND4_X1              27      35.910      513.807    NangateOpenCellLibrary           
NAND4_X2               2       4.788      109.230    NangateOpenCellLibrary           
NOR2_X1              431     343.938     5682.264    NangateOpenCellLibrary           
NOR2_X2                5       6.650      141.848    NangateOpenCellLibrary           
NOR2_X4                2       4.788      126.613    NangateOpenCellLibrary           
NOR3_X1               22      23.408      330.051    NangateOpenCellLibrary           
NOR4_X1                3       3.990       53.017    NangateOpenCellLibrary           
OAI211_X1            106     140.980     2248.018    NangateOpenCellLibrary           
OAI211_X2              3       7.182      115.754    NangateOpenCellLibrary           
OAI21_X1             207     220.248     3390.805    NangateOpenCellLibrary           
OAI21_X2               4       7.448      128.298    NangateOpenCellLibrary           
OAI221_X1             71     113.316     1710.773    NangateOpenCellLibrary           
OAI221_X2              1       2.926       46.382    NangateOpenCellLibrary           
OAI222_X1              2       4.256       50.035    NangateOpenCellLibrary           
OAI22_X1              21      27.930      406.541    NangateOpenCellLibrary           
OR2_X1               158     168.112     2822.304    NangateOpenCellLibrary           
OR2_X2                 3       3.990      109.296    NangateOpenCellLibrary           
OR2_X4                 1       2.394       71.673    NangateOpenCellLibrary           
OR3_X1                 8      10.640      147.597    NangateOpenCellLibrary           
OR4_X1                 1       1.596       19.083    NangateOpenCellLibrary           
PADIN                 19  110910.030   776340.000    io_worst                         
PADOUT                12   70048.440   293520.000    io_worst                         
SDFFRS_X1             24     185.136     1919.790    NangateOpenCellLibrary           
SDFFRS_X2              8      65.968      831.496    NangateOpenCellLibrary           
SDFFR_X1              30     199.500     2061.057    NangateOpenCellLibrary           
SDFFR_X2               1       6.916       94.472    NangateOpenCellLibrary           
SDFFS_X1               2      13.300      141.279    NangateOpenCellLibrary           
SDFF_X1             3201   19583.718   218098.851    NangateOpenCellLibrary           
SDFF_X2               14      89.376     1318.728    NangateOpenCellLibrary           
XNOR2_X1             569     908.124    13557.731    NangateOpenCellLibrary           
XOR2_X1              161     256.956     4010.430    NangateOpenCellLibrary           
rf_2p_hse              2    7337.363   175260.008    USERLIB_nldm_ss_0p81v_0p81v_125c 
--------------------------------------------------------------------------------------
total              10792  222082.355  1649763.629                                     


                                                                    Leakage   Leakage 
             Library             Instances Instances %    Area     Power (nW) Power % 
--------------------------------------------------------------------------------------
NangateOpenCellLibrary               10759        99.7  33786.522  404643.621    24.5 
USERLIB_nldm_ss_0p81v_0p81v_125c         2         0.0   7337.363  175260.008    10.6 
io_worst                                31         0.3 180958.470 1069860.000    64.8 

                                                           Leakage   Leakage 
            Type             Instances    Area    Area %  Power (nW) Power % 
-----------------------------------------------------------------------------
timing_model                        33 188295.833   84.8 1245120.008    75.5 
sequential                        3280  20143.914    9.1  224465.671    13.6 
inverter                          1070    605.682    0.3   12620.507     0.8 
buffer                              11     11.438    0.0     228.138     0.0 
clock_gating_integrated_cell        27    107.730    0.0    1086.900     0.1 
logic                             6371  12917.758    5.8  166242.405    10.1 
physical_cells                       0      0.000    0.0       0.000     0.0 
-----------------------------------------------------------------------------
total                            10792 222082.355  100.0 1649763.629   100.0 

