============================================================
  Generated by:           Genus(TM) Synthesis Solution 19.10-p002_1
  Generated on:           Jun 03 2020  11:46:56 am
  Module:                 CHIP
  Operating conditions:   slow 
  Interconnect mode:      global
  Area mode:              physical library
============================================================

          Instance                   Module         Cell Count  Cell Area  Net Area   Total Area 
-------------------------------------------------------------------------------------------------
CHIP                                                     10785 222081.823 16398.299   238480.122 
  u_DCT                      DCT                          5359  20450.887  8114.944    28565.831 
    bdeg                     bdeg                         2171   7331.492  3241.289    10572.781 
      mult_d_mixed_mult_1_12 mult_mixed_666_3              269    671.650   358.752     1030.402 
      mult_b_mixed_mult_1_12 mult_mixed_549_3              201    501.410   259.574      760.984 
      mult_g_mixed_mult_1_12 mult_mixed_549_3_1920         181    485.184   242.587      727.771 
      mult_e_mixed_mult_1_12 mult_mixed_666_3_1923         184    471.884   234.572      706.456 
    acf                      acf                          1801   6629.252  2708.435     9337.687 
      mult_f_mixed_mult_1_12 mult_mixed_406_1              210    528.276   266.987      795.263 
    IDRU8                    IDRU8                         582   1138.214   772.886     1911.100 
    DRU                      DRU                           470   1045.380   618.762     1664.142 
  u_IDCT                     DCT_1                        5339  20431.469  8101.882    28533.351 
    bdeg                     bdeg_1                       2170   7328.300  3240.084    10568.384 
      mult_d_mixed_mult_1_12 mult_mixed_666_3_1922         269    671.650   358.752     1030.402 
      mult_b_mixed_mult_1_12 mult_mixed_549_3_1919         201    500.346   259.574      759.920 
      mult_g_mixed_mult_1_12 mult_mixed_549_3_1918         181    485.184   242.587      727.771 
      mult_e_mixed_mult_1_12 mult_mixed_666_3_1921         184    471.884   234.572      706.456 
    acf                      acf_1                        1803   6627.656  2710.055     9337.711 
      mult_f_mixed_mult_1_12 mult_mixed_406_1_1924         210    528.276   266.987      795.263 
    IDRU8                    IDRU8_1                       562   1122.520   758.641     1881.161 
    DRU                      DRU_1                         470   1045.380   619.156     1664.536 
