============================================================
  Generated by:           Genus(TM) Synthesis Solution 19.10-p002_1
  Generated on:           Jun 03 2020  11:46:56 am
  Module:                 CHIP
  Operating conditions:   slow 
  Interconnect mode:      global
  Area mode:              physical library
============================================================

Timing
--------

Analysis view Clock  Period  
-----------------------------
func_mode     CLK1    8000.0 
scan_mode     CLK1  100000.0 


 Analysis         Cost          Critical             Violating 
   View           Group        Path Slack    TNS       Paths   
---------------------------------------------------------------
func_mode        C2C_func_mode        0.3       0.0          0 
                 C2C_scan_mode   No paths       0.0          0 
                 C2O_func_mode     2571.8       0.0          0 
                 C2O_scan_mode   No paths       0.0          0 
          cg_enable_group_CLK1     2168.8       0.0          0 
                          CLK1        1.7       0.0          0 
                       default   No paths       0.0          0 
                 I2C_func_mode    -7092.7 -131234.2         19 
                 I2C_scan_mode   No paths       0.0          0 
                 I2O_func_mode   No paths       0.0          0 
                 I2O_scan_mode   No paths       0.0          0 
---------------------------------------------------------------
Total                                     -131234.2         19 
                                                               
scan_mode        C2C_func_mode   No paths       0.0          0 
                 C2C_scan_mode    46000.3       0.0          0 
                 C2O_func_mode   No paths       0.0          0 
                 C2O_scan_mode    94571.8       0.0          0 
          cg_enable_group_CLK1    48168.8       0.0          0 
                          CLK1    92001.7       0.0          0 
                       default   No paths       0.0          0 
                 I2C_func_mode   No paths       0.0          0 
                 I2C_scan_mode    39721.1       0.0          0 
                 I2O_func_mode   No paths       0.0          0 
                 I2O_scan_mode   No paths       0.0          0 
---------------------------------------------------------------
Total                                          -0.0          0 
                                                               

Instance Count
--------------
Leaf Instance Count             10785 
Physical Instance count             0 
Sequential Instance Count        3309 
Combinational Instance Count     7476 
Hierarchical Instance Count       483 

Area
----
Cell Area                          222081.823
Physical Cell Area                 0.000
Total Cell Area (Cell+Physical)    222081.823
Net Area                           16398.299
Total Area (Cell+Physical+Net)     238480.122

Runtime                            83.411131 seconds
Elapsed Runtime                    339 seconds
Genus peak memory usage            887.75 
Innovus peak memory usage          no_value 
Hostname                           cic-dsd
