
Cadence Innovus(TM) Implementation System.
Copyright 2021 Cadence Design Systems, Inc. All rights reserved worldwide.

Version:	v21.13-s100_1, built Fri Mar 4 14:32:31 PST 2022
Options:	
Date:		Fri May 12 11:10:48 2023
Host:		f453_server (x86_64 w/Linux 3.10.0-1160.el7.x86_64) (12cores*48cpus*Intel(R) Xeon(R) CPU E5-2690 v3 @ 2.60GHz 30720KB)
OS:		CentOS Linux release 7.9.2009 (Core)

License:
		[11:10:48.175483] Configured Lic search path (20.02-s004): 5280@lstn:26585@lstn:

		invs	Innovus Implementation System	21.1	checkout succeeded
		8 CPU jobs allowed with the current license(s). Use setMultiCpuUsage to set your required CPU count.
**WARN: (IMPOPT-801):	Genus executable not found in PATH. Install Genus, add the path to the genus executable in the PATH variable and rerun Innovus.
Change the soft stacksize limit to 0.2%RAM (257 mbytes). Set global soft_stack_size_limit to change the value.
Sourcing startup file ./enc.tcl
<CMD> setLibraryUnit -cap 1pf

**INFO:  MMMC transition support version v31-84 

<CMD> set_global _enable_mmmc_by_default_flow      $CTE::mmmc_default
<CMD> suppressMessage ENCEXT-2799
<CMD> win
<CMD> set init_gnd_net VSS
<CMD> set init_lef_file {../../library/lef/NangateOpenCellLibrary.tech.lef ../../library/lef/NangateOpenCellLibrary.macro.lef ../../library/lef/tpz.lef ../../library/memory/rf_2p_hse.lef}
<CMD> set init_verilog ../../design/CHIP_syn.v
<CMD> set init_mmmc_file mmmc.view
<CMD> set init_top_cell CHIP
<CMD> set init_pwr_net VDD
<CMD> init_design
#% Begin Load MMMC data ... (date=05/12 11:15:38, mem=808.7M)
#% End Load MMMC data ... (date=05/12 11:15:38, total cpu=0:00:00.0, real=0:00:00.0, peak res=809.2M, current mem=809.2M)
RC_typ RC_best RC_worst

Loading LEF file ../../library/lef/NangateOpenCellLibrary.tech.lef ...

Loading LEF file ../../library/lef/NangateOpenCellLibrary.macro.lef ...
Set DBUPerIGU to M2 pitch 380.

Loading LEF file ../../library/lef/tpz.lef ...
WARNING (LEFPARS-2001): No VERSION statement found, using the default value 5.8. See file ../../library/lef/tpz.lef at line 703.

Loading LEF file ../../library/memory/rf_2p_hse.lef ...

viaInitial starts at Fri May 12 11:15:38 2023
viaInitial ends at Fri May 12 11:15:38 2023

##  Check design process and node:  
##  Both design process and tech node are not set.

Loading view definition file from mmmc.view
Reading lib_max timing library '/home/111-2/C108110249/lab1/Lab_nangate/library/lib/NangateOpenCellLibrary_slow.lib' ...
Read 134 cells in library 'NangateOpenCellLibrary' 
Reading lib_max timing library '/home/111-2/C108110249/lab1/Lab_nangate/library/memory/rf_2p_hse_nldm_ss_0p81v_0p81v_125c_syn.lib' ...
Read 1 cells in library 'USERLIB_nldm_ss_0p81v_0p81v_125c' 
Reading lib_max timing library '/home/111-2/C108110249/lab1/Lab_nangate/library/lib/tpz_slow.lib' ...
Read 9 cells in library 'io_worst' 
Reading lib_min timing library '/home/111-2/C108110249/lab1/Lab_nangate/library/lib/NangateOpenCellLibrary_fast.lib' ...
Read 134 cells in library 'NangateOpenCellLibrary' 
Reading lib_min timing library '/home/111-2/C108110249/lab1/Lab_nangate/library/memory/rf_2p_hse_nldm_ff_0p99v_0p99v_m40c_syn.lib' ...
Read 1 cells in library 'USERLIB_nldm_ff_0p99v_0p99v_m40c' 
Reading lib_min timing library '/home/111-2/C108110249/lab1/Lab_nangate/library/lib/tpz_fast.lib' ...
Read 9 cells in library 'io_best' 
*** End library_loading (cpu=0.02min, real=0.02min, mem=12.0M, fe_cpu=0.97min, fe_real=4.85min, fe_mem=1033.9M) ***
#% Begin Load netlist data ... (date=05/12 11:15:39, mem=822.4M)
*** Begin netlist parsing (mem=1033.9M) ***
Pin 'VSS' of cell 'PADVSS' is declared as power/ground in LEF but as signal in timing library.  Treat it as power/ground.
Pin 'VDD' of cell 'PADVDD' is declared as power/ground in LEF but as signal in timing library.  Treat it as power/ground.
Created 144 new cells from 6 timing libraries.
Reading netlist ...
Backslashed names will retain backslash and a trailing blank character.
Reading verilog netlist '../../design/CHIP_syn.v'

*** Memory Usage v#1 (Current mem = 1038.859M, initial mem = 395.332M) ***
*** End netlist parsing (cpu=0:00:00.1, real=0:00:00.0, mem=1038.9M) ***
#% End Load netlist data ... (date=05/12 11:15:39, total cpu=0:00:00.1, real=0:00:00.0, peak res=832.3M, current mem=832.3M)
Set top cell to CHIP.
Hooked 288 DB cells to tlib cells.
Starting recursive module instantiation check.
No recursion found.
Building hierarchical netlist for Cell CHIP ...
*** Netlist is unique.
** info: there are 780 modules.
** info: there are 10759 stdCell insts.
** info: there are 31 Pad insts.
** info: there are 2 macros.

*** Memory Usage v#1 (Current mem = 1107.785M, initial mem = 395.332M) ***
Initializing I/O assignment ...
**WARN: (IMPFP-3961):	The techSite 'rf_2p_hse' has no related standard cells in the LEF/OA library. The calculations for this site type cannot be made unless standard cell models of this type exist in the LEF/OA library. Ignore this warning if the SITE is not used by the library. Alternatively, remove the SITE definition for the LEF/OA library to avoid this message.
Type 'man IMPFP-3961' for more detail.
**WARN: (IMPFP-3961):	The techSite 'corner' has no related standard cells in the LEF/OA library. The calculations for this site type cannot be made unless standard cell models of this type exist in the LEF/OA library. Ignore this warning if the SITE is not used by the library. Alternatively, remove the SITE definition for the LEF/OA library to avoid this message.
Type 'man IMPFP-3961' for more detail.
**WARN: (IMPFP-3961):	The techSite 'pad' has no related standard cells in the LEF/OA library. The calculations for this site type cannot be made unless standard cell models of this type exist in the LEF/OA library. Ignore this warning if the SITE is not used by the library. Alternatively, remove the SITE definition for the LEF/OA library to avoid this message.
Type 'man IMPFP-3961' for more detail.
Start create_tracks
Extraction setup Started 
Initializing multi-corner RC extraction with 3 active RC Corners ...
**WARN: (IMPEXT-6202):	In addition to the technology file, the capacitance table file is specified for all the RC corners. If the technology file  is already specified for all the RC corners, the capacitance table file is not required for preRoute and postRoute extraction. In a new session, the capacitance table files can be removed from the create_rc_corner command to enable the technology file to be used for preRoute and postRoute (effort level medium/high/signoff) extraction engines.
Type 'man IMPEXT-6202' for more detail.
Reading Capacitance Table File ../../library/fireice/worst.captbl ...
Cap table was created using Encounter 13.13-s017_1.
Process name: FreePDK45.
Reading Capacitance Table File ../../library/fireice/typical.captbl ...
Cap table was created using Encounter 13.13-s017_1.
Process name: FreePDK45.
Reading Capacitance Table File ../../library/fireice/best.captbl ...
Cap table was created using Encounter 13.13-s017_1.
Process name: FreePDK45.
Importing multi-corner RC tables ... 
Summary of Active RC-Corners : 
 
 Analysis View: AV_func_max
    RC-Corner Name        : RC_worst
    RC-Corner Index       : 0
    RC-Corner Temperature : 25 Celsius
    RC-Corner Cap Table   : '../../library/fireice/worst.captbl'
    RC-Corner PreRoute Res Factor         : 1
    RC-Corner PreRoute Cap Factor         : 1
    RC-Corner PostRoute Res Factor        : 1 {1 1 1}
    RC-Corner PostRoute Cap Factor        : 1 {1 1 1}
    RC-Corner PostRoute XCap Factor       : 1 {1 1 1}
    RC-Corner PreRoute Clock Res Factor   : 1	[Derived from postRoute_res (effortLevel low)]
    RC-Corner PreRoute Clock Cap Factor   : 1	[Derived from postRoute_cap (effortLevel low)]
    RC-Corner PostRoute Clock Cap Factor  : 1 {1 1 1} 	[Derived from postRoute_cap (effortLevel low)]
    RC-Corner PostRoute Clock Res Factor  : 1 {1 1 1} 	[Derived from postRoute_res (effortLevel low)]
    RC-Corner PostRoute Clock coupling capacitance Factor : 1 {1 1 1} 
    RC-Corner Technology file: '../../library/fireice/worst.tch'
 
 Analysis View: AV_func_typ
    RC-Corner Name        : RC_typ
    RC-Corner Index       : 1
    RC-Corner Temperature : 25 Celsius
    RC-Corner Cap Table   : '../../library/fireice/typical.captbl'
    RC-Corner PreRoute Res Factor         : 1
    RC-Corner PreRoute Cap Factor         : 1
    RC-Corner PostRoute Res Factor        : 1 {1 1 1}
    RC-Corner PostRoute Cap Factor        : 1 {1 1 1}
    RC-Corner PostRoute XCap Factor       : 1 {1 1 1}
    RC-Corner PreRoute Clock Res Factor   : 1	[Derived from postRoute_res (effortLevel low)]
    RC-Corner PreRoute Clock Cap Factor   : 1	[Derived from postRoute_cap (effortLevel low)]
    RC-Corner PostRoute Clock Cap Factor  : 1 {1 1 1} 	[Derived from postRoute_cap (effortLevel low)]
    RC-Corner PostRoute Clock Res Factor  : 1 {1 1 1} 	[Derived from postRoute_res (effortLevel low)]
    RC-Corner PostRoute Clock coupling capacitance Factor : 1 {1 1 1} 
    RC-Corner Technology file: '../../library/fireice/typical.tch'
 
 Analysis View: AV_scan_max
    RC-Corner Name        : RC_worst
    RC-Corner Index       : 0
    RC-Corner Temperature : 25 Celsius
    RC-Corner Cap Table   : '../../library/fireice/worst.captbl'
    RC-Corner PreRoute Res Factor         : 1
    RC-Corner PreRoute Cap Factor         : 1
    RC-Corner PostRoute Res Factor        : 1 {1 1 1}
    RC-Corner PostRoute Cap Factor        : 1 {1 1 1}
    RC-Corner PostRoute XCap Factor       : 1 {1 1 1}
    RC-Corner PreRoute Clock Res Factor   : 1	[Derived from postRoute_res (effortLevel low)]
    RC-Corner PreRoute Clock Cap Factor   : 1	[Derived from postRoute_cap (effortLevel low)]
    RC-Corner PostRoute Clock Cap Factor  : 1 {1 1 1} 	[Derived from postRoute_cap (effortLevel low)]
    RC-Corner PostRoute Clock Res Factor  : 1 {1 1 1} 	[Derived from postRoute_res (effortLevel low)]
    RC-Corner PostRoute Clock coupling capacitance Factor : 1 {1 1 1} 
    RC-Corner Technology file: '../../library/fireice/worst.tch'
 
 Analysis View: AV_scan_typ
    RC-Corner Name        : RC_typ
    RC-Corner Index       : 1
    RC-Corner Temperature : 25 Celsius
    RC-Corner Cap Table   : '../../library/fireice/typical.captbl'
    RC-Corner PreRoute Res Factor         : 1
    RC-Corner PreRoute Cap Factor         : 1
    RC-Corner PostRoute Res Factor        : 1 {1 1 1}
    RC-Corner PostRoute Cap Factor        : 1 {1 1 1}
    RC-Corner PostRoute XCap Factor       : 1 {1 1 1}
    RC-Corner PreRoute Clock Res Factor   : 1	[Derived from postRoute_res (effortLevel low)]
    RC-Corner PreRoute Clock Cap Factor   : 1	[Derived from postRoute_cap (effortLevel low)]
    RC-Corner PostRoute Clock Cap Factor  : 1 {1 1 1} 	[Derived from postRoute_cap (effortLevel low)]
    RC-Corner PostRoute Clock Res Factor  : 1 {1 1 1} 	[Derived from postRoute_res (effortLevel low)]
    RC-Corner PostRoute Clock coupling capacitance Factor : 1 {1 1 1} 
    RC-Corner Technology file: '../../library/fireice/typical.tch'
 
 Analysis View: AV_func_min
    RC-Corner Name        : RC_best
    RC-Corner Index       : 2
    RC-Corner Temperature : 25 Celsius
    RC-Corner Cap Table   : '../../library/fireice/best.captbl'
    RC-Corner PreRoute Res Factor         : 1
    RC-Corner PreRoute Cap Factor         : 1
    RC-Corner PostRoute Res Factor        : 1 {1 1 1}
    RC-Corner PostRoute Cap Factor        : 1 {1 1 1}
    RC-Corner PostRoute XCap Factor       : 1 {1 1 1}
    RC-Corner PreRoute Clock Res Factor   : 1	[Derived from postRoute_res (effortLevel low)]
    RC-Corner PreRoute Clock Cap Factor   : 1	[Derived from postRoute_cap (effortLevel low)]
    RC-Corner PostRoute Clock Cap Factor  : 1 {1 1 1} 	[Derived from postRoute_cap (effortLevel low)]
    RC-Corner PostRoute Clock Res Factor  : 1 {1 1 1} 	[Derived from postRoute_res (effortLevel low)]
    RC-Corner PostRoute Clock coupling capacitance Factor : 1 {1 1 1} 
    RC-Corner Technology file: '../../library/fireice/best.tch'
 
 Analysis View: AV_scan_min
    RC-Corner Name        : RC_best
    RC-Corner Index       : 2
    RC-Corner Temperature : 25 Celsius
    RC-Corner Cap Table   : '../../library/fireice/best.captbl'
    RC-Corner PreRoute Res Factor         : 1
    RC-Corner PreRoute Cap Factor         : 1
    RC-Corner PostRoute Res Factor        : 1 {1 1 1}
    RC-Corner PostRoute Cap Factor        : 1 {1 1 1}
    RC-Corner PostRoute XCap Factor       : 1 {1 1 1}
    RC-Corner PreRoute Clock Res Factor   : 1	[Derived from postRoute_res (effortLevel low)]
    RC-Corner PreRoute Clock Cap Factor   : 1	[Derived from postRoute_cap (effortLevel low)]
    RC-Corner PostRoute Clock Cap Factor  : 1 {1 1 1} 	[Derived from postRoute_cap (effortLevel low)]
    RC-Corner PostRoute Clock Res Factor  : 1 {1 1 1} 	[Derived from postRoute_res (effortLevel low)]
    RC-Corner PostRoute Clock coupling capacitance Factor : 1 {1 1 1} 
    RC-Corner Technology file: '../../library/fireice/best.tch'
Updating RC grid for preRoute extraction ...
Initializing multi-corner capacitance tables ... 
Initializing multi-corner resistance tables ...
*Info: initialize multi-corner CTS.
Reading lib_typ timing library '/home/111-2/C108110249/lab1/Lab_nangate/library/lib/NangateOpenCellLibrary_typical.lib' ...
Read 134 cells in library 'NangateOpenCellLibrary' 
Reading lib_typ timing library '/home/111-2/C108110249/lab1/Lab_nangate/library/memory/rf_2p_hse_nldm_tt_0p90v_0p90v_25c_syn.lib' ...
Read 1 cells in library 'USERLIB_nldm_tt_0p90v_0p90v_25c' 
Reading lib_typ timing library '/home/111-2/C108110249/lab1/Lab_nangate/library/lib/tpz_typ.lib' ...
Read 9 cells in library 'io_typ' 
Reading timing constraints file '../../design/CHIP_func.sdc' ...
Current (total cpu=0:00:59.6, real=0:04:52, peak res=1128.8M, current mem=1128.8M)
CHIP
INFO (CTE): Constraints read successfully.
Ending "Constraint file reading stats" (total cpu=0:00:00.1, real=0:00:00.0, peak res=1146.8M, current mem=1146.8M)
Current (total cpu=0:00:59.7, real=0:04:52, peak res=1146.8M, current mem=1146.8M)
Reading timing constraints file '../../design/CHIP_scan.sdc' ...
Current (total cpu=0:00:59.7, real=0:04:52, peak res=1146.8M, current mem=1146.8M)
CHIP
INFO (CTE): Constraints read successfully.
Ending "Constraint file reading stats" (total cpu=0:00:00.0, real=0:00:00.0, peak res=1147.1M, current mem=1147.1M)
Current (total cpu=0:00:59.7, real=0:04:52, peak res=1147.1M, current mem=1147.1M)
Total number of combinational cells: 99
Total number of sequential cells: 29
Total number of tristate cells: 6
Total number of level shifter cells: 0
Total number of power gating cells: 0
Total number of isolation cells: 0
Total number of power switch cells: 0
Total number of pulse generator cells: 0
Total number of always on buffers: 0
Total number of retention cells: 0
List of usable buffers: BUF_X1 BUF_X2 BUF_X4 BUF_X8 BUF_X16 BUF_X32 CLKBUF_X1 CLKBUF_X2 CLKBUF_X3
Total number of usable buffers: 9
List of unusable buffers:
Total number of unusable buffers: 0
List of usable inverters: INV_X1 INV_X2 INV_X4 INV_X8 INV_X16 INV_X32
Total number of usable inverters: 6
List of unusable inverters:
Total number of unusable inverters: 0
List of identified usable delay cells:
Total number of identified usable delay cells: 0
List of identified unusable delay cells:
Total number of identified unusable delay cells: 0
No delay cells were detected in the set of buffers. Buffers will be used to fix hold violations.
AV_func_max AV_scan_typ AV_scan_min AV_scan_max AV_func_typ AV_func_min

*** Summary of all messages that are not suppressed in this session:
Severity  ID               Count  Summary                                  
WARNING   IMPFP-3961           3  The techSite '%s' has no related standar...
WARNING   IMPEXT-6202          1  In addition to the technology file, the ...
*** Message Summary: 4 warning(s), 0 error(s)

<CMD> saveIoFile -byOrder CHIP.save.io
Dumping IO Instances of cell CHIP
<CMD> loadIoFile CHIP.save.io
Reading IO assignment file "CHIP.save.io" ...
<CMD> fit
<CMD> fit
<CMD> fit
<CMD> fit
<CMD> fit
<CMD> fit
<CMD> fit
<CMD> fit
<CMD> fit
<CMD> fit
<CMD> fit
<CMD> fit
<CMD> fit
<CMD> fit
<CMD> fit
<CMD> fit
<CMD> fit
<CMD> fit
<CMD> set init_mmmc_file mmmc.view
<CMD> init_design
**ERROR: **ERROR: (IMPSYT-7329):	Cannot load design with init_design, after design is already in memory.  This command is skipped.

<CMD> saveIoFile -byOrder CHIP.save.io
Dumping IO Instances of cell CHIP
<CMD> saveIoFile -byOrder CHIP.save.io
Dumping IO Instances of cell CHIP
<CMD> loadIoFile ../../design/CHIP.io
Reading IO assignment file "../../design/CHIP.io" ...
Start create_tracks
<CMD> fit
<CMD> setDesignMode -process 45
##  Process: 45            (User Set)               
##     Node: (not set)                           

##  Check design process and node:  
##  Design tech node is not set.

Applying the recommended capacitance filtering threshold values for 45nm process node: total_c_th=0, relative_c_th=1 and coupling_c_th=0.1.
	These values will be used by all post-route extraction engines, including TQuantus, IQuantus and Quantus QRC extraction.
	Capacitance filtering mode(-capFilterMode option of the setExtractRCMode) is 'relAndCoup' for all engines.
	The accuracy mode for postRoute effortLevel low extraction will be set to 'high'.
	Default value for EffortLevel(-effortLevel option of the setExtractRCMode) in postRoute extraction mode is 'medium'.
**ERROR: (IMPSYT-16175):	<To Global Net> field must be specified.
**ERROR: (IMPSYT-16175):	<To Global Net> field must be specified.
**ERROR: (IMPSYT-16175):	<To Global Net> field must be specified.
**ERROR: (IMPSYT-16175):	<To Global Net> field must be specified.
