----------------------------------------------------------------------------------
                      signoffTimeDesign Summary
----------------------------------------------------------------------------------

+--------------------+-----------+-----------+-----------+-----------+-----------+-----------+-----------+
|     Setup mode     |   all     | default   |  in2out   |  in2reg   |reg2cgate  | reg2out   | reg2reg   |
+--------------------+-----------+-----------+-----------+-----------+-----------+-----------+-----------+
|           WNS (ns):|     0.015 |       N/A |       N/A |     2.071 |     1.210 |     1.466 |     0.015 |
|           TNS (ns):|     0.000 |       N/A |       N/A |     0.000 |     0.000 |     0.000 |     0.000 |
|    Violating Paths:|         0 |         0 |         0 |         0 |         0 |         0 |         0 |
+--------------------+-----------+-----------+-----------+-----------+-----------+-----------+-----------+
|AV_func_max         |     0.015 |       N/A |       N/A |     2.071 |     1.210 |     1.466 |     0.015 |
|                    |     0.000 |       N/A |       N/A |     0.000 |     0.000 |     0.000 |     0.000 |
|                    |         0 |         0 |         0 |         0 |         0 |         0 |         0 |
+--------------------+-----------+-----------+-----------+-----------+-----------+-----------+-----------+
|AV_func_typ         |     2.379 |       N/A |       N/A |     2.434 |     2.780 |     2.408 |     2.379 |
|                    |     0.000 |       N/A |       N/A |     0.000 |     0.000 |     0.000 |     0.000 |
|                    |         0 |         0 |         0 |         0 |         0 |         0 |         0 |
+--------------------+-----------+-----------+-----------+-----------+-----------+-----------+-----------+
|AV_scan_max         |    43.468 |       N/A |       N/A |    45.484 |       N/A |    43.468 |    46.016 |
|                    |     0.000 |       N/A |       N/A |     0.000 |       N/A |     0.000 |     0.000 |
|                    |         0 |         0 |         0 |         0 |         0 |         0 |         0 |
+--------------------+-----------+-----------+-----------+-----------+-----------+-----------+-----------+
|AV_scan_typ         |    44.647 |       N/A |       N/A |    45.673 |       N/A |    44.647 |    48.379 |
|                    |     0.000 |       N/A |       N/A |     0.000 |       N/A |     0.000 |     0.000 |
|                    |         0 |         0 |         0 |         0 |         0 |         0 |         0 |
+--------------------+-----------+-----------+-----------+-----------+-----------+-----------+-----------+

+----------------+-------------------------------+-------------------------------+
|                |         Signal nets           |            Clock nets         |
|    DRVs        +------------------+------------+------------------+------------+
|                |  Nr nets(terms)  | Worst Vio  |  Nr nets(terms)  | Worst Vio  |
+----------------+------------------+------------+------------------+------------+
|   max_cap      |      0 (      0) |          0 |      0 (      0) |          0 |
|   max_tran     |      0 (      0) |          0 |      0 (      0) |          0 |
|   max_fanout   |      0 (      0) |          0 |      0 (      0) |          0 |
+----------------+------------------+------------+------------------+------------+

+--------------------+-----------+-----------+-----------+-----------+-----------+-----------+-----------+
|      Hold mode     |   all     | default   |  in2out   |  in2reg   |reg2cgate  | reg2out   | reg2reg   |
+--------------------+-----------+-----------+-----------+-----------+-----------+-----------+-----------+
|           WNS (ns):|    -0.001 |       N/A |       N/A |     3.686 |     0.065 |     4.319 |    -0.001 |
|           TNS (ns):|    -0.001 |       N/A |       N/A |     0.000 |     0.000 |     0.000 |    -0.001 |
|    Violating Paths:|         1 |         0 |         0 |         0 |         0 |         0 |         1 |
+--------------------+-----------+-----------+-----------+-----------+-----------+-----------+-----------+
|AV_func_min         |    -0.001 |       N/A |       N/A |     3.686 |     0.065 |     4.319 |    -0.001 |
|                    |    -0.001 |       N/A |       N/A |     0.000 |     0.000 |     0.000 |    -0.001 |
|                    |         1 |         0 |         0 |         0 |         0 |         0 |         1 |
+--------------------+-----------+-----------+-----------+-----------+-----------+-----------+-----------+
|AV_scan_min         |    -0.001 |       N/A |       N/A |     3.686 |       N/A |     4.319 |    -0.001 |
|                    |    -0.001 |       N/A |       N/A |     0.000 |       N/A |     0.000 |    -0.001 |
|                    |         1 |         0 |         0 |         0 |         0 |         0 |         1 |
+--------------------+-----------+-----------+-----------+-----------+-----------+-----------+-----------+

