
Cadence Innovus(TM) Implementation System.
Copyright 2021 Cadence Design Systems, Inc. All rights reserved worldwide.

Version:	v21.13-s100_1, built Fri Mar 4 14:32:31 PST 2022
Options:	
Date:		Fri May 12 11:36:21 2023
Host:		f453_server (x86_64 w/Linux 3.10.0-1160.el7.x86_64) (12cores*48cpus*Intel(R) Xeon(R) CPU E5-2690 v3 @ 2.60GHz 30720KB)
OS:		CentOS Linux release 7.9.2009 (Core)

License:
		[11:36:21.175475] Configured Lic search path (20.02-s004): 5280@lstn:26585@lstn:

		invs	Innovus Implementation System	21.1	checkout succeeded
		8 CPU jobs allowed with the current license(s). Use setMultiCpuUsage to set your required CPU count.
**WARN: (IMPOPT-801):	Genus executable not found in PATH. Install Genus, add the path to the genus executable in the PATH variable and rerun Innovus.
Change the soft stacksize limit to 0.2%RAM (257 mbytes). Set global soft_stack_size_limit to change the value.

**INFO:  MMMC transition support version v31-84 

<CMD> set_global _enable_mmmc_by_default_flow      $CTE::mmmc_default
<CMD> suppressMessage ENCEXT-2799
<CMD> win
<CMD> encMessage warning 0
Suppress "**WARN ..." messages.
<CMD> encMessage debug 0
<CMD> read_db DATA/design_import.enc
**ERROR: (IMPIMEX-7331):	Cannot identify the top cell name. The design directory specified is not a valid directory generated by write_db command and therefore design can not be restored.

*** Summary of all messages that are not suppressed in this session:
Severity  ID               Count  Summary                                  
ERROR     IMPIMEX-7331         1  Cannot identify the top cell name. The d...
*** Message Summary: 0 warning(s), 1 error(s)

**ERROR: (IMPSYT-6300):	Failed to execute command 'read_db'. For more details, refer to error message: **ERROR: (IMPIMEX-7331):	Cannot identify the top cell name. The design directory specified is not a valid directory generated by write_db command and therefore design can not be restored.

<CMD> encMessage warning 1
Un-suppress "**WARN ..." messages.
<CMD> encMessage debug 0
<CMD> encMessage warning 0
Suppress "**WARN ..." messages.
<CMD> encMessage debug 0
<CMD> read_db DATA/design_import.enc
**ERROR: (IMPIMEX-7331):	Cannot identify the top cell name. The design directory specified is not a valid directory generated by write_db command and therefore design can not be restored.

*** Summary of all messages that are not suppressed in this session:
Severity  ID               Count  Summary                                  
ERROR     IMPIMEX-7331         1  Cannot identify the top cell name. The d...
*** Message Summary: 0 warning(s), 1 error(s)

**ERROR: (IMPSYT-6300):	Failed to execute command 'read_db'. For more details, refer to error message: **ERROR: (IMPIMEX-7331):	Cannot identify the top cell name. The design directory specified is not a valid directory generated by write_db command and therefore design can not be restored.

<CMD> encMessage warning 1
Un-suppress "**WARN ..." messages.
<CMD> encMessage debug 0

--------------------------------------------------------------------------------
Exiting Innovus on Fri May 12 11:38:36 2023
  Total CPU time:     0:00:33
  Total real time:    0:02:17
  Peak memory (main): 766.49MB


*** Memory Usage v#1 (Current mem = 1010.270M, initial mem = 387.332M) ***
*** Message Summary: 1 warning(s), 8 error(s)

--- Ending "Innovus" (totcpu=0:00:33.5, real=0:02:15, mem=1010.3M) ---
