Status keys: E excellent, G good, B bad, T terrible.
Memory values:
  total = Real memory of host
  progs = Real memory used by processes, including swappable cache
  used =  Real memory used by processes, excluding swappable cache
Started at: 23/05/19 12:51:16
f453_server(0)    TMPDIR is : /tmp/innovus_temp_31626_f453_server_C108110249_Ebo7RE

===============  ========  ========================  ========================
Host             CPU         Memory (GB)             TMPDIR (GB)      (Mb/s)
name(id)         util %    total progs used  %used   total    avail    rate            
===============  ========  ===== ===== ===== ======  ========================
Status keys: E excellent, G good, B bad, T terrible.
Memory values:
  total = Real memory of host
  progs = Real memory used by processes, including swappable cache
  used =  Real memory used by processes, excluding swappable cache
Started at: 23/05/19 12:51:16
f453_server(0)    TMPDIR is : /tmp/innovus_temp_31626_f453_server_C108110249_Ebo7RE

===============  ========  ========================  ========================
Host             CPU         Memory (GB)             TMPDIR (GB)      (Mb/s)
name(id)         util %    total progs used  %used   total    avail    rate            
===============  ========  ===== ===== ===== ======  ========================
12:51:16
f453_server(0)        5 E    125    75    65   52 E 1164.76   231.52 E  N/A
12:52:16
f453_server(0)        9 E    125    75    65   52 E 1164.76   231.54 E  233 G
12:53:16
f453_server(0)        8 E    125    76    66   52 E 1164.76   231.54 E  233 G
12:54:16
f453_server(0)        8 E    125    75    65   52 E 1164.76   231.54 E  233 G
12:55:16
f453_server(0)        6 E    125    75    65   52 E 1164.76   231.54 E  233 G
12:56:16
f453_server(0)       11 E    125    82    71   56 E 1164.76   230.48 E  233 G
f453_server(1)       11 E    125    82    71   56 E 1164.76   230.48 E   70 B
f453_server(2)       11 E    125    82    71   56 E 1164.76   230.48 E   62 B
f453_server(3)       11 E    125    82    71   56 E 1164.76   230.48 E   60 B
f453_server(4)       11 E    125    82    71   56 E 1164.76   230.48 E   33 T
f453_server(5)       11 E    125    82    71   56 E 1164.76   230.48 E   61 B
f453_server(6)       11 E    125    82    71   56 E 1164.76   230.48 E   66 B
12:57:32
f453_server(0)        9 E    125    75    65   52 E 1164.76   231.53 E  238 G
12:58:32
f453_server(0)       12 E    125    75    65   52 E 1164.76   231.50 E  238 G
12:59:32
f453_server(0)        9 E    125    75    65   52 E 1164.76   231.54 E  238 G
13:00:32
f453_server(0)        8 E    125    75    65   52 E 1164.76   231.54 E  238 G
13:01:32
f453_server(0)        8 E    125    75    65   52 E 1164.76   231.54 E  235 G
13:02:32
f453_server(0)        9 E    125    75    65   52 E 1164.76   231.54 E  235 G
13:03:32
f453_server(0)        8 E    125    75    65   52 E 1164.76   231.54 E  235 G
13:04:32
f453_server(0)        9 E    125    75    65   52 E 1164.76   231.52 E  235 G
13:05:32
f453_server(0)        8 E    125    75    65   52 E 1164.76   231.52 E  235 G
13:06:32
f453_server(0)        8 E    125    75    65   52 E 1164.76   231.52 E  255 E
13:07:32
f453_server(0)        9 E    125    75    65   52 E 1164.76   231.52 E  255 E
13:08:32
f453_server(0)        8 E    125    75    65   52 E 1164.76   231.52 E  255 E
13:09:32
f453_server(0)        8 E    125    75    65   52 E 1164.76   231.52 E  255 E
13:10:32
f453_server(0)        8 E    125    75    65   52 E 1164.76   231.50 E  255 E
13:11:33
f453_server(0)        8 E    125    75    65   52 E 1164.76   231.52 E  234 G
13:12:33
f453_server(0)        8 E    125    75    65   52 E 1164.76   231.52 E  234 G
13:13:33
f453_server(0)        8 E    125    75    65   52 E 1164.76   231.53 E  234 G
13:14:33
f453_server(0)        7 E    125    75    65   52 E 1164.76   231.53 E  234 G
13:15:33
f453_server(0)        8 E    125    75    65   52 E 1164.76   231.49 E  234 G
13:16:33
f453_server(0)        7 E    125    75    65   52 E 1164.76   231.52 E  230 G
13:17:33
f453_server(0)        7 E    125    75    65   52 E 1164.76   231.50 E  230 G
13:18:33
f453_server(0)        7 E    125    75    65   52 E 1164.76   231.52 E  230 G
13:19:33
f453_server(0)        8 E    125    75    65   52 E 1164.76   231.50 E  230 G
13:20:33
f453_server(0)        6 E    125    75    65   52 E 1164.76   231.50 E  230 G
13:21:33
f453_server(0)        6 E    125    75    65   52 E 1164.76   231.49 E  236 G
13:22:33
f453_server(0)        5 E    125    75    65   52 E 1164.76   231.49 E  236 G
13:23:33
f453_server(0)        5 E    125    75    65   52 E 1164.76   231.49 E  236 G
13:24:33
f453_server(0)        5 E    125    75    65   52 E 1164.76   231.49 E  236 G
13:25:33
f453_server(0)        5 E    125    75    65   52 E 1164.76   231.49 E  236 G
13:26:33
f453_server(0)        5 E    125    75    65   52 E 1164.76   231.49 E  231 G
13:27:33
f453_server(0)        5 E    125    75    65   52 E 1164.76   231.49 E  231 G
13:28:33
f453_server(0)        4 E    125    75    65   52 E 1164.76   231.49 E  231 G
13:29:33
f453_server(0)        4 E    125    75    65   52 E 1164.76   231.49 E  231 G
13:30:33
f453_server(0)        3 E    125    75    65   52 E 1164.76   231.49 E  231 G
13:31:33
f453_server(0)        5 E    125    75    65   52 E 1164.76   231.49 E  238 G
13:32:33
f453_server(0)        5 E    125    75    65   52 E 1164.76   231.49 E  238 G
13:33:33
f453_server(0)        5 E    125    75    65   52 E 1164.76   231.47 E  238 G
13:34:33
f453_server(0)        4 E    125    75    65   52 E 1164.76   231.47 E  238 G
